Archive member included to satisfy reference by file (symbol)

C:\Users\Wanderson\Documents\GitHub\projetosProjetistas\Lib_CMSISv1p30_LPC17xx\Debug\libCMSISv1p30_LPC17xx.a(system_LPC17xx.o)
                              ./src/main.o (SystemCoreClock)
C:\Users\Wanderson\Documents\GitHub\projetosProjetistas\Lib_EaBaseBoard\Debug\libLib_EaBaseBoard.a(light.o)
                              ./src/Sensor.o (light_init)
C:\Users\Wanderson\Documents\GitHub\projetosProjetistas\Lib_EaBaseBoard\Debug\libLib_EaBaseBoard.a(oled.o)
                              ./src/main.o (oled_init)
C:\Users\Wanderson\Documents\GitHub\projetosProjetistas\Lib_EaBaseBoard\Debug\libLib_EaBaseBoard.a(font5x7.o)
                              C:\Users\Wanderson\Documents\GitHub\projetosProjetistas\Lib_EaBaseBoard\Debug\libLib_EaBaseBoard.a(oled.o) (font5x7)
C:\Users\Wanderson\Documents\GitHub\projetosProjetistas\Lib_MCU\Debug\libLib_MCU.a(lpc17xx_gpio.o)
                              C:\Users\Wanderson\Documents\GitHub\projetosProjetistas\Lib_EaBaseBoard\Debug\libLib_EaBaseBoard.a(oled.o) (GPIO_SetDir)
C:\Users\Wanderson\Documents\GitHub\projetosProjetistas\Lib_MCU\Debug\libLib_MCU.a(lpc17xx_i2c.o)
                              ./src/Sensor.o (I2C_Init)
C:\Users\Wanderson\Documents\GitHub\projetosProjetistas\Lib_MCU\Debug\libLib_MCU.a(lpc17xx_pinsel.o)
                              ./src/Sensor.o (PINSEL_ConfigPin)
C:\Users\Wanderson\Documents\GitHub\projetosProjetistas\Lib_MCU\Debug\libLib_MCU.a(lpc17xx_ssp.o)
                              ./src/main.o (SSP_Init)
C:\Users\Wanderson\Documents\GitHub\projetosProjetistas\Lib_MCU\Debug\libLib_MCU.a(lpc17xx_timer.o)
                              ./src/main.o (Timer0_Wait)
C:\Users\Wanderson\Documents\GitHub\projetosProjetistas\Lib_MCU\Debug\libLib_MCU.a(lpc17xx_clkpwr.o)
                              C:\Users\Wanderson\Documents\GitHub\projetosProjetistas\Lib_MCU\Debug\libLib_MCU.a(lpc17xx_i2c.o) (CLKPWR_SetPCLKDiv)
c:/programas/nxp/lpcxpresso_8.2.0_647/lpcxpresso/tools/bin/../lib/gcc/arm-none-eabi/5.3.1/armv7-m\libgcc.a(_aeabi_uldivmod.o)
                              C:\Users\Wanderson\Documents\GitHub\projetosProjetistas\Lib_CMSISv1p30_LPC17xx\Debug\libCMSISv1p30_LPC17xx.a(system_LPC17xx.o) (__aeabi_uldivmod)
c:/programas/nxp/lpcxpresso_8.2.0_647/lpcxpresso/tools/bin/../lib/gcc/arm-none-eabi/5.3.1/armv7-m\libgcc.a(_udivmoddi4.o)
                              c:/programas/nxp/lpcxpresso_8.2.0_647/lpcxpresso/tools/bin/../lib/gcc/arm-none-eabi/5.3.1/armv7-m\libgcc.a(_aeabi_uldivmod.o) (__udivmoddi4)
c:/programas/nxp/lpcxpresso_8.2.0_647/lpcxpresso/tools/bin/../lib/gcc/arm-none-eabi/5.3.1/armv7-m\libgcc.a(_dvmd_tls.o)
                              c:/programas/nxp/lpcxpresso_8.2.0_647/lpcxpresso/tools/bin/../lib/gcc/arm-none-eabi/5.3.1/armv7-m\libgcc.a(_aeabi_uldivmod.o) (__aeabi_ldiv0)
c:/programas/nxp/lpcxpresso_8.2.0_647/lpcxpresso/tools/bin/../lib/gcc/arm-none-eabi/5.3.1/../../../../arm-none-eabi/lib/armv7-m\libc.a(lib_a-memset.o)
                              C:\Users\Wanderson\Documents\GitHub\projetosProjetistas\Lib_EaBaseBoard\Debug\libLib_EaBaseBoard.a(oled.o) (memset)

Allocating common symbols
Common symbol       size              file

ClassHandle         0x8               ./src/Sensor.o

Discarded input sections

 .group         0x00000000        0x8 ./src/Sensor.o
 .group         0x00000000        0x8 ./src/Sensor.o
 .group         0x00000000        0x8 ./src/Sensor.o
 .group         0x00000000        0x8 ./src/Sensor.o
 .group         0x00000000        0x8 ./src/Sensor.o
 .group         0x00000000        0x8 ./src/Sensor.o
 .group         0x00000000        0x8 ./src/Sensor.o
 .group         0x00000000        0x8 ./src/Sensor.o
 .group         0x00000000        0x8 ./src/Sensor.o
 .group         0x00000000        0x8 ./src/Sensor.o
 .group         0x00000000        0x8 ./src/Sensor.o
 .group         0x00000000        0x8 ./src/Sensor.o
 .group         0x00000000        0x8 ./src/Sensor.o
 .group         0x00000000        0x8 ./src/Sensor.o
 .group         0x00000000        0x8 ./src/Sensor.o
 .text          0x00000000        0x0 ./src/Sensor.o
 .data          0x00000000        0x0 ./src/Sensor.o
 .bss           0x00000000        0x0 ./src/Sensor.o
 .group         0x00000000        0x8 ./src/cr_startup_lpc17.o
 .group         0x00000000        0x8 ./src/cr_startup_lpc17.o
 .group         0x00000000        0x8 ./src/cr_startup_lpc17.o
 .group         0x00000000        0x8 ./src/cr_startup_lpc17.o
 .group         0x00000000        0x8 ./src/cr_startup_lpc17.o
 .group         0x00000000        0x8 ./src/cr_startup_lpc17.o
 .group         0x00000000        0x8 ./src/cr_startup_lpc17.o
 .text          0x00000000        0x0 ./src/cr_startup_lpc17.o
 .data          0x00000000        0x0 ./src/cr_startup_lpc17.o
 .bss           0x00000000        0x0 ./src/cr_startup_lpc17.o
 .text.SysTick_Handler
                0x00000000        0x8 ./src/cr_startup_lpc17.o
 .debug_macro   0x00000000      0x886 ./src/cr_startup_lpc17.o
 .debug_macro   0x00000000       0x22 ./src/cr_startup_lpc17.o
 .debug_macro   0x00000000       0x87 ./src/cr_startup_lpc17.o
 .debug_macro   0x00000000       0x44 ./src/cr_startup_lpc17.o
 .debug_macro   0x00000000       0xfd ./src/cr_startup_lpc17.o
 .debug_macro   0x00000000       0x22 ./src/cr_startup_lpc17.o
 .debug_macro   0x00000000      0x1df ./src/cr_startup_lpc17.o
 .group         0x00000000        0x8 ./src/main.o
 .group         0x00000000        0x8 ./src/main.o
 .group         0x00000000        0x8 ./src/main.o
 .group         0x00000000        0x8 ./src/main.o
 .group         0x00000000        0x8 ./src/main.o
 .group         0x00000000        0x8 ./src/main.o
 .group         0x00000000        0x8 ./src/main.o
 .group         0x00000000        0x8 ./src/main.o
 .group         0x00000000        0x8 ./src/main.o
 .group         0x00000000        0x8 ./src/main.o
 .group         0x00000000        0x8 ./src/main.o
 .group         0x00000000        0x8 ./src/main.o
 .group         0x00000000        0x8 ./src/main.o
 .group         0x00000000        0x8 ./src/main.o
 .group         0x00000000        0x8 ./src/main.o
 .group         0x00000000        0x8 ./src/main.o
 .group         0x00000000        0x8 ./src/main.o
 .group         0x00000000        0x8 ./src/main.o
 .group         0x00000000        0x8 ./src/main.o
 .text          0x00000000        0x0 ./src/main.o
 .text.getTicks
                0x00000000       0x14 ./src/main.o
 .text.init_ssp
                0x00000000       0x78 ./src/main.o
 .debug_macro   0x00000000      0x886 ./src/main.o
 .debug_macro   0x00000000       0x1c ./src/main.o
 .debug_macro   0x00000000       0x22 ./src/main.o
 .debug_macro   0x00000000       0x22 ./src/main.o
 .debug_macro   0x00000000       0x87 ./src/main.o
 .debug_macro   0x00000000       0x44 ./src/main.o
 .debug_macro   0x00000000       0xfd ./src/main.o
 .debug_macro   0x00000000       0x22 ./src/main.o
 .debug_macro   0x00000000      0x1df ./src/main.o
 .debug_macro   0x00000000      0x7b7 ./src/main.o
 .debug_macro   0x00000000      0x2c7 ./src/main.o
 .debug_macro   0x00000000       0x63 ./src/main.o
 .debug_macro   0x00000000      0x143 ./src/main.o
 .debug_macro   0x00000000      0x192 ./src/main.o
 .debug_macro   0x00000000       0x46 ./src/main.o
 .group         0x00000000        0x8 C:\Users\Wanderson\Documents\GitHub\projetosProjetistas\Lib_CMSISv1p30_LPC17xx\Debug\libCMSISv1p30_LPC17xx.a(system_LPC17xx.o)
 .group         0x00000000        0x8 C:\Users\Wanderson\Documents\GitHub\projetosProjetistas\Lib_CMSISv1p30_LPC17xx\Debug\libCMSISv1p30_LPC17xx.a(system_LPC17xx.o)
 .group         0x00000000        0x8 C:\Users\Wanderson\Documents\GitHub\projetosProjetistas\Lib_CMSISv1p30_LPC17xx\Debug\libCMSISv1p30_LPC17xx.a(system_LPC17xx.o)
 .group         0x00000000        0x8 C:\Users\Wanderson\Documents\GitHub\projetosProjetistas\Lib_CMSISv1p30_LPC17xx\Debug\libCMSISv1p30_LPC17xx.a(system_LPC17xx.o)
 .group         0x00000000        0x8 C:\Users\Wanderson\Documents\GitHub\projetosProjetistas\Lib_CMSISv1p30_LPC17xx\Debug\libCMSISv1p30_LPC17xx.a(system_LPC17xx.o)
 .group         0x00000000        0x8 C:\Users\Wanderson\Documents\GitHub\projetosProjetistas\Lib_CMSISv1p30_LPC17xx\Debug\libCMSISv1p30_LPC17xx.a(system_LPC17xx.o)
 .group         0x00000000        0x8 C:\Users\Wanderson\Documents\GitHub\projetosProjetistas\Lib_CMSISv1p30_LPC17xx\Debug\libCMSISv1p30_LPC17xx.a(system_LPC17xx.o)
 .text          0x00000000        0x0 C:\Users\Wanderson\Documents\GitHub\projetosProjetistas\Lib_CMSISv1p30_LPC17xx\Debug\libCMSISv1p30_LPC17xx.a(system_LPC17xx.o)
 .bss           0x00000000        0x0 C:\Users\Wanderson\Documents\GitHub\projetosProjetistas\Lib_CMSISv1p30_LPC17xx\Debug\libCMSISv1p30_LPC17xx.a(system_LPC17xx.o)
 .text.SystemCoreClockUpdate
                0x00000000      0x284 C:\Users\Wanderson\Documents\GitHub\projetosProjetistas\Lib_CMSISv1p30_LPC17xx\Debug\libCMSISv1p30_LPC17xx.a(system_LPC17xx.o)
 .debug_macro   0x00000000       0x1c C:\Users\Wanderson\Documents\GitHub\projetosProjetistas\Lib_CMSISv1p30_LPC17xx\Debug\libCMSISv1p30_LPC17xx.a(system_LPC17xx.o)
 .debug_macro   0x00000000      0x2c7 C:\Users\Wanderson\Documents\GitHub\projetosProjetistas\Lib_CMSISv1p30_LPC17xx\Debug\libCMSISv1p30_LPC17xx.a(system_LPC17xx.o)
 .group         0x00000000        0x8 C:\Users\Wanderson\Documents\GitHub\projetosProjetistas\Lib_EaBaseBoard\Debug\libLib_EaBaseBoard.a(light.o)
 .group         0x00000000        0x8 C:\Users\Wanderson\Documents\GitHub\projetosProjetistas\Lib_EaBaseBoard\Debug\libLib_EaBaseBoard.a(light.o)
 .group         0x00000000        0x8 C:\Users\Wanderson\Documents\GitHub\projetosProjetistas\Lib_EaBaseBoard\Debug\libLib_EaBaseBoard.a(light.o)
 .group         0x00000000        0x8 C:\Users\Wanderson\Documents\GitHub\projetosProjetistas\Lib_EaBaseBoard\Debug\libLib_EaBaseBoard.a(light.o)
 .group         0x00000000        0x8 C:\Users\Wanderson\Documents\GitHub\projetosProjetistas\Lib_EaBaseBoard\Debug\libLib_EaBaseBoard.a(light.o)
 .group         0x00000000        0x8 C:\Users\Wanderson\Documents\GitHub\projetosProjetistas\Lib_EaBaseBoard\Debug\libLib_EaBaseBoard.a(light.o)
 .group         0x00000000        0x8 C:\Users\Wanderson\Documents\GitHub\projetosProjetistas\Lib_EaBaseBoard\Debug\libLib_EaBaseBoard.a(light.o)
 .group         0x00000000        0x8 C:\Users\Wanderson\Documents\GitHub\projetosProjetistas\Lib_EaBaseBoard\Debug\libLib_EaBaseBoard.a(light.o)
 .group         0x00000000        0x8 C:\Users\Wanderson\Documents\GitHub\projetosProjetistas\Lib_EaBaseBoard\Debug\libLib_EaBaseBoard.a(light.o)
 .group         0x00000000        0x8 C:\Users\Wanderson\Documents\GitHub\projetosProjetistas\Lib_EaBaseBoard\Debug\libLib_EaBaseBoard.a(light.o)
 .text          0x00000000        0x0 C:\Users\Wanderson\Documents\GitHub\projetosProjetistas\Lib_EaBaseBoard\Debug\libLib_EaBaseBoard.a(light.o)
 .bss           0x00000000        0x0 C:\Users\Wanderson\Documents\GitHub\projetosProjetistas\Lib_EaBaseBoard\Debug\libLib_EaBaseBoard.a(light.o)
 .text.readCommandReg
                0x00000000       0x2c C:\Users\Wanderson\Documents\GitHub\projetosProjetistas\Lib_EaBaseBoard\Debug\libLib_EaBaseBoard.a(light.o)
 .text.light_setMode
                0x00000000       0x48 C:\Users\Wanderson\Documents\GitHub\projetosProjetistas\Lib_EaBaseBoard\Debug\libLib_EaBaseBoard.a(light.o)
 .text.light_setWidth
                0x00000000       0x88 C:\Users\Wanderson\Documents\GitHub\projetosProjetistas\Lib_EaBaseBoard\Debug\libLib_EaBaseBoard.a(light.o)
 .text.light_setHiThreshold
                0x00000000       0x4c C:\Users\Wanderson\Documents\GitHub\projetosProjetistas\Lib_EaBaseBoard\Debug\libLib_EaBaseBoard.a(light.o)
 .text.light_setLoThreshold
                0x00000000       0x4c C:\Users\Wanderson\Documents\GitHub\projetosProjetistas\Lib_EaBaseBoard\Debug\libLib_EaBaseBoard.a(light.o)
 .text.light_setIrqInCycles
                0x00000000       0x40 C:\Users\Wanderson\Documents\GitHub\projetosProjetistas\Lib_EaBaseBoard\Debug\libLib_EaBaseBoard.a(light.o)
 .text.light_getIrqStatus
                0x00000000       0x28 C:\Users\Wanderson\Documents\GitHub\projetosProjetistas\Lib_EaBaseBoard\Debug\libLib_EaBaseBoard.a(light.o)
 .text.light_clearIrqStatus
                0x00000000       0x34 C:\Users\Wanderson\Documents\GitHub\projetosProjetistas\Lib_EaBaseBoard\Debug\libLib_EaBaseBoard.a(light.o)
 .text.light_shutdown
                0x00000000       0x50 C:\Users\Wanderson\Documents\GitHub\projetosProjetistas\Lib_EaBaseBoard\Debug\libLib_EaBaseBoard.a(light.o)
 .debug_macro   0x00000000      0x880 C:\Users\Wanderson\Documents\GitHub\projetosProjetistas\Lib_EaBaseBoard\Debug\libLib_EaBaseBoard.a(light.o)
 .debug_macro   0x00000000       0x1c C:\Users\Wanderson\Documents\GitHub\projetosProjetistas\Lib_EaBaseBoard\Debug\libLib_EaBaseBoard.a(light.o)
 .debug_macro   0x00000000       0x22 C:\Users\Wanderson\Documents\GitHub\projetosProjetistas\Lib_EaBaseBoard\Debug\libLib_EaBaseBoard.a(light.o)
 .debug_macro   0x00000000       0x10 C:\Users\Wanderson\Documents\GitHub\projetosProjetistas\Lib_EaBaseBoard\Debug\libLib_EaBaseBoard.a(light.o)
 .debug_macro   0x00000000      0x12d C:\Users\Wanderson\Documents\GitHub\projetosProjetistas\Lib_EaBaseBoard\Debug\libLib_EaBaseBoard.a(light.o)
 .debug_macro   0x00000000      0x5b2 C:\Users\Wanderson\Documents\GitHub\projetosProjetistas\Lib_EaBaseBoard\Debug\libLib_EaBaseBoard.a(light.o)
 .debug_macro   0x00000000      0x7b7 C:\Users\Wanderson\Documents\GitHub\projetosProjetistas\Lib_EaBaseBoard\Debug\libLib_EaBaseBoard.a(light.o)
 .debug_macro   0x00000000      0x2c7 C:\Users\Wanderson\Documents\GitHub\projetosProjetistas\Lib_EaBaseBoard\Debug\libLib_EaBaseBoard.a(light.o)
 .debug_macro   0x00000000       0x63 C:\Users\Wanderson\Documents\GitHub\projetosProjetistas\Lib_EaBaseBoard\Debug\libLib_EaBaseBoard.a(light.o)
 .group         0x00000000        0x8 C:\Users\Wanderson\Documents\GitHub\projetosProjetistas\Lib_EaBaseBoard\Debug\libLib_EaBaseBoard.a(oled.o)
 .group         0x00000000        0x8 C:\Users\Wanderson\Documents\GitHub\projetosProjetistas\Lib_EaBaseBoard\Debug\libLib_EaBaseBoard.a(oled.o)
 .group         0x00000000        0x8 C:\Users\Wanderson\Documents\GitHub\projetosProjetistas\Lib_EaBaseBoard\Debug\libLib_EaBaseBoard.a(oled.o)
 .group         0x00000000        0x8 C:\Users\Wanderson\Documents\GitHub\projetosProjetistas\Lib_EaBaseBoard\Debug\libLib_EaBaseBoard.a(oled.o)
 .group         0x00000000        0x8 C:\Users\Wanderson\Documents\GitHub\projetosProjetistas\Lib_EaBaseBoard\Debug\libLib_EaBaseBoard.a(oled.o)
 .group         0x00000000        0x8 C:\Users\Wanderson\Documents\GitHub\projetosProjetistas\Lib_EaBaseBoard\Debug\libLib_EaBaseBoard.a(oled.o)
 .group         0x00000000        0x8 C:\Users\Wanderson\Documents\GitHub\projetosProjetistas\Lib_EaBaseBoard\Debug\libLib_EaBaseBoard.a(oled.o)
 .group         0x00000000        0x8 C:\Users\Wanderson\Documents\GitHub\projetosProjetistas\Lib_EaBaseBoard\Debug\libLib_EaBaseBoard.a(oled.o)
 .group         0x00000000        0x8 C:\Users\Wanderson\Documents\GitHub\projetosProjetistas\Lib_EaBaseBoard\Debug\libLib_EaBaseBoard.a(oled.o)
 .group         0x00000000        0x8 C:\Users\Wanderson\Documents\GitHub\projetosProjetistas\Lib_EaBaseBoard\Debug\libLib_EaBaseBoard.a(oled.o)
 .group         0x00000000        0x8 C:\Users\Wanderson\Documents\GitHub\projetosProjetistas\Lib_EaBaseBoard\Debug\libLib_EaBaseBoard.a(oled.o)
 .group         0x00000000        0x8 C:\Users\Wanderson\Documents\GitHub\projetosProjetistas\Lib_EaBaseBoard\Debug\libLib_EaBaseBoard.a(oled.o)
 .group         0x00000000        0x8 C:\Users\Wanderson\Documents\GitHub\projetosProjetistas\Lib_EaBaseBoard\Debug\libLib_EaBaseBoard.a(oled.o)
 .text          0x00000000        0x0 C:\Users\Wanderson\Documents\GitHub\projetosProjetistas\Lib_EaBaseBoard\Debug\libLib_EaBaseBoard.a(oled.o)
 .data          0x00000000        0x0 C:\Users\Wanderson\Documents\GitHub\projetosProjetistas\Lib_EaBaseBoard\Debug\libLib_EaBaseBoard.a(oled.o)
 .text.oled_line
                0x00000000      0x1b8 C:\Users\Wanderson\Documents\GitHub\projetosProjetistas\Lib_EaBaseBoard\Debug\libLib_EaBaseBoard.a(oled.o)
 .text.oled_circle
                0x00000000      0x340 C:\Users\Wanderson\Documents\GitHub\projetosProjetistas\Lib_EaBaseBoard\Debug\libLib_EaBaseBoard.a(oled.o)
 .text.oled_rect
                0x00000000       0x58 C:\Users\Wanderson\Documents\GitHub\projetosProjetistas\Lib_EaBaseBoard\Debug\libLib_EaBaseBoard.a(oled.o)
 .debug_macro   0x00000000      0x880 C:\Users\Wanderson\Documents\GitHub\projetosProjetistas\Lib_EaBaseBoard\Debug\libLib_EaBaseBoard.a(oled.o)
 .debug_macro   0x00000000       0x10 C:\Users\Wanderson\Documents\GitHub\projetosProjetistas\Lib_EaBaseBoard\Debug\libLib_EaBaseBoard.a(oled.o)
 .debug_macro   0x00000000      0x12d C:\Users\Wanderson\Documents\GitHub\projetosProjetistas\Lib_EaBaseBoard\Debug\libLib_EaBaseBoard.a(oled.o)
 .debug_macro   0x00000000       0x1c C:\Users\Wanderson\Documents\GitHub\projetosProjetistas\Lib_EaBaseBoard\Debug\libLib_EaBaseBoard.a(oled.o)
 .debug_macro   0x00000000       0x22 C:\Users\Wanderson\Documents\GitHub\projetosProjetistas\Lib_EaBaseBoard\Debug\libLib_EaBaseBoard.a(oled.o)
 .debug_macro   0x00000000      0x5b2 C:\Users\Wanderson\Documents\GitHub\projetosProjetistas\Lib_EaBaseBoard\Debug\libLib_EaBaseBoard.a(oled.o)
 .debug_macro   0x00000000      0x7b7 C:\Users\Wanderson\Documents\GitHub\projetosProjetistas\Lib_EaBaseBoard\Debug\libLib_EaBaseBoard.a(oled.o)
 .debug_macro   0x00000000      0x2c7 C:\Users\Wanderson\Documents\GitHub\projetosProjetistas\Lib_EaBaseBoard\Debug\libLib_EaBaseBoard.a(oled.o)
 .debug_macro   0x00000000      0x192 C:\Users\Wanderson\Documents\GitHub\projetosProjetistas\Lib_EaBaseBoard\Debug\libLib_EaBaseBoard.a(oled.o)
 .debug_macro   0x00000000      0x2af C:\Users\Wanderson\Documents\GitHub\projetosProjetistas\Lib_EaBaseBoard\Debug\libLib_EaBaseBoard.a(oled.o)
 .debug_macro   0x00000000       0x16 C:\Users\Wanderson\Documents\GitHub\projetosProjetistas\Lib_EaBaseBoard\Debug\libLib_EaBaseBoard.a(oled.o)
 .group         0x00000000        0x8 C:\Users\Wanderson\Documents\GitHub\projetosProjetistas\Lib_EaBaseBoard\Debug\libLib_EaBaseBoard.a(font5x7.o)
 .group         0x00000000        0x8 C:\Users\Wanderson\Documents\GitHub\projetosProjetistas\Lib_EaBaseBoard\Debug\libLib_EaBaseBoard.a(font5x7.o)
 .text          0x00000000        0x0 C:\Users\Wanderson\Documents\GitHub\projetosProjetistas\Lib_EaBaseBoard\Debug\libLib_EaBaseBoard.a(font5x7.o)
 .data          0x00000000        0x0 C:\Users\Wanderson\Documents\GitHub\projetosProjetistas\Lib_EaBaseBoard\Debug\libLib_EaBaseBoard.a(font5x7.o)
 .bss           0x00000000        0x0 C:\Users\Wanderson\Documents\GitHub\projetosProjetistas\Lib_EaBaseBoard\Debug\libLib_EaBaseBoard.a(font5x7.o)
 .debug_macro   0x00000000      0x880 C:\Users\Wanderson\Documents\GitHub\projetosProjetistas\Lib_EaBaseBoard\Debug\libLib_EaBaseBoard.a(font5x7.o)
 .group         0x00000000        0x8 C:\Users\Wanderson\Documents\GitHub\projetosProjetistas\Lib_MCU\Debug\libLib_MCU.a(lpc17xx_gpio.o)
 .group         0x00000000        0x8 C:\Users\Wanderson\Documents\GitHub\projetosProjetistas\Lib_MCU\Debug\libLib_MCU.a(lpc17xx_gpio.o)
 .group         0x00000000        0x8 C:\Users\Wanderson\Documents\GitHub\projetosProjetistas\Lib_MCU\Debug\libLib_MCU.a(lpc17xx_gpio.o)
 .group         0x00000000        0x8 C:\Users\Wanderson\Documents\GitHub\projetosProjetistas\Lib_MCU\Debug\libLib_MCU.a(lpc17xx_gpio.o)
 .group         0x00000000        0x8 C:\Users\Wanderson\Documents\GitHub\projetosProjetistas\Lib_MCU\Debug\libLib_MCU.a(lpc17xx_gpio.o)
 .group         0x00000000        0x8 C:\Users\Wanderson\Documents\GitHub\projetosProjetistas\Lib_MCU\Debug\libLib_MCU.a(lpc17xx_gpio.o)
 .group         0x00000000        0x8 C:\Users\Wanderson\Documents\GitHub\projetosProjetistas\Lib_MCU\Debug\libLib_MCU.a(lpc17xx_gpio.o)
 .group         0x00000000        0x8 C:\Users\Wanderson\Documents\GitHub\projetosProjetistas\Lib_MCU\Debug\libLib_MCU.a(lpc17xx_gpio.o)
 .group         0x00000000        0x8 C:\Users\Wanderson\Documents\GitHub\projetosProjetistas\Lib_MCU\Debug\libLib_MCU.a(lpc17xx_gpio.o)
 .group         0x00000000        0x8 C:\Users\Wanderson\Documents\GitHub\projetosProjetistas\Lib_MCU\Debug\libLib_MCU.a(lpc17xx_gpio.o)
 .group         0x00000000        0x8 C:\Users\Wanderson\Documents\GitHub\projetosProjetistas\Lib_MCU\Debug\libLib_MCU.a(lpc17xx_gpio.o)
 .text          0x00000000        0x0 C:\Users\Wanderson\Documents\GitHub\projetosProjetistas\Lib_MCU\Debug\libLib_MCU.a(lpc17xx_gpio.o)
 .data          0x00000000        0x0 C:\Users\Wanderson\Documents\GitHub\projetosProjetistas\Lib_MCU\Debug\libLib_MCU.a(lpc17xx_gpio.o)
 .bss           0x00000000        0x0 C:\Users\Wanderson\Documents\GitHub\projetosProjetistas\Lib_MCU\Debug\libLib_MCU.a(lpc17xx_gpio.o)
 .text.FIO_HalfWordGetPointer
                0x00000000       0x70 C:\Users\Wanderson\Documents\GitHub\projetosProjetistas\Lib_MCU\Debug\libLib_MCU.a(lpc17xx_gpio.o)
 .text.FIO_ByteGetPointer
                0x00000000       0x70 C:\Users\Wanderson\Documents\GitHub\projetosProjetistas\Lib_MCU\Debug\libLib_MCU.a(lpc17xx_gpio.o)
 .text.GPIO_ReadValue
                0x00000000       0x2c C:\Users\Wanderson\Documents\GitHub\projetosProjetistas\Lib_MCU\Debug\libLib_MCU.a(lpc17xx_gpio.o)
 .text.FIO_SetDir
                0x00000000       0x24 C:\Users\Wanderson\Documents\GitHub\projetosProjetistas\Lib_MCU\Debug\libLib_MCU.a(lpc17xx_gpio.o)
 .text.FIO_SetValue
                0x00000000       0x20 C:\Users\Wanderson\Documents\GitHub\projetosProjetistas\Lib_MCU\Debug\libLib_MCU.a(lpc17xx_gpio.o)
 .text.FIO_ClearValue
                0x00000000       0x20 C:\Users\Wanderson\Documents\GitHub\projetosProjetistas\Lib_MCU\Debug\libLib_MCU.a(lpc17xx_gpio.o)
 .text.FIO_ReadValue
                0x00000000       0x1c C:\Users\Wanderson\Documents\GitHub\projetosProjetistas\Lib_MCU\Debug\libLib_MCU.a(lpc17xx_gpio.o)
 .text.FIO_SetMask
                0x00000000       0x4c C:\Users\Wanderson\Documents\GitHub\projetosProjetistas\Lib_MCU\Debug\libLib_MCU.a(lpc17xx_gpio.o)
 .text.FIO_HalfWordSetDir
                0x00000000       0xa4 C:\Users\Wanderson\Documents\GitHub\projetosProjetistas\Lib_MCU\Debug\libLib_MCU.a(lpc17xx_gpio.o)
 .text.FIO_HalfWordSetMask
                0x00000000       0xa4 C:\Users\Wanderson\Documents\GitHub\projetosProjetistas\Lib_MCU\Debug\libLib_MCU.a(lpc17xx_gpio.o)
 .text.FIO_HalfWordSetValue
                0x00000000       0x40 C:\Users\Wanderson\Documents\GitHub\projetosProjetistas\Lib_MCU\Debug\libLib_MCU.a(lpc17xx_gpio.o)
 .text.FIO_HalfWordClearValue
                0x00000000       0x40 C:\Users\Wanderson\Documents\GitHub\projetosProjetistas\Lib_MCU\Debug\libLib_MCU.a(lpc17xx_gpio.o)
 .text.FIO_HalfWordReadValue
                0x00000000       0x40 C:\Users\Wanderson\Documents\GitHub\projetosProjetistas\Lib_MCU\Debug\libLib_MCU.a(lpc17xx_gpio.o)
 .text.FIO_ByteSetDir
                0x00000000       0x7c C:\Users\Wanderson\Documents\GitHub\projetosProjetistas\Lib_MCU\Debug\libLib_MCU.a(lpc17xx_gpio.o)
 .text.FIO_ByteSetMask
                0x00000000       0x88 C:\Users\Wanderson\Documents\GitHub\projetosProjetistas\Lib_MCU\Debug\libLib_MCU.a(lpc17xx_gpio.o)
 .text.FIO_ByteSetValue
                0x00000000       0x3c C:\Users\Wanderson\Documents\GitHub\projetosProjetistas\Lib_MCU\Debug\libLib_MCU.a(lpc17xx_gpio.o)
 .text.FIO_ByteClearValue
                0x00000000       0x3c C:\Users\Wanderson\Documents\GitHub\projetosProjetistas\Lib_MCU\Debug\libLib_MCU.a(lpc17xx_gpio.o)
 .text.FIO_ByteReadValue
                0x00000000       0x3c C:\Users\Wanderson\Documents\GitHub\projetosProjetistas\Lib_MCU\Debug\libLib_MCU.a(lpc17xx_gpio.o)
 .debug_macro   0x00000000      0x880 C:\Users\Wanderson\Documents\GitHub\projetosProjetistas\Lib_MCU\Debug\libLib_MCU.a(lpc17xx_gpio.o)
 .debug_macro   0x00000000       0x1c C:\Users\Wanderson\Documents\GitHub\projetosProjetistas\Lib_MCU\Debug\libLib_MCU.a(lpc17xx_gpio.o)
 .debug_macro   0x00000000       0x22 C:\Users\Wanderson\Documents\GitHub\projetosProjetistas\Lib_MCU\Debug\libLib_MCU.a(lpc17xx_gpio.o)
 .debug_macro   0x00000000       0x10 C:\Users\Wanderson\Documents\GitHub\projetosProjetistas\Lib_MCU\Debug\libLib_MCU.a(lpc17xx_gpio.o)
 .debug_macro   0x00000000      0x12d C:\Users\Wanderson\Documents\GitHub\projetosProjetistas\Lib_MCU\Debug\libLib_MCU.a(lpc17xx_gpio.o)
 .debug_macro   0x00000000      0x5b2 C:\Users\Wanderson\Documents\GitHub\projetosProjetistas\Lib_MCU\Debug\libLib_MCU.a(lpc17xx_gpio.o)
 .debug_macro   0x00000000      0x7b7 C:\Users\Wanderson\Documents\GitHub\projetosProjetistas\Lib_MCU\Debug\libLib_MCU.a(lpc17xx_gpio.o)
 .debug_macro   0x00000000      0x2c7 C:\Users\Wanderson\Documents\GitHub\projetosProjetistas\Lib_MCU\Debug\libLib_MCU.a(lpc17xx_gpio.o)
 .debug_macro   0x00000000       0x63 C:\Users\Wanderson\Documents\GitHub\projetosProjetistas\Lib_MCU\Debug\libLib_MCU.a(lpc17xx_gpio.o)
 .debug_macro   0x00000000       0x40 C:\Users\Wanderson\Documents\GitHub\projetosProjetistas\Lib_MCU\Debug\libLib_MCU.a(lpc17xx_gpio.o)
 .group         0x00000000        0x8 C:\Users\Wanderson\Documents\GitHub\projetosProjetistas\Lib_MCU\Debug\libLib_MCU.a(lpc17xx_i2c.o)
 .group         0x00000000        0x8 C:\Users\Wanderson\Documents\GitHub\projetosProjetistas\Lib_MCU\Debug\libLib_MCU.a(lpc17xx_i2c.o)
 .group         0x00000000        0x8 C:\Users\Wanderson\Documents\GitHub\projetosProjetistas\Lib_MCU\Debug\libLib_MCU.a(lpc17xx_i2c.o)
 .group         0x00000000        0x8 C:\Users\Wanderson\Documents\GitHub\projetosProjetistas\Lib_MCU\Debug\libLib_MCU.a(lpc17xx_i2c.o)
 .group         0x00000000        0x8 C:\Users\Wanderson\Documents\GitHub\projetosProjetistas\Lib_MCU\Debug\libLib_MCU.a(lpc17xx_i2c.o)
 .group         0x00000000        0x8 C:\Users\Wanderson\Documents\GitHub\projetosProjetistas\Lib_MCU\Debug\libLib_MCU.a(lpc17xx_i2c.o)
 .group         0x00000000        0x8 C:\Users\Wanderson\Documents\GitHub\projetosProjetistas\Lib_MCU\Debug\libLib_MCU.a(lpc17xx_i2c.o)
 .group         0x00000000        0x8 C:\Users\Wanderson\Documents\GitHub\projetosProjetistas\Lib_MCU\Debug\libLib_MCU.a(lpc17xx_i2c.o)
 .group         0x00000000        0x8 C:\Users\Wanderson\Documents\GitHub\projetosProjetistas\Lib_MCU\Debug\libLib_MCU.a(lpc17xx_i2c.o)
 .group         0x00000000        0x8 C:\Users\Wanderson\Documents\GitHub\projetosProjetistas\Lib_MCU\Debug\libLib_MCU.a(lpc17xx_i2c.o)
 .group         0x00000000        0x8 C:\Users\Wanderson\Documents\GitHub\projetosProjetistas\Lib_MCU\Debug\libLib_MCU.a(lpc17xx_i2c.o)
 .group         0x00000000        0x8 C:\Users\Wanderson\Documents\GitHub\projetosProjetistas\Lib_MCU\Debug\libLib_MCU.a(lpc17xx_i2c.o)
 .group         0x00000000        0x8 C:\Users\Wanderson\Documents\GitHub\projetosProjetistas\Lib_MCU\Debug\libLib_MCU.a(lpc17xx_i2c.o)
 .text          0x00000000        0x0 C:\Users\Wanderson\Documents\GitHub\projetosProjetistas\Lib_MCU\Debug\libLib_MCU.a(lpc17xx_i2c.o)
 .data          0x00000000        0x0 C:\Users\Wanderson\Documents\GitHub\projetosProjetistas\Lib_MCU\Debug\libLib_MCU.a(lpc17xx_i2c.o)
 .text.I2C_SlaveHandler
                0x00000000      0x1ac C:\Users\Wanderson\Documents\GitHub\projetosProjetistas\Lib_MCU\Debug\libLib_MCU.a(lpc17xx_i2c.o)
 .text.I2C_DeInit
                0x00000000       0x80 C:\Users\Wanderson\Documents\GitHub\projetosProjetistas\Lib_MCU\Debug\libLib_MCU.a(lpc17xx_i2c.o)
 .text.I2C_SlaveTransferData
                0x00000000      0x218 C:\Users\Wanderson\Documents\GitHub\projetosProjetistas\Lib_MCU\Debug\libLib_MCU.a(lpc17xx_i2c.o)
 .text.I2C_SetOwnSlaveAddr
                0x00000000       0xfc C:\Users\Wanderson\Documents\GitHub\projetosProjetistas\Lib_MCU\Debug\libLib_MCU.a(lpc17xx_i2c.o)
 .text.I2C_MonitorModeConfig
                0x00000000       0x84 C:\Users\Wanderson\Documents\GitHub\projetosProjetistas\Lib_MCU\Debug\libLib_MCU.a(lpc17xx_i2c.o)
 .text.I2C_MonitorModeCmd
                0x00000000       0x7c C:\Users\Wanderson\Documents\GitHub\projetosProjetistas\Lib_MCU\Debug\libLib_MCU.a(lpc17xx_i2c.o)
 .text.I2C_MonitorGetDatabuffer
                0x00000000       0x48 C:\Users\Wanderson\Documents\GitHub\projetosProjetistas\Lib_MCU\Debug\libLib_MCU.a(lpc17xx_i2c.o)
 .text.I2C0_StdIntHandler
                0x00000000       0x18 C:\Users\Wanderson\Documents\GitHub\projetosProjetistas\Lib_MCU\Debug\libLib_MCU.a(lpc17xx_i2c.o)
 .text.I2C1_StdIntHandler
                0x00000000       0x18 C:\Users\Wanderson\Documents\GitHub\projetosProjetistas\Lib_MCU\Debug\libLib_MCU.a(lpc17xx_i2c.o)
 .text.I2C2_StdIntHandler
                0x00000000       0x18 C:\Users\Wanderson\Documents\GitHub\projetosProjetistas\Lib_MCU\Debug\libLib_MCU.a(lpc17xx_i2c.o)
 .debug_macro   0x00000000      0x880 C:\Users\Wanderson\Documents\GitHub\projetosProjetistas\Lib_MCU\Debug\libLib_MCU.a(lpc17xx_i2c.o)
 .debug_macro   0x00000000       0x1c C:\Users\Wanderson\Documents\GitHub\projetosProjetistas\Lib_MCU\Debug\libLib_MCU.a(lpc17xx_i2c.o)
 .debug_macro   0x00000000       0x22 C:\Users\Wanderson\Documents\GitHub\projetosProjetistas\Lib_MCU\Debug\libLib_MCU.a(lpc17xx_i2c.o)
 .debug_macro   0x00000000       0x10 C:\Users\Wanderson\Documents\GitHub\projetosProjetistas\Lib_MCU\Debug\libLib_MCU.a(lpc17xx_i2c.o)
 .debug_macro   0x00000000      0x12d C:\Users\Wanderson\Documents\GitHub\projetosProjetistas\Lib_MCU\Debug\libLib_MCU.a(lpc17xx_i2c.o)
 .debug_macro   0x00000000      0x5b2 C:\Users\Wanderson\Documents\GitHub\projetosProjetistas\Lib_MCU\Debug\libLib_MCU.a(lpc17xx_i2c.o)
 .debug_macro   0x00000000      0x7b7 C:\Users\Wanderson\Documents\GitHub\projetosProjetistas\Lib_MCU\Debug\libLib_MCU.a(lpc17xx_i2c.o)
 .debug_macro   0x00000000      0x2c7 C:\Users\Wanderson\Documents\GitHub\projetosProjetistas\Lib_MCU\Debug\libLib_MCU.a(lpc17xx_i2c.o)
 .debug_macro   0x00000000       0x63 C:\Users\Wanderson\Documents\GitHub\projetosProjetistas\Lib_MCU\Debug\libLib_MCU.a(lpc17xx_i2c.o)
 .debug_macro   0x00000000      0x18c C:\Users\Wanderson\Documents\GitHub\projetosProjetistas\Lib_MCU\Debug\libLib_MCU.a(lpc17xx_i2c.o)
 .debug_macro   0x00000000       0xcb C:\Users\Wanderson\Documents\GitHub\projetosProjetistas\Lib_MCU\Debug\libLib_MCU.a(lpc17xx_i2c.o)
 .group         0x00000000        0x8 C:\Users\Wanderson\Documents\GitHub\projetosProjetistas\Lib_MCU\Debug\libLib_MCU.a(lpc17xx_pinsel.o)
 .group         0x00000000        0x8 C:\Users\Wanderson\Documents\GitHub\projetosProjetistas\Lib_MCU\Debug\libLib_MCU.a(lpc17xx_pinsel.o)
 .group         0x00000000        0x8 C:\Users\Wanderson\Documents\GitHub\projetosProjetistas\Lib_MCU\Debug\libLib_MCU.a(lpc17xx_pinsel.o)
 .group         0x00000000        0x8 C:\Users\Wanderson\Documents\GitHub\projetosProjetistas\Lib_MCU\Debug\libLib_MCU.a(lpc17xx_pinsel.o)
 .group         0x00000000        0x8 C:\Users\Wanderson\Documents\GitHub\projetosProjetistas\Lib_MCU\Debug\libLib_MCU.a(lpc17xx_pinsel.o)
 .group         0x00000000        0x8 C:\Users\Wanderson\Documents\GitHub\projetosProjetistas\Lib_MCU\Debug\libLib_MCU.a(lpc17xx_pinsel.o)
 .group         0x00000000        0x8 C:\Users\Wanderson\Documents\GitHub\projetosProjetistas\Lib_MCU\Debug\libLib_MCU.a(lpc17xx_pinsel.o)
 .group         0x00000000        0x8 C:\Users\Wanderson\Documents\GitHub\projetosProjetistas\Lib_MCU\Debug\libLib_MCU.a(lpc17xx_pinsel.o)
 .group         0x00000000        0x8 C:\Users\Wanderson\Documents\GitHub\projetosProjetistas\Lib_MCU\Debug\libLib_MCU.a(lpc17xx_pinsel.o)
 .group         0x00000000        0x8 C:\Users\Wanderson\Documents\GitHub\projetosProjetistas\Lib_MCU\Debug\libLib_MCU.a(lpc17xx_pinsel.o)
 .text          0x00000000        0x0 C:\Users\Wanderson\Documents\GitHub\projetosProjetistas\Lib_MCU\Debug\libLib_MCU.a(lpc17xx_pinsel.o)
 .data          0x00000000        0x0 C:\Users\Wanderson\Documents\GitHub\projetosProjetistas\Lib_MCU\Debug\libLib_MCU.a(lpc17xx_pinsel.o)
 .bss           0x00000000        0x0 C:\Users\Wanderson\Documents\GitHub\projetosProjetistas\Lib_MCU\Debug\libLib_MCU.a(lpc17xx_pinsel.o)
 .text.PINSEL_ConfigTraceFunc
                0x00000000       0x40 C:\Users\Wanderson\Documents\GitHub\projetosProjetistas\Lib_MCU\Debug\libLib_MCU.a(lpc17xx_pinsel.o)
 .text.PINSEL_SetI2C0Pins
                0x00000000       0x38 C:\Users\Wanderson\Documents\GitHub\projetosProjetistas\Lib_MCU\Debug\libLib_MCU.a(lpc17xx_pinsel.o)
 .debug_macro   0x00000000      0x880 C:\Users\Wanderson\Documents\GitHub\projetosProjetistas\Lib_MCU\Debug\libLib_MCU.a(lpc17xx_pinsel.o)
 .debug_macro   0x00000000       0x1c C:\Users\Wanderson\Documents\GitHub\projetosProjetistas\Lib_MCU\Debug\libLib_MCU.a(lpc17xx_pinsel.o)
 .debug_macro   0x00000000       0x22 C:\Users\Wanderson\Documents\GitHub\projetosProjetistas\Lib_MCU\Debug\libLib_MCU.a(lpc17xx_pinsel.o)
 .debug_macro   0x00000000       0x10 C:\Users\Wanderson\Documents\GitHub\projetosProjetistas\Lib_MCU\Debug\libLib_MCU.a(lpc17xx_pinsel.o)
 .debug_macro   0x00000000      0x12d C:\Users\Wanderson\Documents\GitHub\projetosProjetistas\Lib_MCU\Debug\libLib_MCU.a(lpc17xx_pinsel.o)
 .debug_macro   0x00000000      0x5b2 C:\Users\Wanderson\Documents\GitHub\projetosProjetistas\Lib_MCU\Debug\libLib_MCU.a(lpc17xx_pinsel.o)
 .debug_macro   0x00000000      0x7b7 C:\Users\Wanderson\Documents\GitHub\projetosProjetistas\Lib_MCU\Debug\libLib_MCU.a(lpc17xx_pinsel.o)
 .debug_macro   0x00000000      0x2c7 C:\Users\Wanderson\Documents\GitHub\projetosProjetistas\Lib_MCU\Debug\libLib_MCU.a(lpc17xx_pinsel.o)
 .debug_macro   0x00000000       0x63 C:\Users\Wanderson\Documents\GitHub\projetosProjetistas\Lib_MCU\Debug\libLib_MCU.a(lpc17xx_pinsel.o)
 .debug_macro   0x00000000      0x143 C:\Users\Wanderson\Documents\GitHub\projetosProjetistas\Lib_MCU\Debug\libLib_MCU.a(lpc17xx_pinsel.o)
 .group         0x00000000        0x8 C:\Users\Wanderson\Documents\GitHub\projetosProjetistas\Lib_MCU\Debug\libLib_MCU.a(lpc17xx_ssp.o)
 .group         0x00000000        0x8 C:\Users\Wanderson\Documents\GitHub\projetosProjetistas\Lib_MCU\Debug\libLib_MCU.a(lpc17xx_ssp.o)
 .group         0x00000000        0x8 C:\Users\Wanderson\Documents\GitHub\projetosProjetistas\Lib_MCU\Debug\libLib_MCU.a(lpc17xx_ssp.o)
 .group         0x00000000        0x8 C:\Users\Wanderson\Documents\GitHub\projetosProjetistas\Lib_MCU\Debug\libLib_MCU.a(lpc17xx_ssp.o)
 .group         0x00000000        0x8 C:\Users\Wanderson\Documents\GitHub\projetosProjetistas\Lib_MCU\Debug\libLib_MCU.a(lpc17xx_ssp.o)
 .group         0x00000000        0x8 C:\Users\Wanderson\Documents\GitHub\projetosProjetistas\Lib_MCU\Debug\libLib_MCU.a(lpc17xx_ssp.o)
 .group         0x00000000        0x8 C:\Users\Wanderson\Documents\GitHub\projetosProjetistas\Lib_MCU\Debug\libLib_MCU.a(lpc17xx_ssp.o)
 .group         0x00000000        0x8 C:\Users\Wanderson\Documents\GitHub\projetosProjetistas\Lib_MCU\Debug\libLib_MCU.a(lpc17xx_ssp.o)
 .group         0x00000000        0x8 C:\Users\Wanderson\Documents\GitHub\projetosProjetistas\Lib_MCU\Debug\libLib_MCU.a(lpc17xx_ssp.o)
 .group         0x00000000        0x8 C:\Users\Wanderson\Documents\GitHub\projetosProjetistas\Lib_MCU\Debug\libLib_MCU.a(lpc17xx_ssp.o)
 .group         0x00000000        0x8 C:\Users\Wanderson\Documents\GitHub\projetosProjetistas\Lib_MCU\Debug\libLib_MCU.a(lpc17xx_ssp.o)
 .group         0x00000000        0x8 C:\Users\Wanderson\Documents\GitHub\projetosProjetistas\Lib_MCU\Debug\libLib_MCU.a(lpc17xx_ssp.o)
 .text          0x00000000        0x0 C:\Users\Wanderson\Documents\GitHub\projetosProjetistas\Lib_MCU\Debug\libLib_MCU.a(lpc17xx_ssp.o)
 .data          0x00000000        0x0 C:\Users\Wanderson\Documents\GitHub\projetosProjetistas\Lib_MCU\Debug\libLib_MCU.a(lpc17xx_ssp.o)
 .text.SSP_SetClock
                0x00000000       0xc4 C:\Users\Wanderson\Documents\GitHub\projetosProjetistas\Lib_MCU\Debug\libLib_MCU.a(lpc17xx_ssp.o)
 .text.SSP_DeInit
                0x00000000       0x5c C:\Users\Wanderson\Documents\GitHub\projetosProjetistas\Lib_MCU\Debug\libLib_MCU.a(lpc17xx_ssp.o)
 .text.SSP_Init
                0x00000000       0xd8 C:\Users\Wanderson\Documents\GitHub\projetosProjetistas\Lib_MCU\Debug\libLib_MCU.a(lpc17xx_ssp.o)
 .text.SSP_ConfigStructInit
                0x00000000       0x3c C:\Users\Wanderson\Documents\GitHub\projetosProjetistas\Lib_MCU\Debug\libLib_MCU.a(lpc17xx_ssp.o)
 .text.SSP_Cmd  0x00000000       0x70 C:\Users\Wanderson\Documents\GitHub\projetosProjetistas\Lib_MCU\Debug\libLib_MCU.a(lpc17xx_ssp.o)
 .text.SSP_LoopBackCmd
                0x00000000       0x70 C:\Users\Wanderson\Documents\GitHub\projetosProjetistas\Lib_MCU\Debug\libLib_MCU.a(lpc17xx_ssp.o)
 .text.SSP_SlaveOutputCmd
                0x00000000       0x70 C:\Users\Wanderson\Documents\GitHub\projetosProjetistas\Lib_MCU\Debug\libLib_MCU.a(lpc17xx_ssp.o)
 .text.SSP_GetStatus
                0x00000000       0x74 C:\Users\Wanderson\Documents\GitHub\projetosProjetistas\Lib_MCU\Debug\libLib_MCU.a(lpc17xx_ssp.o)
 .text.SSP_IntConfig
                0x00000000       0x84 C:\Users\Wanderson\Documents\GitHub\projetosProjetistas\Lib_MCU\Debug\libLib_MCU.a(lpc17xx_ssp.o)
 .text.SSP_GetRawIntStatus
                0x00000000       0x6c C:\Users\Wanderson\Documents\GitHub\projetosProjetistas\Lib_MCU\Debug\libLib_MCU.a(lpc17xx_ssp.o)
 .text.SSP_GetIntStatus
                0x00000000       0x6c C:\Users\Wanderson\Documents\GitHub\projetosProjetistas\Lib_MCU\Debug\libLib_MCU.a(lpc17xx_ssp.o)
 .text.SSP_ClearIntPending
                0x00000000       0x54 C:\Users\Wanderson\Documents\GitHub\projetosProjetistas\Lib_MCU\Debug\libLib_MCU.a(lpc17xx_ssp.o)
 .text.SSP_DMACmd
                0x00000000       0x90 C:\Users\Wanderson\Documents\GitHub\projetosProjetistas\Lib_MCU\Debug\libLib_MCU.a(lpc17xx_ssp.o)
 .text.SSP0_StdIntHandler
                0x00000000       0x18 C:\Users\Wanderson\Documents\GitHub\projetosProjetistas\Lib_MCU\Debug\libLib_MCU.a(lpc17xx_ssp.o)
 .text.SSP1_StdIntHandler
                0x00000000       0x18 C:\Users\Wanderson\Documents\GitHub\projetosProjetistas\Lib_MCU\Debug\libLib_MCU.a(lpc17xx_ssp.o)
 .debug_macro   0x00000000      0x880 C:\Users\Wanderson\Documents\GitHub\projetosProjetistas\Lib_MCU\Debug\libLib_MCU.a(lpc17xx_ssp.o)
 .debug_macro   0x00000000       0x1c C:\Users\Wanderson\Documents\GitHub\projetosProjetistas\Lib_MCU\Debug\libLib_MCU.a(lpc17xx_ssp.o)
 .debug_macro   0x00000000       0x22 C:\Users\Wanderson\Documents\GitHub\projetosProjetistas\Lib_MCU\Debug\libLib_MCU.a(lpc17xx_ssp.o)
 .debug_macro   0x00000000       0x10 C:\Users\Wanderson\Documents\GitHub\projetosProjetistas\Lib_MCU\Debug\libLib_MCU.a(lpc17xx_ssp.o)
 .debug_macro   0x00000000      0x12d C:\Users\Wanderson\Documents\GitHub\projetosProjetistas\Lib_MCU\Debug\libLib_MCU.a(lpc17xx_ssp.o)
 .debug_macro   0x00000000      0x5b2 C:\Users\Wanderson\Documents\GitHub\projetosProjetistas\Lib_MCU\Debug\libLib_MCU.a(lpc17xx_ssp.o)
 .debug_macro   0x00000000      0x7b7 C:\Users\Wanderson\Documents\GitHub\projetosProjetistas\Lib_MCU\Debug\libLib_MCU.a(lpc17xx_ssp.o)
 .debug_macro   0x00000000      0x2c7 C:\Users\Wanderson\Documents\GitHub\projetosProjetistas\Lib_MCU\Debug\libLib_MCU.a(lpc17xx_ssp.o)
 .debug_macro   0x00000000       0x63 C:\Users\Wanderson\Documents\GitHub\projetosProjetistas\Lib_MCU\Debug\libLib_MCU.a(lpc17xx_ssp.o)
 .debug_macro   0x00000000      0x2fe C:\Users\Wanderson\Documents\GitHub\projetosProjetistas\Lib_MCU\Debug\libLib_MCU.a(lpc17xx_ssp.o)
 .debug_macro   0x00000000       0xcb C:\Users\Wanderson\Documents\GitHub\projetosProjetistas\Lib_MCU\Debug\libLib_MCU.a(lpc17xx_ssp.o)
 .group         0x00000000        0x8 C:\Users\Wanderson\Documents\GitHub\projetosProjetistas\Lib_MCU\Debug\libLib_MCU.a(lpc17xx_timer.o)
 .group         0x00000000        0x8 C:\Users\Wanderson\Documents\GitHub\projetosProjetistas\Lib_MCU\Debug\libLib_MCU.a(lpc17xx_timer.o)
 .group         0x00000000        0x8 C:\Users\Wanderson\Documents\GitHub\projetosProjetistas\Lib_MCU\Debug\libLib_MCU.a(lpc17xx_timer.o)
 .group         0x00000000        0x8 C:\Users\Wanderson\Documents\GitHub\projetosProjetistas\Lib_MCU\Debug\libLib_MCU.a(lpc17xx_timer.o)
 .group         0x00000000        0x8 C:\Users\Wanderson\Documents\GitHub\projetosProjetistas\Lib_MCU\Debug\libLib_MCU.a(lpc17xx_timer.o)
 .group         0x00000000        0x8 C:\Users\Wanderson\Documents\GitHub\projetosProjetistas\Lib_MCU\Debug\libLib_MCU.a(lpc17xx_timer.o)
 .group         0x00000000        0x8 C:\Users\Wanderson\Documents\GitHub\projetosProjetistas\Lib_MCU\Debug\libLib_MCU.a(lpc17xx_timer.o)
 .group         0x00000000        0x8 C:\Users\Wanderson\Documents\GitHub\projetosProjetistas\Lib_MCU\Debug\libLib_MCU.a(lpc17xx_timer.o)
 .group         0x00000000        0x8 C:\Users\Wanderson\Documents\GitHub\projetosProjetistas\Lib_MCU\Debug\libLib_MCU.a(lpc17xx_timer.o)
 .group         0x00000000        0x8 C:\Users\Wanderson\Documents\GitHub\projetosProjetistas\Lib_MCU\Debug\libLib_MCU.a(lpc17xx_timer.o)
 .group         0x00000000        0x8 C:\Users\Wanderson\Documents\GitHub\projetosProjetistas\Lib_MCU\Debug\libLib_MCU.a(lpc17xx_timer.o)
 .group         0x00000000        0x8 C:\Users\Wanderson\Documents\GitHub\projetosProjetistas\Lib_MCU\Debug\libLib_MCU.a(lpc17xx_timer.o)
 .group         0x00000000        0x8 C:\Users\Wanderson\Documents\GitHub\projetosProjetistas\Lib_MCU\Debug\libLib_MCU.a(lpc17xx_timer.o)
 .text          0x00000000        0x0 C:\Users\Wanderson\Documents\GitHub\projetosProjetistas\Lib_MCU\Debug\libLib_MCU.a(lpc17xx_timer.o)
 .data          0x00000000        0x0 C:\Users\Wanderson\Documents\GitHub\projetosProjetistas\Lib_MCU\Debug\libLib_MCU.a(lpc17xx_timer.o)
 .bss           0x00000000        0x0 C:\Users\Wanderson\Documents\GitHub\projetosProjetistas\Lib_MCU\Debug\libLib_MCU.a(lpc17xx_timer.o)
 .text.TIM_GetIntCaptureStatus
                0x00000000       0x9c C:\Users\Wanderson\Documents\GitHub\projetosProjetistas\Lib_MCU\Debug\libLib_MCU.a(lpc17xx_timer.o)
 .text.TIM_ClearIntCapturePending
                0x00000000       0x8c C:\Users\Wanderson\Documents\GitHub\projetosProjetistas\Lib_MCU\Debug\libLib_MCU.a(lpc17xx_timer.o)
 .text.TIM_ConfigStructInit
                0x00000000       0x38 C:\Users\Wanderson\Documents\GitHub\projetosProjetistas\Lib_MCU\Debug\libLib_MCU.a(lpc17xx_timer.o)
 .text.TIM_DeInit
                0x00000000       0x9c C:\Users\Wanderson\Documents\GitHub\projetosProjetistas\Lib_MCU\Debug\libLib_MCU.a(lpc17xx_timer.o)
 .text.TIM_ResetCounter
                0x00000000       0x64 C:\Users\Wanderson\Documents\GitHub\projetosProjetistas\Lib_MCU\Debug\libLib_MCU.a(lpc17xx_timer.o)
 .text.TIM_ConfigCapture
                0x00000000       0xdc C:\Users\Wanderson\Documents\GitHub\projetosProjetistas\Lib_MCU\Debug\libLib_MCU.a(lpc17xx_timer.o)
 .text.TIM_GetCaptureValue
                0x00000000       0x74 C:\Users\Wanderson\Documents\GitHub\projetosProjetistas\Lib_MCU\Debug\libLib_MCU.a(lpc17xx_timer.o)
 .text.Timer0_us_Wait
                0x00000000       0x74 C:\Users\Wanderson\Documents\GitHub\projetosProjetistas\Lib_MCU\Debug\libLib_MCU.a(lpc17xx_timer.o)
 .debug_macro   0x00000000      0x880 C:\Users\Wanderson\Documents\GitHub\projetosProjetistas\Lib_MCU\Debug\libLib_MCU.a(lpc17xx_timer.o)
 .debug_macro   0x00000000       0x1c C:\Users\Wanderson\Documents\GitHub\projetosProjetistas\Lib_MCU\Debug\libLib_MCU.a(lpc17xx_timer.o)
 .debug_macro   0x00000000       0x22 C:\Users\Wanderson\Documents\GitHub\projetosProjetistas\Lib_MCU\Debug\libLib_MCU.a(lpc17xx_timer.o)
 .debug_macro   0x00000000       0x10 C:\Users\Wanderson\Documents\GitHub\projetosProjetistas\Lib_MCU\Debug\libLib_MCU.a(lpc17xx_timer.o)
 .debug_macro   0x00000000      0x12d C:\Users\Wanderson\Documents\GitHub\projetosProjetistas\Lib_MCU\Debug\libLib_MCU.a(lpc17xx_timer.o)
 .debug_macro   0x00000000      0x5b2 C:\Users\Wanderson\Documents\GitHub\projetosProjetistas\Lib_MCU\Debug\libLib_MCU.a(lpc17xx_timer.o)
 .debug_macro   0x00000000      0x7b7 C:\Users\Wanderson\Documents\GitHub\projetosProjetistas\Lib_MCU\Debug\libLib_MCU.a(lpc17xx_timer.o)
 .debug_macro   0x00000000      0x2c7 C:\Users\Wanderson\Documents\GitHub\projetosProjetistas\Lib_MCU\Debug\libLib_MCU.a(lpc17xx_timer.o)
 .debug_macro   0x00000000       0x63 C:\Users\Wanderson\Documents\GitHub\projetosProjetistas\Lib_MCU\Debug\libLib_MCU.a(lpc17xx_timer.o)
 .debug_macro   0x00000000      0x2fe C:\Users\Wanderson\Documents\GitHub\projetosProjetistas\Lib_MCU\Debug\libLib_MCU.a(lpc17xx_timer.o)
 .debug_macro   0x00000000      0x149 C:\Users\Wanderson\Documents\GitHub\projetosProjetistas\Lib_MCU\Debug\libLib_MCU.a(lpc17xx_timer.o)
 .debug_macro   0x00000000       0xcb C:\Users\Wanderson\Documents\GitHub\projetosProjetistas\Lib_MCU\Debug\libLib_MCU.a(lpc17xx_timer.o)
 .group         0x00000000        0x8 C:\Users\Wanderson\Documents\GitHub\projetosProjetistas\Lib_MCU\Debug\libLib_MCU.a(lpc17xx_clkpwr.o)
 .group         0x00000000        0x8 C:\Users\Wanderson\Documents\GitHub\projetosProjetistas\Lib_MCU\Debug\libLib_MCU.a(lpc17xx_clkpwr.o)
 .group         0x00000000        0x8 C:\Users\Wanderson\Documents\GitHub\projetosProjetistas\Lib_MCU\Debug\libLib_MCU.a(lpc17xx_clkpwr.o)
 .group         0x00000000        0x8 C:\Users\Wanderson\Documents\GitHub\projetosProjetistas\Lib_MCU\Debug\libLib_MCU.a(lpc17xx_clkpwr.o)
 .group         0x00000000        0x8 C:\Users\Wanderson\Documents\GitHub\projetosProjetistas\Lib_MCU\Debug\libLib_MCU.a(lpc17xx_clkpwr.o)
 .group         0x00000000        0x8 C:\Users\Wanderson\Documents\GitHub\projetosProjetistas\Lib_MCU\Debug\libLib_MCU.a(lpc17xx_clkpwr.o)
 .group         0x00000000        0x8 C:\Users\Wanderson\Documents\GitHub\projetosProjetistas\Lib_MCU\Debug\libLib_MCU.a(lpc17xx_clkpwr.o)
 .group         0x00000000        0x8 C:\Users\Wanderson\Documents\GitHub\projetosProjetistas\Lib_MCU\Debug\libLib_MCU.a(lpc17xx_clkpwr.o)
 .group         0x00000000        0x8 C:\Users\Wanderson\Documents\GitHub\projetosProjetistas\Lib_MCU\Debug\libLib_MCU.a(lpc17xx_clkpwr.o)
 .group         0x00000000        0x8 C:\Users\Wanderson\Documents\GitHub\projetosProjetistas\Lib_MCU\Debug\libLib_MCU.a(lpc17xx_clkpwr.o)
 .text          0x00000000        0x0 C:\Users\Wanderson\Documents\GitHub\projetosProjetistas\Lib_MCU\Debug\libLib_MCU.a(lpc17xx_clkpwr.o)
 .data          0x00000000        0x0 C:\Users\Wanderson\Documents\GitHub\projetosProjetistas\Lib_MCU\Debug\libLib_MCU.a(lpc17xx_clkpwr.o)
 .bss           0x00000000        0x0 C:\Users\Wanderson\Documents\GitHub\projetosProjetistas\Lib_MCU\Debug\libLib_MCU.a(lpc17xx_clkpwr.o)
 .text.__WFI    0x00000000       0x10 C:\Users\Wanderson\Documents\GitHub\projetosProjetistas\Lib_MCU\Debug\libLib_MCU.a(lpc17xx_clkpwr.o)
 .text.CLKPWR_Sleep
                0x00000000       0x18 C:\Users\Wanderson\Documents\GitHub\projetosProjetistas\Lib_MCU\Debug\libLib_MCU.a(lpc17xx_clkpwr.o)
 .text.CLKPWR_DeepSleep
                0x00000000       0x24 C:\Users\Wanderson\Documents\GitHub\projetosProjetistas\Lib_MCU\Debug\libLib_MCU.a(lpc17xx_clkpwr.o)
 .text.CLKPWR_PowerDown
                0x00000000       0x24 C:\Users\Wanderson\Documents\GitHub\projetosProjetistas\Lib_MCU\Debug\libLib_MCU.a(lpc17xx_clkpwr.o)
 .text.CLKPWR_DeepPowerDown
                0x00000000       0x24 C:\Users\Wanderson\Documents\GitHub\projetosProjetistas\Lib_MCU\Debug\libLib_MCU.a(lpc17xx_clkpwr.o)
 .debug_macro   0x00000000      0x880 C:\Users\Wanderson\Documents\GitHub\projetosProjetistas\Lib_MCU\Debug\libLib_MCU.a(lpc17xx_clkpwr.o)
 .debug_macro   0x00000000       0x1c C:\Users\Wanderson\Documents\GitHub\projetosProjetistas\Lib_MCU\Debug\libLib_MCU.a(lpc17xx_clkpwr.o)
 .debug_macro   0x00000000       0x22 C:\Users\Wanderson\Documents\GitHub\projetosProjetistas\Lib_MCU\Debug\libLib_MCU.a(lpc17xx_clkpwr.o)
 .debug_macro   0x00000000       0x10 C:\Users\Wanderson\Documents\GitHub\projetosProjetistas\Lib_MCU\Debug\libLib_MCU.a(lpc17xx_clkpwr.o)
 .debug_macro   0x00000000      0x12d C:\Users\Wanderson\Documents\GitHub\projetosProjetistas\Lib_MCU\Debug\libLib_MCU.a(lpc17xx_clkpwr.o)
 .debug_macro   0x00000000      0x5b2 C:\Users\Wanderson\Documents\GitHub\projetosProjetistas\Lib_MCU\Debug\libLib_MCU.a(lpc17xx_clkpwr.o)
 .debug_macro   0x00000000      0x7b7 C:\Users\Wanderson\Documents\GitHub\projetosProjetistas\Lib_MCU\Debug\libLib_MCU.a(lpc17xx_clkpwr.o)
 .debug_macro   0x00000000      0x2c7 C:\Users\Wanderson\Documents\GitHub\projetosProjetistas\Lib_MCU\Debug\libLib_MCU.a(lpc17xx_clkpwr.o)
 .debug_macro   0x00000000       0x63 C:\Users\Wanderson\Documents\GitHub\projetosProjetistas\Lib_MCU\Debug\libLib_MCU.a(lpc17xx_clkpwr.o)
 .data          0x00000000        0x0 c:/programas/nxp/lpcxpresso_8.2.0_647/lpcxpresso/tools/bin/../lib/gcc/arm-none-eabi/5.3.1/armv7-m\libgcc.a(_aeabi_uldivmod.o)
 .bss           0x00000000        0x0 c:/programas/nxp/lpcxpresso_8.2.0_647/lpcxpresso/tools/bin/../lib/gcc/arm-none-eabi/5.3.1/armv7-m\libgcc.a(_aeabi_uldivmod.o)
 .data          0x00000000        0x0 c:/programas/nxp/lpcxpresso_8.2.0_647/lpcxpresso/tools/bin/../lib/gcc/arm-none-eabi/5.3.1/armv7-m\libgcc.a(_udivmoddi4.o)
 .bss           0x00000000        0x0 c:/programas/nxp/lpcxpresso_8.2.0_647/lpcxpresso/tools/bin/../lib/gcc/arm-none-eabi/5.3.1/armv7-m\libgcc.a(_udivmoddi4.o)
 .ARM.extab     0x00000000        0x0 c:/programas/nxp/lpcxpresso_8.2.0_647/lpcxpresso/tools/bin/../lib/gcc/arm-none-eabi/5.3.1/armv7-m\libgcc.a(_udivmoddi4.o)
 .data          0x00000000        0x0 c:/programas/nxp/lpcxpresso_8.2.0_647/lpcxpresso/tools/bin/../lib/gcc/arm-none-eabi/5.3.1/armv7-m\libgcc.a(_dvmd_tls.o)
 .bss           0x00000000        0x0 c:/programas/nxp/lpcxpresso_8.2.0_647/lpcxpresso/tools/bin/../lib/gcc/arm-none-eabi/5.3.1/armv7-m\libgcc.a(_dvmd_tls.o)
 .text          0x00000000        0x0 c:/programas/nxp/lpcxpresso_8.2.0_647/lpcxpresso/tools/bin/../lib/gcc/arm-none-eabi/5.3.1/../../../../arm-none-eabi/lib/armv7-m\libc.a(lib_a-memset.o)
 .data          0x00000000        0x0 c:/programas/nxp/lpcxpresso_8.2.0_647/lpcxpresso/tools/bin/../lib/gcc/arm-none-eabi/5.3.1/../../../../arm-none-eabi/lib/armv7-m\libc.a(lib_a-memset.o)
 .bss           0x00000000        0x0 c:/programas/nxp/lpcxpresso_8.2.0_647/lpcxpresso/tools/bin/../lib/gcc/arm-none-eabi/5.3.1/../../../../arm-none-eabi/lib/armv7-m\libc.a(lib_a-memset.o)

Memory Configuration

Name             Origin             Length             Attributes
MFlash512        0x00000000         0x00080000         xr
RamLoc32         0x10000000         0x00008000         xrw
RamAHB32         0x2007c000         0x00008000         xrw
*default*        0x00000000         0xffffffff

Linker script and memory map

LOAD ./src/Sensor.o
LOAD ./src/cr_startup_lpc17.o
LOAD ./src/main.o
LOAD C:\Users\Wanderson\Documents\GitHub\projetosProjetistas\Lib_CMSISv1p30_LPC17xx\Debug\libCMSISv1p30_LPC17xx.a
LOAD C:\Users\Wanderson\Documents\GitHub\projetosProjetistas\Lib_EaBaseBoard\Debug\libLib_EaBaseBoard.a
LOAD C:\Users\Wanderson\Documents\GitHub\projetosProjetistas\Lib_MCU\Debug\libLib_MCU.a
START GROUP
LOAD c:/programas/nxp/lpcxpresso_8.2.0_647/lpcxpresso/tools/bin/../lib/gcc/arm-none-eabi/5.3.1/armv7-m\libgcc.a
LOAD c:/programas/nxp/lpcxpresso_8.2.0_647/lpcxpresso/tools/bin/../lib/gcc/arm-none-eabi/5.3.1/../../../../arm-none-eabi/lib/armv7-m\libc.a
LOAD c:/programas/nxp/lpcxpresso_8.2.0_647/lpcxpresso/tools/bin/../lib/gcc/arm-none-eabi/5.3.1/../../../../arm-none-eabi/lib/armv7-m\libm.a
LOAD c:/programas/nxp/lpcxpresso_8.2.0_647/lpcxpresso/tools/bin/../lib/gcc/arm-none-eabi/5.3.1/../../../../arm-none-eabi/lib/armv7-m\libcr_newlib_semihost.a
END GROUP
                0x00000000                __base_MFlash512 = 0x0
                0x00000000                __base_Flash = 0x0
                0x00080000                __top_MFlash512 = 0x80000
                0x00080000                __top_Flash = 0x80000
                0x10000000                __base_RamLoc32 = 0x10000000
                0x10000000                __base_RAM = 0x10000000
                0x10008000                __top_RamLoc32 = 0x10008000
                0x10008000                __top_RAM = 0x10008000
                0x2007c000                __base_RamAHB32 = 0x2007c000
                0x2007c000                __base_RAM2 = 0x2007c000
                0x20084000                __top_RamAHB32 = 0x20084000
                0x20084000                __top_RAM2 = 0x20084000

.text           0x00000000     0x3250
 FILL mask 0xff
                0x00000000                __vectors_start__ = ABSOLUTE (.)
 *(.isr_vector)
 .isr_vector    0x00000000       0xcc ./src/cr_startup_lpc17.o
                0x00000000                g_pfnVectors
                0x000000cc                . = ALIGN (0x4)
                0x000000cc                __section_table_start = .
                0x000000cc                __data_section_table = .
                0x000000cc        0x4 LONG 0x3258 LOADADDR (.data)
                0x000000d0        0x4 LONG 0x10000000 ADDR (.data)
                0x000000d4        0x4 LONG 0x10 SIZEOF (.data)
                0x000000d8        0x4 LONG 0x3258 LOADADDR (.data_RAM2)
                0x000000dc        0x4 LONG 0x2007c000 ADDR (.data_RAM2)
                0x000000e0        0x4 LONG 0x0 SIZEOF (.data_RAM2)
                0x000000e4                __data_section_table_end = .
                0x000000e4                __bss_section_table = .
                0x000000e4        0x4 LONG 0x10000010 ADDR (.bss)
                0x000000e8        0x4 LONG 0x354 SIZEOF (.bss)
                0x000000ec        0x4 LONG 0x2007c000 ADDR (.bss_RAM2)
                0x000000f0        0x4 LONG 0x0 SIZEOF (.bss_RAM2)
                0x000000f4                __bss_section_table_end = .
                0x000000f4                __section_table_end = .
 *(.after_vectors*)
 *(.text*)
 .text.NVIC_EnableIRQ
                0x000000f4       0x30 ./src/Sensor.o
 .text.NVIC_DisableIRQ
                0x00000124       0x34 ./src/Sensor.o
 .text.Sensor_new
                0x00000158       0x2c ./src/Sensor.o
                0x00000158                Sensor_new
 .text.Sensor_leitura
                0x00000184       0x30 ./src/Sensor.o
                0x00000184                Sensor_leitura
 .text.Sensor_initI2c
                0x000001b4       0x48 ./src/Sensor.o
 .text.TIMER0_IRQHandler
                0x000001fc       0x18 ./src/Sensor.o
                0x000001fc                TIMER0_IRQHandler
 .text.ResetISR
                0x00000214       0x58 ./src/cr_startup_lpc17.o
                0x00000214                ResetISR
 .text.NMI_Handler
                0x0000026c        0x8 ./src/cr_startup_lpc17.o
                0x0000026c                NMI_Handler
 .text.HardFault_Handler
                0x00000274        0x8 ./src/cr_startup_lpc17.o
                0x00000274                HardFault_Handler
 .text.MemManage_Handler
                0x0000027c        0x8 ./src/cr_startup_lpc17.o
                0x0000027c                MemManage_Handler
 .text.BusFault_Handler
                0x00000284        0x8 ./src/cr_startup_lpc17.o
                0x00000284                BusFault_Handler
 .text.UsageFault_Handler
                0x0000028c        0x8 ./src/cr_startup_lpc17.o
                0x0000028c                UsageFault_Handler
 .text.SVCall_Handler
                0x00000294        0x8 ./src/cr_startup_lpc17.o
                0x00000294                SVCall_Handler
 .text.DebugMon_Handler
                0x0000029c        0x8 ./src/cr_startup_lpc17.o
                0x0000029c                DebugMon_Handler
 .text.PendSV_Handler
                0x000002a4        0x8 ./src/cr_startup_lpc17.o
                0x000002a4                PendSV_Handler
 .text.IntDefaultHandler
                0x000002ac        0x8 ./src/cr_startup_lpc17.o
                0x000002ac                TIMER2_IRQHandler
                0x000002ac                RIT_IRQHandler
                0x000002ac                I2C0_IRQHandler
                0x000002ac                USBActivity_IRQHandler
                0x000002ac                PWM1_IRQHandler
                0x000002ac                I2C1_IRQHandler
                0x000002ac                EINT2_IRQHandler
                0x000002ac                UART1_IRQHandler
                0x000002ac                EINT3_IRQHandler
                0x000002ac                CANActivity_IRQHandler
                0x000002ac                TIMER3_IRQHandler
                0x000002ac                UART0_IRQHandler
                0x000002ac                IntDefaultHandler
                0x000002ac                PLL0_IRQHandler
                0x000002ac                CAN_IRQHandler
                0x000002ac                PLL1_IRQHandler
                0x000002ac                SSP0_IRQHandler
                0x000002ac                I2S_IRQHandler
                0x000002ac                I2C2_IRQHandler
                0x000002ac                RTC_IRQHandler
                0x000002ac                SPI_IRQHandler
                0x000002ac                EINT1_IRQHandler
                0x000002ac                TIMER1_IRQHandler
                0x000002ac                UART2_IRQHandler
                0x000002ac                ADC_IRQHandler
                0x000002ac                SSP1_IRQHandler
                0x000002ac                USB_IRQHandler
                0x000002ac                BOD_IRQHandler
                0x000002ac                WDT_IRQHandler
                0x000002ac                QEI_IRQHandler
                0x000002ac                EINT0_IRQHandler
                0x000002ac                DMA_IRQHandler
                0x000002ac                UART3_IRQHandler
                0x000002ac                MCPWM_IRQHandler
                0x000002ac                ENET_IRQHandler
 .text.NVIC_SetPriority
                0x000002b4       0x54 ./src/main.o
 .text.SysTick_Config
                0x00000308       0x44 ./src/main.o
 .text.intToString
                0x0000034c       0xc8 ./src/main.o
 .text.SysTick_Handler
                0x00000414       0x1c ./src/main.o
                0x00000414                SysTick_Handler
 .text.Read_packet
                0x00000430       0x28 ./src/main.o
                0x00000430                Read_packet
 .text.main     0x00000458       0x88 ./src/main.o
                0x00000458                main
 .text.check_failed
                0x000004e0        0xc ./src/main.o
                0x000004e0                check_failed
 .text.SystemInit
                0x000004ec      0x140 C:\Users\Wanderson\Documents\GitHub\projetosProjetistas\Lib_CMSISv1p30_LPC17xx\Debug\libCMSISv1p30_LPC17xx.a(system_LPC17xx.o)
                0x000004ec                SystemInit
 .text.I2CRead  0x0000062c       0x50 C:\Users\Wanderson\Documents\GitHub\projetosProjetistas\Lib_EaBaseBoard\Debug\libLib_EaBaseBoard.a(light.o)
 .text.I2CWrite
                0x0000067c       0x50 C:\Users\Wanderson\Documents\GitHub\projetosProjetistas\Lib_EaBaseBoard\Debug\libLib_EaBaseBoard.a(light.o)
 .text.readControlReg
                0x000006cc       0x2c C:\Users\Wanderson\Documents\GitHub\projetosProjetistas\Lib_EaBaseBoard\Debug\libLib_EaBaseBoard.a(light.o)
 .text.light_init
                0x000006f8        0xc C:\Users\Wanderson\Documents\GitHub\projetosProjetistas\Lib_EaBaseBoard\Debug\libLib_EaBaseBoard.a(light.o)
                0x000006f8                light_init
 .text.light_enable
                0x00000704       0x3c C:\Users\Wanderson\Documents\GitHub\projetosProjetistas\Lib_EaBaseBoard\Debug\libLib_EaBaseBoard.a(light.o)
                0x00000704                light_enable
 .text.light_read
                0x00000740       0x74 C:\Users\Wanderson\Documents\GitHub\projetosProjetistas\Lib_EaBaseBoard\Debug\libLib_EaBaseBoard.a(light.o)
                0x00000740                light_read
 .text.light_setRange
                0x000007b4       0x90 C:\Users\Wanderson\Documents\GitHub\projetosProjetistas\Lib_EaBaseBoard\Debug\libLib_EaBaseBoard.a(light.o)
                0x000007b4                light_setRange
 .text.writeCommand
                0x00000844       0x48 C:\Users\Wanderson\Documents\GitHub\projetosProjetistas\Lib_EaBaseBoard\Debug\libLib_EaBaseBoard.a(oled.o)
 .text.writeData
                0x0000088c       0x48 C:\Users\Wanderson\Documents\GitHub\projetosProjetistas\Lib_EaBaseBoard\Debug\libLib_EaBaseBoard.a(oled.o)
 .text.writeDataLen
                0x000008d4       0x78 C:\Users\Wanderson\Documents\GitHub\projetosProjetistas\Lib_EaBaseBoard\Debug\libLib_EaBaseBoard.a(oled.o)
 .text.runInitSequence
                0x0000094c       0xd4 C:\Users\Wanderson\Documents\GitHub\projetosProjetistas\Lib_EaBaseBoard\Debug\libLib_EaBaseBoard.a(oled.o)
 .text.hLine    0x00000a20       0x58 C:\Users\Wanderson\Documents\GitHub\projetosProjetistas\Lib_EaBaseBoard\Debug\libLib_EaBaseBoard.a(oled.o)
 .text.vLine    0x00000a78       0x58 C:\Users\Wanderson\Documents\GitHub\projetosProjetistas\Lib_EaBaseBoard\Debug\libLib_EaBaseBoard.a(oled.o)
 .text.oled_init
                0x00000ad0       0x74 C:\Users\Wanderson\Documents\GitHub\projetosProjetistas\Lib_EaBaseBoard\Debug\libLib_EaBaseBoard.a(oled.o)
                0x00000ad0                oled_init
 .text.oled_putPixel
                0x00000b44      0x150 C:\Users\Wanderson\Documents\GitHub\projetosProjetistas\Lib_EaBaseBoard\Debug\libLib_EaBaseBoard.a(oled.o)
                0x00000b44                oled_putPixel
 .text.oled_fillRect
                0x00000c94       0xa0 C:\Users\Wanderson\Documents\GitHub\projetosProjetistas\Lib_EaBaseBoard\Debug\libLib_EaBaseBoard.a(oled.o)
                0x00000c94                oled_fillRect
 .text.oled_clearScreen
                0x00000d34       0x64 C:\Users\Wanderson\Documents\GitHub\projetosProjetistas\Lib_EaBaseBoard\Debug\libLib_EaBaseBoard.a(oled.o)
                0x00000d34                oled_clearScreen
 .text.oled_putChar
                0x00000d98       0xd8 C:\Users\Wanderson\Documents\GitHub\projetosProjetistas\Lib_EaBaseBoard\Debug\libLib_EaBaseBoard.a(oled.o)
                0x00000d98                oled_putChar
 .text.oled_putString
                0x00000e70       0x54 C:\Users\Wanderson\Documents\GitHub\projetosProjetistas\Lib_EaBaseBoard\Debug\libLib_EaBaseBoard.a(oled.o)
                0x00000e70                oled_putString
 .text.GPIO_GetPointer
                0x00000ec4       0x70 C:\Users\Wanderson\Documents\GitHub\projetosProjetistas\Lib_MCU\Debug\libLib_MCU.a(lpc17xx_gpio.o)
 .text.GPIO_SetDir
                0x00000f34       0x4c C:\Users\Wanderson\Documents\GitHub\projetosProjetistas\Lib_MCU\Debug\libLib_MCU.a(lpc17xx_gpio.o)
                0x00000f34                GPIO_SetDir
 .text.GPIO_SetValue
                0x00000f80       0x2c C:\Users\Wanderson\Documents\GitHub\projetosProjetistas\Lib_MCU\Debug\libLib_MCU.a(lpc17xx_gpio.o)
                0x00000f80                GPIO_SetValue
 .text.GPIO_ClearValue
                0x00000fac       0x2c C:\Users\Wanderson\Documents\GitHub\projetosProjetistas\Lib_MCU\Debug\libLib_MCU.a(lpc17xx_gpio.o)
                0x00000fac                GPIO_ClearValue
 .text.NVIC_EnableIRQ
                0x00000fd8       0x30 C:\Users\Wanderson\Documents\GitHub\projetosProjetistas\Lib_MCU\Debug\libLib_MCU.a(lpc17xx_i2c.o)
 .text.NVIC_DisableIRQ
                0x00001008       0x34 C:\Users\Wanderson\Documents\GitHub\projetosProjetistas\Lib_MCU\Debug\libLib_MCU.a(lpc17xx_i2c.o)
 .text.I2C_getNum
                0x0000103c       0x48 C:\Users\Wanderson\Documents\GitHub\projetosProjetistas\Lib_MCU\Debug\libLib_MCU.a(lpc17xx_i2c.o)
 .text.I2C_Start
                0x00001084       0x3c C:\Users\Wanderson\Documents\GitHub\projetosProjetistas\Lib_MCU\Debug\libLib_MCU.a(lpc17xx_i2c.o)
 .text.I2C_Stop
                0x000010c0       0x30 C:\Users\Wanderson\Documents\GitHub\projetosProjetistas\Lib_MCU\Debug\libLib_MCU.a(lpc17xx_i2c.o)
 .text.I2C_SendByte
                0x000010f0       0x4c C:\Users\Wanderson\Documents\GitHub\projetosProjetistas\Lib_MCU\Debug\libLib_MCU.a(lpc17xx_i2c.o)
 .text.I2C_GetByte
                0x0000113c       0x54 C:\Users\Wanderson\Documents\GitHub\projetosProjetistas\Lib_MCU\Debug\libLib_MCU.a(lpc17xx_i2c.o)
 .text.I2C_IntCmd
                0x00001190       0x88 C:\Users\Wanderson\Documents\GitHub\projetosProjetistas\Lib_MCU\Debug\libLib_MCU.a(lpc17xx_i2c.o)
                0x00001190                I2C_IntCmd
 .text.I2C_MasterHandler
                0x00001218      0x3a0 C:\Users\Wanderson\Documents\GitHub\projetosProjetistas\Lib_MCU\Debug\libLib_MCU.a(lpc17xx_i2c.o)
                0x00001218                I2C_MasterHandler
 .text.I2C_SetClock
                0x000015b8       0xa4 C:\Users\Wanderson\Documents\GitHub\projetosProjetistas\Lib_MCU\Debug\libLib_MCU.a(lpc17xx_i2c.o)
                0x000015b8                I2C_SetClock
 .text.I2C_Init
                0x0000165c       0xa4 C:\Users\Wanderson\Documents\GitHub\projetosProjetistas\Lib_MCU\Debug\libLib_MCU.a(lpc17xx_i2c.o)
                0x0000165c                I2C_Init
 .text.I2C_Cmd  0x00001700       0x70 C:\Users\Wanderson\Documents\GitHub\projetosProjetistas\Lib_MCU\Debug\libLib_MCU.a(lpc17xx_i2c.o)
                0x00001700                I2C_Cmd
 .text.I2C_MasterTransferData
                0x00001770      0x2f8 C:\Users\Wanderson\Documents\GitHub\projetosProjetistas\Lib_MCU\Debug\libLib_MCU.a(lpc17xx_i2c.o)
                0x00001770                I2C_MasterTransferData
 .text.PINSEL_SetPinFunc
                0x00001a68       0x84 C:\Users\Wanderson\Documents\GitHub\projetosProjetistas\Lib_MCU\Debug\libLib_MCU.a(lpc17xx_pinsel.o)
                0x00001a68                PINSEL_SetPinFunc
 .text.PINSEL_SetResistorMode
                0x00001aec       0x84 C:\Users\Wanderson\Documents\GitHub\projetosProjetistas\Lib_MCU\Debug\libLib_MCU.a(lpc17xx_pinsel.o)
                0x00001aec                PINSEL_SetResistorMode
 .text.PINSEL_SetOpenDrainMode
                0x00001b70       0x6c C:\Users\Wanderson\Documents\GitHub\projetosProjetistas\Lib_MCU\Debug\libLib_MCU.a(lpc17xx_pinsel.o)
                0x00001b70                PINSEL_SetOpenDrainMode
 .text.PINSEL_ConfigPin
                0x00001bdc       0x48 C:\Users\Wanderson\Documents\GitHub\projetosProjetistas\Lib_MCU\Debug\libLib_MCU.a(lpc17xx_pinsel.o)
                0x00001bdc                PINSEL_ConfigPin
 .text.SSP_getNum
                0x00001c24       0x38 C:\Users\Wanderson\Documents\GitHub\projetosProjetistas\Lib_MCU\Debug\libLib_MCU.a(lpc17xx_ssp.o)
 .text.SSP_IntHandler
                0x00001c5c      0x2cc C:\Users\Wanderson\Documents\GitHub\projetosProjetistas\Lib_MCU\Debug\libLib_MCU.a(lpc17xx_ssp.o)
                0x00001c5c                SSP_IntHandler
 .text.SSP_SendData
                0x00001f28       0x40 C:\Users\Wanderson\Documents\GitHub\projetosProjetistas\Lib_MCU\Debug\libLib_MCU.a(lpc17xx_ssp.o)
                0x00001f28                SSP_SendData
 .text.SSP_ReceiveData
                0x00001f68       0x3c C:\Users\Wanderson\Documents\GitHub\projetosProjetistas\Lib_MCU\Debug\libLib_MCU.a(lpc17xx_ssp.o)
                0x00001f68                SSP_ReceiveData
 .text.SSP_ReadWrite
                0x00001fa4      0x3c0 C:\Users\Wanderson\Documents\GitHub\projetosProjetistas\Lib_MCU\Debug\libLib_MCU.a(lpc17xx_ssp.o)
                0x00001fa4                SSP_ReadWrite
 .text.NVIC_EnableIRQ
                0x00002364       0x30 C:\Users\Wanderson\Documents\GitHub\projetosProjetistas\Lib_MCU\Debug\libLib_MCU.a(lpc17xx_timer.o)
 .text.TIM_GetPClock
                0x00002394       0x58 C:\Users\Wanderson\Documents\GitHub\projetosProjetistas\Lib_MCU\Debug\libLib_MCU.a(lpc17xx_timer.o)
                0x00002394                TIM_GetPClock
 .text.TIM_ConverUSecToVal
                0x000023ec       0x58 C:\Users\Wanderson\Documents\GitHub\projetosProjetistas\Lib_MCU\Debug\libLib_MCU.a(lpc17xx_timer.o)
                0x000023ec                TIM_ConverUSecToVal
 .text.TIM_ConverPtrToTimeNum
                0x00002444       0x5c C:\Users\Wanderson\Documents\GitHub\projetosProjetistas\Lib_MCU\Debug\libLib_MCU.a(lpc17xx_timer.o)
                0x00002444                TIM_ConverPtrToTimeNum
 .text.TIM_GetIntStatus
                0x000024a0       0x98 C:\Users\Wanderson\Documents\GitHub\projetosProjetistas\Lib_MCU\Debug\libLib_MCU.a(lpc17xx_timer.o)
                0x000024a0                TIM_GetIntStatus
 .text.TIM_ClearIntPending
                0x00002538       0x8c C:\Users\Wanderson\Documents\GitHub\projetosProjetistas\Lib_MCU\Debug\libLib_MCU.a(lpc17xx_timer.o)
                0x00002538                TIM_ClearIntPending
 .text.TIM_Init
                0x000025c4      0x170 C:\Users\Wanderson\Documents\GitHub\projetosProjetistas\Lib_MCU\Debug\libLib_MCU.a(lpc17xx_timer.o)
                0x000025c4                TIM_Init
 .text.TIM_Cmd  0x00002734       0x70 C:\Users\Wanderson\Documents\GitHub\projetosProjetistas\Lib_MCU\Debug\libLib_MCU.a(lpc17xx_timer.o)
                0x00002734                TIM_Cmd
 .text.TIM_ConfigMatch
                0x000027a4      0x15c C:\Users\Wanderson\Documents\GitHub\projetosProjetistas\Lib_MCU\Debug\libLib_MCU.a(lpc17xx_timer.o)
                0x000027a4                TIM_ConfigMatch
 .text.Timer0_Wait
                0x00002900       0x7c C:\Users\Wanderson\Documents\GitHub\projetosProjetistas\Lib_MCU\Debug\libLib_MCU.a(lpc17xx_timer.o)
                0x00002900                Timer0_Wait
 .text.CLKPWR_SetPCLKDiv
                0x0000297c       0x8c C:\Users\Wanderson\Documents\GitHub\projetosProjetistas\Lib_MCU\Debug\libLib_MCU.a(lpc17xx_clkpwr.o)
                0x0000297c                CLKPWR_SetPCLKDiv
 .text.CLKPWR_GetPCLKSEL
                0x00002a08       0x48 C:\Users\Wanderson\Documents\GitHub\projetosProjetistas\Lib_MCU\Debug\libLib_MCU.a(lpc17xx_clkpwr.o)
                0x00002a08                CLKPWR_GetPCLKSEL
 .text.CLKPWR_GetPCLK
                0x00002a50       0x64 C:\Users\Wanderson\Documents\GitHub\projetosProjetistas\Lib_MCU\Debug\libLib_MCU.a(lpc17xx_clkpwr.o)
                0x00002a50                CLKPWR_GetPCLK
 .text.CLKPWR_ConfigPPWR
                0x00002ab4       0x58 C:\Users\Wanderson\Documents\GitHub\projetosProjetistas\Lib_MCU\Debug\libLib_MCU.a(lpc17xx_clkpwr.o)
                0x00002ab4                CLKPWR_ConfigPPWR
 .text          0x00002b0c       0x30 c:/programas/nxp/lpcxpresso_8.2.0_647/lpcxpresso/tools/bin/../lib/gcc/arm-none-eabi/5.3.1/armv7-m\libgcc.a(_aeabi_uldivmod.o)
                0x00002b0c                __aeabi_uldivmod
 .text          0x00002b3c      0x2ec c:/programas/nxp/lpcxpresso_8.2.0_647/lpcxpresso/tools/bin/../lib/gcc/arm-none-eabi/5.3.1/armv7-m\libgcc.a(_udivmoddi4.o)
                0x00002b3c                __udivmoddi4
 .text          0x00002e28        0x4 c:/programas/nxp/lpcxpresso_8.2.0_647/lpcxpresso/tools/bin/../lib/gcc/arm-none-eabi/5.3.1/armv7-m\libgcc.a(_dvmd_tls.o)
                0x00002e28                __aeabi_idiv0
                0x00002e28                __aeabi_ldiv0
 .text.memset   0x00002e2c       0x9c c:/programas/nxp/lpcxpresso_8.2.0_647/lpcxpresso/tools/bin/../lib/gcc/arm-none-eabi/5.3.1/../../../../arm-none-eabi/lib/armv7-m\libc.a(lib_a-memset.o)
                0x00002e2c                memset
 *(.rodata .rodata.* .constdata .constdata.*)
 .rodata        0x00002ec8       0x35 ./src/main.o
 *fill*         0x00002efd        0x3 ff
 .rodata        0x00002f00        0x8 C:\Users\Wanderson\Documents\GitHub\projetosProjetistas\Lib_EaBaseBoard\Debug\libLib_EaBaseBoard.a(oled.o)
 .rodata        0x00002f08      0x300 C:\Users\Wanderson\Documents\GitHub\projetosProjetistas\Lib_EaBaseBoard\Debug\libLib_EaBaseBoard.a(font5x7.o)
                0x00002f08                font5x7
 .rodata        0x00003208       0x15 C:\Users\Wanderson\Documents\GitHub\projetosProjetistas\Lib_MCU\Debug\libLib_MCU.a(lpc17xx_i2c.o)
 *fill*         0x0000321d        0x3 ff
 .rodata        0x00003220       0x15 C:\Users\Wanderson\Documents\GitHub\projetosProjetistas\Lib_MCU\Debug\libLib_MCU.a(lpc17xx_ssp.o)
 *fill*         0x00003235        0x3 ff
 .rodata        0x00003238       0x17 C:\Users\Wanderson\Documents\GitHub\projetosProjetistas\Lib_MCU\Debug\libLib_MCU.a(lpc17xx_timer.o)
                0x00003250                . = ALIGN (0x4)
 *fill*         0x0000324f        0x1 ff

.glue_7         0x00003250        0x0
 .glue_7        0x00003250        0x0 linker stubs

.glue_7t        0x00003250        0x0
 .glue_7t       0x00003250        0x0 linker stubs

.vfp11_veneer   0x00003250        0x0
 .vfp11_veneer  0x00003250        0x0 linker stubs

.v4_bx          0x00003250        0x0
 .v4_bx         0x00003250        0x0 linker stubs

.iplt           0x00003250        0x0
 .iplt          0x00003250        0x0 ./src/Sensor.o

.ARM.extab
 *(.ARM.extab* .gnu.linkonce.armextab.*)
                0x00003250                __exidx_start = .

.ARM.exidx      0x00003250        0x8
 *(.ARM.exidx* .gnu.linkonce.armexidx.*)
 .ARM.exidx     0x00003250        0x8 c:/programas/nxp/lpcxpresso_8.2.0_647/lpcxpresso/tools/bin/../lib/gcc/arm-none-eabi/5.3.1/armv7-m\libgcc.a(_udivmoddi4.o)
                0x00003258                __exidx_end = .
                0x00003258                _etext = .

.rel.dyn        0x00003258        0x0
 .rel.iplt      0x00003258        0x0 ./src/Sensor.o

.data_RAM2      0x2007c000        0x0 load address 0x00003258
 FILL mask 0xff
                [!provide]                PROVIDE (__start_data_RAM2, .)
 *(.ramfunc.$RAM2)
 *(.ramfunc.$RamAHB32)
 *(.data.$RAM2*)
 *(.data.$RamAHB32*)
                0x2007c000                . = ALIGN (0x4)
                [!provide]                PROVIDE (__end_data_RAM2, .)

.uninit_RESERVED
                0x10000000        0x0
 *(.bss.$RESERVED*)
                0x10000000                . = ALIGN (0x4)
                0x10000000                _end_uninit_RESERVED = .

.data           0x10000000       0x10 load address 0x00003258
 FILL mask 0xff
                0x10000000                _data = .
 *(vtable)
 *(.ramfunc*)
 *(.data*)
 .data          0x10000000        0x4 ./src/main.o
 .data          0x10000004        0x4 C:\Users\Wanderson\Documents\GitHub\projetosProjetistas\Lib_CMSISv1p30_LPC17xx\Debug\libCMSISv1p30_LPC17xx.a(system_LPC17xx.o)
                0x10000004                SystemCoreClock
 .data          0x10000008        0x8 C:\Users\Wanderson\Documents\GitHub\projetosProjetistas\Lib_EaBaseBoard\Debug\libLib_EaBaseBoard.a(light.o)
                0x10000010                . = ALIGN (0x4)
                0x10000010                _edata = .

.igot.plt       0x10000010        0x0 load address 0x00003268
 .igot.plt      0x10000010        0x0 ./src/Sensor.o

.bss_RAM2       0x2007c000        0x0
                [!provide]                PROVIDE (__start_bss_RAM2, .)
 *(.bss.$RAM2*)
 *(.bss.$RamAHB32*)
                0x2007c000                . = ALIGN ((. != 0x0)?0x4:0x1)
                [!provide]                PROVIDE (__end_bss_RAM2, .)

.bss            0x10000010      0x354
                0x10000010                _bss = .
 *(.bss*)
 .bss           0x10000010        0xe ./src/main.o
 *fill*         0x1000001e        0x2 
 .bss           0x10000020      0x300 C:\Users\Wanderson\Documents\GitHub\projetosProjetistas\Lib_EaBaseBoard\Debug\libLib_EaBaseBoard.a(oled.o)
 .bss           0x10000320       0x24 C:\Users\Wanderson\Documents\GitHub\projetosProjetistas\Lib_MCU\Debug\libLib_MCU.a(lpc17xx_i2c.o)
 .bss           0x10000344       0x18 C:\Users\Wanderson\Documents\GitHub\projetosProjetistas\Lib_MCU\Debug\libLib_MCU.a(lpc17xx_ssp.o)
 *(COMMON)
 COMMON         0x1000035c        0x8 ./src/Sensor.o
                0x1000035c                ClassHandle
                0x10000364                . = ALIGN (0x4)
                0x10000364                _ebss = .
                [!provide]                PROVIDE (end, .)

.noinit_RAM2    0x2007c000        0x0
 *(.noinit.$RAM2*)
 *(.noinit.$RamAHB32*)
                0x2007c000                . = ALIGN (0x4)

.noinit         0x10000364        0x0
                0x10000364                _noinit = .
 *(.noinit*)
                0x10000364                . = ALIGN (0x4)
                0x10000364                _end_noinit = .
                [!provide]                PROVIDE (_pvHeapStart, DEFINED (__user_heap_base)?__user_heap_base:.)
                0x10008000                PROVIDE (_vStackTop, DEFINED (__user_stack_top)?__user_stack_top:(__top_RamLoc32 - 0x0))
                [!provide]                PROVIDE (__valid_user_code_checksum, (0x0 - ((((((_vStackTop + (ResetISR + 0x1)) + (NMI_Handler + 0x1)) + (HardFault_Handler + 0x1)) + (DEFINED (MemManage_Handler)?MemManage_Handler:0x0 + 0x1)) + (DEFINED (BusFault_Handler)?BusFault_Handler:0x0 + 0x1)) + (DEFINED (UsageFault_Handler)?UsageFault_Handler:0x0 + 0x1))))
OUTPUT(EPC3.axf elf32-littlearm)

.debug_info     0x00000000     0x55d8
 .debug_info    0x00000000      0x560 ./src/Sensor.o
 .debug_info    0x00000560      0x1b6 ./src/cr_startup_lpc17.o
 .debug_info    0x00000716      0x7f5 ./src/main.o
 .debug_info    0x00000f0b      0x2e3 C:\Users\Wanderson\Documents\GitHub\projetosProjetistas\Lib_CMSISv1p30_LPC17xx\Debug\libCMSISv1p30_LPC17xx.a(system_LPC17xx.o)
 .debug_info    0x000011ee      0x6fb C:\Users\Wanderson\Documents\GitHub\projetosProjetistas\Lib_EaBaseBoard\Debug\libLib_EaBaseBoard.a(light.o)
 .debug_info    0x000018e9      0x915 C:\Users\Wanderson\Documents\GitHub\projetosProjetistas\Lib_EaBaseBoard\Debug\libLib_EaBaseBoard.a(oled.o)
 .debug_info    0x000021fe       0x61 C:\Users\Wanderson\Documents\GitHub\projetosProjetistas\Lib_EaBaseBoard\Debug\libLib_EaBaseBoard.a(font5x7.o)
 .debug_info    0x0000225f      0xac9 C:\Users\Wanderson\Documents\GitHub\projetosProjetistas\Lib_MCU\Debug\libLib_MCU.a(lpc17xx_gpio.o)
 .debug_info    0x00002d28      0xc08 C:\Users\Wanderson\Documents\GitHub\projetosProjetistas\Lib_MCU\Debug\libLib_MCU.a(lpc17xx_i2c.o)
 .debug_info    0x00003930      0x44e C:\Users\Wanderson\Documents\GitHub\projetosProjetistas\Lib_MCU\Debug\libLib_MCU.a(lpc17xx_pinsel.o)
 .debug_info    0x00003d7e      0x7e1 C:\Users\Wanderson\Documents\GitHub\projetosProjetistas\Lib_MCU\Debug\libLib_MCU.a(lpc17xx_ssp.o)
 .debug_info    0x0000455f      0xad4 C:\Users\Wanderson\Documents\GitHub\projetosProjetistas\Lib_MCU\Debug\libLib_MCU.a(lpc17xx_timer.o)
 .debug_info    0x00005033      0x5a5 C:\Users\Wanderson\Documents\GitHub\projetosProjetistas\Lib_MCU\Debug\libLib_MCU.a(lpc17xx_clkpwr.o)

.debug_abbrev   0x00000000     0x1533
 .debug_abbrev  0x00000000      0x1b6 ./src/Sensor.o
 .debug_abbrev  0x000001b6       0xb9 ./src/cr_startup_lpc17.o
 .debug_abbrev  0x0000026f      0x277 ./src/main.o
 .debug_abbrev  0x000004e6       0xe6 C:\Users\Wanderson\Documents\GitHub\projetosProjetistas\Lib_CMSISv1p30_LPC17xx\Debug\libCMSISv1p30_LPC17xx.a(system_LPC17xx.o)
 .debug_abbrev  0x000005cc      0x1d2 C:\Users\Wanderson\Documents\GitHub\projetosProjetistas\Lib_EaBaseBoard\Debug\libLib_EaBaseBoard.a(light.o)
 .debug_abbrev  0x0000079e      0x201 C:\Users\Wanderson\Documents\GitHub\projetosProjetistas\Lib_EaBaseBoard\Debug\libLib_EaBaseBoard.a(oled.o)
 .debug_abbrev  0x0000099f       0x48 C:\Users\Wanderson\Documents\GitHub\projetosProjetistas\Lib_EaBaseBoard\Debug\libLib_EaBaseBoard.a(font5x7.o)
 .debug_abbrev  0x000009e7      0x193 C:\Users\Wanderson\Documents\GitHub\projetosProjetistas\Lib_MCU\Debug\libLib_MCU.a(lpc17xx_gpio.o)
 .debug_abbrev  0x00000b7a      0x28b C:\Users\Wanderson\Documents\GitHub\projetosProjetistas\Lib_MCU\Debug\libLib_MCU.a(lpc17xx_i2c.o)
 .debug_abbrev  0x00000e05      0x12b C:\Users\Wanderson\Documents\GitHub\projetosProjetistas\Lib_MCU\Debug\libLib_MCU.a(lpc17xx_pinsel.o)
 .debug_abbrev  0x00000f30      0x1fd C:\Users\Wanderson\Documents\GitHub\projetosProjetistas\Lib_MCU\Debug\libLib_MCU.a(lpc17xx_ssp.o)
 .debug_abbrev  0x0000112d      0x248 C:\Users\Wanderson\Documents\GitHub\projetosProjetistas\Lib_MCU\Debug\libLib_MCU.a(lpc17xx_timer.o)
 .debug_abbrev  0x00001375      0x1be C:\Users\Wanderson\Documents\GitHub\projetosProjetistas\Lib_MCU\Debug\libLib_MCU.a(lpc17xx_clkpwr.o)

.debug_aranges  0x00000000      0x620
 .debug_aranges
                0x00000000       0x48 ./src/Sensor.o
 .debug_aranges
                0x00000048       0x70 ./src/cr_startup_lpc17.o
 .debug_aranges
                0x000000b8       0x60 ./src/main.o
 .debug_aranges
                0x00000118       0x28 C:\Users\Wanderson\Documents\GitHub\projetosProjetistas\Lib_CMSISv1p30_LPC17xx\Debug\libCMSISv1p30_LPC17xx.a(system_LPC17xx.o)
 .debug_aranges
                0x00000140       0x98 C:\Users\Wanderson\Documents\GitHub\projetosProjetistas\Lib_EaBaseBoard\Debug\libLib_EaBaseBoard.a(light.o)
 .debug_aranges
                0x000001d8       0x90 C:\Users\Wanderson\Documents\GitHub\projetosProjetistas\Lib_EaBaseBoard\Debug\libLib_EaBaseBoard.a(oled.o)
 .debug_aranges
                0x00000268       0x18 C:\Users\Wanderson\Documents\GitHub\projetosProjetistas\Lib_EaBaseBoard\Debug\libLib_EaBaseBoard.a(font5x7.o)
 .debug_aranges
                0x00000280       0xc8 C:\Users\Wanderson\Documents\GitHub\projetosProjetistas\Lib_MCU\Debug\libLib_MCU.a(lpc17xx_gpio.o)
 .debug_aranges
                0x00000348       0xd0 C:\Users\Wanderson\Documents\GitHub\projetosProjetistas\Lib_MCU\Debug\libLib_MCU.a(lpc17xx_i2c.o)
 .debug_aranges
                0x00000418       0x48 C:\Users\Wanderson\Documents\GitHub\projetosProjetistas\Lib_MCU\Debug\libLib_MCU.a(lpc17xx_pinsel.o)
 .debug_aranges
                0x00000460       0xb8 C:\Users\Wanderson\Documents\GitHub\projetosProjetistas\Lib_MCU\Debug\libLib_MCU.a(lpc17xx_ssp.o)
 .debug_aranges
                0x00000518       0xa8 C:\Users\Wanderson\Documents\GitHub\projetosProjetistas\Lib_MCU\Debug\libLib_MCU.a(lpc17xx_timer.o)
 .debug_aranges
                0x000005c0       0x60 C:\Users\Wanderson\Documents\GitHub\projetosProjetistas\Lib_MCU\Debug\libLib_MCU.a(lpc17xx_clkpwr.o)

.debug_ranges   0x00000000      0x548
 .debug_ranges  0x00000000       0x38 ./src/Sensor.o
 .debug_ranges  0x00000038       0x60 ./src/cr_startup_lpc17.o
 .debug_ranges  0x00000098       0x50 ./src/main.o
 .debug_ranges  0x000000e8       0x18 C:\Users\Wanderson\Documents\GitHub\projetosProjetistas\Lib_CMSISv1p30_LPC17xx\Debug\libCMSISv1p30_LPC17xx.a(system_LPC17xx.o)
 .debug_ranges  0x00000100       0x88 C:\Users\Wanderson\Documents\GitHub\projetosProjetistas\Lib_EaBaseBoard\Debug\libLib_EaBaseBoard.a(light.o)
 .debug_ranges  0x00000188       0x80 C:\Users\Wanderson\Documents\GitHub\projetosProjetistas\Lib_EaBaseBoard\Debug\libLib_EaBaseBoard.a(oled.o)
 .debug_ranges  0x00000208       0xb8 C:\Users\Wanderson\Documents\GitHub\projetosProjetistas\Lib_MCU\Debug\libLib_MCU.a(lpc17xx_gpio.o)
 .debug_ranges  0x000002c0       0xc0 C:\Users\Wanderson\Documents\GitHub\projetosProjetistas\Lib_MCU\Debug\libLib_MCU.a(lpc17xx_i2c.o)
 .debug_ranges  0x00000380       0x38 C:\Users\Wanderson\Documents\GitHub\projetosProjetistas\Lib_MCU\Debug\libLib_MCU.a(lpc17xx_pinsel.o)
 .debug_ranges  0x000003b8       0xa8 C:\Users\Wanderson\Documents\GitHub\projetosProjetistas\Lib_MCU\Debug\libLib_MCU.a(lpc17xx_ssp.o)
 .debug_ranges  0x00000460       0x98 C:\Users\Wanderson\Documents\GitHub\projetosProjetistas\Lib_MCU\Debug\libLib_MCU.a(lpc17xx_timer.o)
 .debug_ranges  0x000004f8       0x50 C:\Users\Wanderson\Documents\GitHub\projetosProjetistas\Lib_MCU\Debug\libLib_MCU.a(lpc17xx_clkpwr.o)

.debug_macro    0x00000000     0x5364
 .debug_macro   0x00000000       0xc7 ./src/Sensor.o
 .debug_macro   0x000000c7      0x886 ./src/Sensor.o
 .debug_macro   0x0000094d       0x1c ./src/Sensor.o
 .debug_macro   0x00000969       0x22 ./src/Sensor.o
 .debug_macro   0x0000098b       0x22 ./src/Sensor.o
 .debug_macro   0x000009ad       0x87 ./src/Sensor.o
 .debug_macro   0x00000a34       0x44 ./src/Sensor.o
 .debug_macro   0x00000a78       0xfd ./src/Sensor.o
 .debug_macro   0x00000b75       0x22 ./src/Sensor.o
 .debug_macro   0x00000b97      0x1df ./src/Sensor.o
 .debug_macro   0x00000d76      0x7b7 ./src/Sensor.o
 .debug_macro   0x0000152d      0x2c7 ./src/Sensor.o
 .debug_macro   0x000017f4       0x63 ./src/Sensor.o
 .debug_macro   0x00001857      0x143 ./src/Sensor.o
 .debug_macro   0x0000199a      0x192 ./src/Sensor.o
 .debug_macro   0x00001b2c       0x46 ./src/Sensor.o
 .debug_macro   0x00001b72       0x79 ./src/cr_startup_lpc17.o
 .debug_macro   0x00001beb       0xe1 ./src/main.o
 .debug_macro   0x00001ccc      0x2af ./src/main.o
 .debug_macro   0x00001f7b       0xf4 ./src/main.o
 .debug_macro   0x0000206f       0xe9 ./src/main.o
 .debug_macro   0x00002158       0x16 ./src/main.o
 .debug_macro   0x0000216e      0x113 C:\Users\Wanderson\Documents\GitHub\projetosProjetistas\Lib_CMSISv1p30_LPC17xx\Debug\libCMSISv1p30_LPC17xx.a(system_LPC17xx.o)
 .debug_macro   0x00002281      0x880 C:\Users\Wanderson\Documents\GitHub\projetosProjetistas\Lib_CMSISv1p30_LPC17xx\Debug\libCMSISv1p30_LPC17xx.a(system_LPC17xx.o)
 .debug_macro   0x00002b01       0x10 C:\Users\Wanderson\Documents\GitHub\projetosProjetistas\Lib_CMSISv1p30_LPC17xx\Debug\libCMSISv1p30_LPC17xx.a(system_LPC17xx.o)
 .debug_macro   0x00002b11      0x12d C:\Users\Wanderson\Documents\GitHub\projetosProjetistas\Lib_CMSISv1p30_LPC17xx\Debug\libCMSISv1p30_LPC17xx.a(system_LPC17xx.o)
 .debug_macro   0x00002c3e      0x5b2 C:\Users\Wanderson\Documents\GitHub\projetosProjetistas\Lib_CMSISv1p30_LPC17xx\Debug\libCMSISv1p30_LPC17xx.a(system_LPC17xx.o)
 .debug_macro   0x000031f0      0x7d5 C:\Users\Wanderson\Documents\GitHub\projetosProjetistas\Lib_CMSISv1p30_LPC17xx\Debug\libCMSISv1p30_LPC17xx.a(system_LPC17xx.o)
 .debug_macro   0x000039c5      0x126 C:\Users\Wanderson\Documents\GitHub\projetosProjetistas\Lib_EaBaseBoard\Debug\libLib_EaBaseBoard.a(light.o)
 .debug_macro   0x00003aeb      0x18c C:\Users\Wanderson\Documents\GitHub\projetosProjetistas\Lib_EaBaseBoard\Debug\libLib_EaBaseBoard.a(light.o)
 .debug_macro   0x00003c77       0xdd C:\Users\Wanderson\Documents\GitHub\projetosProjetistas\Lib_EaBaseBoard\Debug\libLib_EaBaseBoard.a(oled.o)
 .debug_macro   0x00003d54       0x5d C:\Users\Wanderson\Documents\GitHub\projetosProjetistas\Lib_EaBaseBoard\Debug\libLib_EaBaseBoard.a(oled.o)
 .debug_macro   0x00003db1       0x40 C:\Users\Wanderson\Documents\GitHub\projetosProjetistas\Lib_EaBaseBoard\Debug\libLib_EaBaseBoard.a(oled.o)
 .debug_macro   0x00003df1       0x1a C:\Users\Wanderson\Documents\GitHub\projetosProjetistas\Lib_EaBaseBoard\Debug\libLib_EaBaseBoard.a(font5x7.o)
 .debug_macro   0x00003e0b      0x696 C:\Users\Wanderson\Documents\GitHub\projetosProjetistas\Lib_EaBaseBoard\Debug\libLib_EaBaseBoard.a(font5x7.o)
 .debug_macro   0x000044a1       0x83 C:\Users\Wanderson\Documents\GitHub\projetosProjetistas\Lib_MCU\Debug\libLib_MCU.a(lpc17xx_gpio.o)
 .debug_macro   0x00004524       0xcb C:\Users\Wanderson\Documents\GitHub\projetosProjetistas\Lib_MCU\Debug\libLib_MCU.a(lpc17xx_gpio.o)
 .debug_macro   0x000045ef       0x95 C:\Users\Wanderson\Documents\GitHub\projetosProjetistas\Lib_MCU\Debug\libLib_MCU.a(lpc17xx_i2c.o)
 .debug_macro   0x00004684      0x2fe C:\Users\Wanderson\Documents\GitHub\projetosProjetistas\Lib_MCU\Debug\libLib_MCU.a(lpc17xx_i2c.o)
 .debug_macro   0x00004982      0x149 C:\Users\Wanderson\Documents\GitHub\projetosProjetistas\Lib_MCU\Debug\libLib_MCU.a(lpc17xx_i2c.o)
 .debug_macro   0x00004acb       0x7a C:\Users\Wanderson\Documents\GitHub\projetosProjetistas\Lib_MCU\Debug\libLib_MCU.a(lpc17xx_pinsel.o)
 .debug_macro   0x00004b45       0x8c C:\Users\Wanderson\Documents\GitHub\projetosProjetistas\Lib_MCU\Debug\libLib_MCU.a(lpc17xx_ssp.o)
 .debug_macro   0x00004bd1      0x2a9 C:\Users\Wanderson\Documents\GitHub\projetosProjetistas\Lib_MCU\Debug\libLib_MCU.a(lpc17xx_ssp.o)
 .debug_macro   0x00004e7a       0x95 C:\Users\Wanderson\Documents\GitHub\projetosProjetistas\Lib_MCU\Debug\libLib_MCU.a(lpc17xx_timer.o)
 .debug_macro   0x00004f0f       0xe3 C:\Users\Wanderson\Documents\GitHub\projetosProjetistas\Lib_MCU\Debug\libLib_MCU.a(lpc17xx_timer.o)
 .debug_macro   0x00004ff2       0x7a C:\Users\Wanderson\Documents\GitHub\projetosProjetistas\Lib_MCU\Debug\libLib_MCU.a(lpc17xx_clkpwr.o)
 .debug_macro   0x0000506c      0x2f8 C:\Users\Wanderson\Documents\GitHub\projetosProjetistas\Lib_MCU\Debug\libLib_MCU.a(lpc17xx_clkpwr.o)

.debug_line     0x00000000     0x346a
 .debug_line    0x00000000      0x3d8 ./src/Sensor.o
 .debug_line    0x000003d8      0x350 ./src/cr_startup_lpc17.o
 .debug_line    0x00000728      0x4c2 ./src/main.o
 .debug_line    0x00000bea      0x217 C:\Users\Wanderson\Documents\GitHub\projetosProjetistas\Lib_CMSISv1p30_LPC17xx\Debug\libCMSISv1p30_LPC17xx.a(system_LPC17xx.o)
 .debug_line    0x00000e01      0x3c3 C:\Users\Wanderson\Documents\GitHub\projetosProjetistas\Lib_EaBaseBoard\Debug\libLib_EaBaseBoard.a(light.o)
 .debug_line    0x000011c4      0x595 C:\Users\Wanderson\Documents\GitHub\projetosProjetistas\Lib_EaBaseBoard\Debug\libLib_EaBaseBoard.a(oled.o)
 .debug_line    0x00001759       0x8d C:\Users\Wanderson\Documents\GitHub\projetosProjetistas\Lib_EaBaseBoard\Debug\libLib_EaBaseBoard.a(font5x7.o)
 .debug_line    0x000017e6      0x423 C:\Users\Wanderson\Documents\GitHub\projetosProjetistas\Lib_MCU\Debug\libLib_MCU.a(lpc17xx_gpio.o)
 .debug_line    0x00001c09      0x6f8 C:\Users\Wanderson\Documents\GitHub\projetosProjetistas\Lib_MCU\Debug\libLib_MCU.a(lpc17xx_i2c.o)
 .debug_line    0x00002301      0x27d C:\Users\Wanderson\Documents\GitHub\projetosProjetistas\Lib_MCU\Debug\libLib_MCU.a(lpc17xx_pinsel.o)
 .debug_line    0x0000257e      0x629 C:\Users\Wanderson\Documents\GitHub\projetosProjetistas\Lib_MCU\Debug\libLib_MCU.a(lpc17xx_ssp.o)
 .debug_line    0x00002ba7      0x5e5 C:\Users\Wanderson\Documents\GitHub\projetosProjetistas\Lib_MCU\Debug\libLib_MCU.a(lpc17xx_timer.o)
 .debug_line    0x0000318c      0x2de C:\Users\Wanderson\Documents\GitHub\projetosProjetistas\Lib_MCU\Debug\libLib_MCU.a(lpc17xx_clkpwr.o)

.debug_str      0x00000000     0xfdb2
 .debug_str     0x00000000     0x8644 ./src/Sensor.o
                               0x87b5 (size before relaxing)
 .debug_str     0x00008644      0x13a ./src/cr_startup_lpc17.o
                               0x3402 (size before relaxing)
 .debug_str     0x0000877e     0x20eb ./src/main.o
                               0xa730 (size before relaxing)
 .debug_str     0x0000a869     0x1b24 C:\Users\Wanderson\Documents\GitHub\projetosProjetistas\Lib_CMSISv1p30_LPC17xx\Debug\libCMSISv1p30_LPC17xx.a(system_LPC17xx.o)
                               0x7ff5 (size before relaxing)
 .debug_str     0x0000c38d      0x55f C:\Users\Wanderson\Documents\GitHub\projetosProjetistas\Lib_EaBaseBoard\Debug\libLib_EaBaseBoard.a(light.o)
                               0x8be5 (size before relaxing)
 .debug_str     0x0000c8ec      0x396 C:\Users\Wanderson\Documents\GitHub\projetosProjetistas\Lib_EaBaseBoard\Debug\libLib_EaBaseBoard.a(oled.o)
                               0x9c71 (size before relaxing)
 .debug_str     0x0000cc82      0xe21 C:\Users\Wanderson\Documents\GitHub\projetosProjetistas\Lib_EaBaseBoard\Debug\libLib_EaBaseBoard.a(font5x7.o)
                               0x32d2 (size before relaxing)
 .debug_str     0x0000daa3      0x4e0 C:\Users\Wanderson\Documents\GitHub\projetosProjetistas\Lib_MCU\Debug\libLib_MCU.a(lpc17xx_gpio.o)
                               0x8448 (size before relaxing)
 .debug_str     0x0000df83     0x1507 C:\Users\Wanderson\Documents\GitHub\projetosProjetistas\Lib_MCU\Debug\libLib_MCU.a(lpc17xx_i2c.o)
                               0xa4cb (size before relaxing)
 .debug_str     0x0000f48a      0x214 C:\Users\Wanderson\Documents\GitHub\projetosProjetistas\Lib_MCU\Debug\libLib_MCU.a(lpc17xx_pinsel.o)
                               0x848c (size before relaxing)
 .debug_str     0x0000f69e      0x211 C:\Users\Wanderson\Documents\GitHub\projetosProjetistas\Lib_MCU\Debug\libLib_MCU.a(lpc17xx_ssp.o)
                               0xa438 (size before relaxing)
 .debug_str     0x0000f8af      0x438 C:\Users\Wanderson\Documents\GitHub\projetosProjetistas\Lib_MCU\Debug\libLib_MCU.a(lpc17xx_timer.o)
                               0xa402 (size before relaxing)
 .debug_str     0x0000fce7       0xcb C:\Users\Wanderson\Documents\GitHub\projetosProjetistas\Lib_MCU\Debug\libLib_MCU.a(lpc17xx_clkpwr.o)
                               0x91e9 (size before relaxing)

.comment        0x00000000       0x6e
 .comment       0x00000000       0x6e ./src/Sensor.o
                                 0x6f (size before relaxing)
 .comment       0x0000006e       0x6f ./src/cr_startup_lpc17.o
 .comment       0x0000006e       0x6f ./src/main.o
 .comment       0x0000006e       0x6f C:\Users\Wanderson\Documents\GitHub\projetosProjetistas\Lib_CMSISv1p30_LPC17xx\Debug\libCMSISv1p30_LPC17xx.a(system_LPC17xx.o)
 .comment       0x0000006e       0x6f C:\Users\Wanderson\Documents\GitHub\projetosProjetistas\Lib_EaBaseBoard\Debug\libLib_EaBaseBoard.a(light.o)
 .comment       0x0000006e       0x6f C:\Users\Wanderson\Documents\GitHub\projetosProjetistas\Lib_EaBaseBoard\Debug\libLib_EaBaseBoard.a(oled.o)
 .comment       0x0000006e       0x6f C:\Users\Wanderson\Documents\GitHub\projetosProjetistas\Lib_EaBaseBoard\Debug\libLib_EaBaseBoard.a(font5x7.o)
 .comment       0x0000006e       0x6f C:\Users\Wanderson\Documents\GitHub\projetosProjetistas\Lib_MCU\Debug\libLib_MCU.a(lpc17xx_gpio.o)
 .comment       0x0000006e       0x6f C:\Users\Wanderson\Documents\GitHub\projetosProjetistas\Lib_MCU\Debug\libLib_MCU.a(lpc17xx_i2c.o)
 .comment       0x0000006e       0x6f C:\Users\Wanderson\Documents\GitHub\projetosProjetistas\Lib_MCU\Debug\libLib_MCU.a(lpc17xx_pinsel.o)
 .comment       0x0000006e       0x6f C:\Users\Wanderson\Documents\GitHub\projetosProjetistas\Lib_MCU\Debug\libLib_MCU.a(lpc17xx_ssp.o)
 .comment       0x0000006e       0x6f C:\Users\Wanderson\Documents\GitHub\projetosProjetistas\Lib_MCU\Debug\libLib_MCU.a(lpc17xx_timer.o)
 .comment       0x0000006e       0x6f C:\Users\Wanderson\Documents\GitHub\projetosProjetistas\Lib_MCU\Debug\libLib_MCU.a(lpc17xx_clkpwr.o)

.ARM.attributes
                0x00000000       0x33
 .ARM.attributes
                0x00000000       0x33 ./src/Sensor.o
 .ARM.attributes
                0x00000033       0x33 ./src/cr_startup_lpc17.o
 .ARM.attributes
                0x00000066       0x33 ./src/main.o
 .ARM.attributes
                0x00000099       0x33 C:\Users\Wanderson\Documents\GitHub\projetosProjetistas\Lib_CMSISv1p30_LPC17xx\Debug\libCMSISv1p30_LPC17xx.a(system_LPC17xx.o)
 .ARM.attributes
                0x000000cc       0x33 C:\Users\Wanderson\Documents\GitHub\projetosProjetistas\Lib_EaBaseBoard\Debug\libLib_EaBaseBoard.a(light.o)
 .ARM.attributes
                0x000000ff       0x33 C:\Users\Wanderson\Documents\GitHub\projetosProjetistas\Lib_EaBaseBoard\Debug\libLib_EaBaseBoard.a(oled.o)
 .ARM.attributes
                0x00000132       0x33 C:\Users\Wanderson\Documents\GitHub\projetosProjetistas\Lib_EaBaseBoard\Debug\libLib_EaBaseBoard.a(font5x7.o)
 .ARM.attributes
                0x00000165       0x33 C:\Users\Wanderson\Documents\GitHub\projetosProjetistas\Lib_MCU\Debug\libLib_MCU.a(lpc17xx_gpio.o)
 .ARM.attributes
                0x00000198       0x33 C:\Users\Wanderson\Documents\GitHub\projetosProjetistas\Lib_MCU\Debug\libLib_MCU.a(lpc17xx_i2c.o)
 .ARM.attributes
                0x000001cb       0x33 C:\Users\Wanderson\Documents\GitHub\projetosProjetistas\Lib_MCU\Debug\libLib_MCU.a(lpc17xx_pinsel.o)
 .ARM.attributes
                0x000001fe       0x33 C:\Users\Wanderson\Documents\GitHub\projetosProjetistas\Lib_MCU\Debug\libLib_MCU.a(lpc17xx_ssp.o)
 .ARM.attributes
                0x00000231       0x33 C:\Users\Wanderson\Documents\GitHub\projetosProjetistas\Lib_MCU\Debug\libLib_MCU.a(lpc17xx_timer.o)
 .ARM.attributes
                0x00000264       0x33 C:\Users\Wanderson\Documents\GitHub\projetosProjetistas\Lib_MCU\Debug\libLib_MCU.a(lpc17xx_clkpwr.o)
 .ARM.attributes
                0x00000297       0x1d c:/programas/nxp/lpcxpresso_8.2.0_647/lpcxpresso/tools/bin/../lib/gcc/arm-none-eabi/5.3.1/armv7-m\libgcc.a(_aeabi_uldivmod.o)
 .ARM.attributes
                0x000002b4       0x2d c:/programas/nxp/lpcxpresso_8.2.0_647/lpcxpresso/tools/bin/../lib/gcc/arm-none-eabi/5.3.1/armv7-m\libgcc.a(_udivmoddi4.o)
 .ARM.attributes
                0x000002e1       0x1d c:/programas/nxp/lpcxpresso_8.2.0_647/lpcxpresso/tools/bin/../lib/gcc/arm-none-eabi/5.3.1/armv7-m\libgcc.a(_dvmd_tls.o)
 .ARM.attributes
                0x000002fe       0x2d c:/programas/nxp/lpcxpresso_8.2.0_647/lpcxpresso/tools/bin/../lib/gcc/arm-none-eabi/5.3.1/../../../../arm-none-eabi/lib/armv7-m\libc.a(lib_a-memset.o)

.debug_frame    0x00000000     0x1730
 .debug_frame   0x00000000       0xd8 ./src/Sensor.o
 .debug_frame   0x000000d8      0x120 ./src/cr_startup_lpc17.o
 .debug_frame   0x000001f8      0x14c ./src/main.o
 .debug_frame   0x00000344       0x64 C:\Users\Wanderson\Documents\GitHub\projetosProjetistas\Lib_CMSISv1p30_LPC17xx\Debug\libCMSISv1p30_LPC17xx.a(system_LPC17xx.o)
 .debug_frame   0x000003a8      0x24c C:\Users\Wanderson\Documents\GitHub\projetosProjetistas\Lib_EaBaseBoard\Debug\libLib_EaBaseBoard.a(light.o)
 .debug_frame   0x000005f4      0x244 C:\Users\Wanderson\Documents\GitHub\projetosProjetistas\Lib_EaBaseBoard\Debug\libLib_EaBaseBoard.a(oled.o)
 .debug_frame   0x00000838      0x344 C:\Users\Wanderson\Documents\GitHub\projetosProjetistas\Lib_MCU\Debug\libLib_MCU.a(lpc17xx_gpio.o)
 .debug_frame   0x00000b7c      0x35c C:\Users\Wanderson\Documents\GitHub\projetosProjetistas\Lib_MCU\Debug\libLib_MCU.a(lpc17xx_i2c.o)
 .debug_frame   0x00000ed8       0xfc C:\Users\Wanderson\Documents\GitHub\projetosProjetistas\Lib_MCU\Debug\libLib_MCU.a(lpc17xx_pinsel.o)
 .debug_frame   0x00000fd4      0x2e0 C:\Users\Wanderson\Documents\GitHub\projetosProjetistas\Lib_MCU\Debug\libLib_MCU.a(lpc17xx_ssp.o)
 .debug_frame   0x000012b4      0x2a8 C:\Users\Wanderson\Documents\GitHub\projetosProjetistas\Lib_MCU\Debug\libLib_MCU.a(lpc17xx_timer.o)
 .debug_frame   0x0000155c      0x13c C:\Users\Wanderson\Documents\GitHub\projetosProjetistas\Lib_MCU\Debug\libLib_MCU.a(lpc17xx_clkpwr.o)
 .debug_frame   0x00001698       0x2c c:/programas/nxp/lpcxpresso_8.2.0_647/lpcxpresso/tools/bin/../lib/gcc/arm-none-eabi/5.3.1/armv7-m\libgcc.a(_aeabi_uldivmod.o)
 .debug_frame   0x000016c4       0x38 c:/programas/nxp/lpcxpresso_8.2.0_647/lpcxpresso/tools/bin/../lib/gcc/arm-none-eabi/5.3.1/armv7-m\libgcc.a(_udivmoddi4.o)
 .debug_frame   0x000016fc       0x34 c:/programas/nxp/lpcxpresso_8.2.0_647/lpcxpresso/tools/bin/../lib/gcc/arm-none-eabi/5.3.1/../../../../arm-none-eabi/lib/armv7-m\libc.a(lib_a-memset.o)
