Archive member included to satisfy reference by file (symbol)

C:\Users\Wanderson\Documents\LPCXpresso_8.2.0_647\workspace\Lib_CMSISv1p30_LPC17xx\Debug\libCMSISv1p30_LPC17xx.a(system_LPC17xx.o)
                              ./src/main.o (SystemCoreClock)
C:\Users\Wanderson\Documents\LPCXpresso_8.2.0_647\workspace\Lib_EaBaseBoard\Debug\libLib_EaBaseBoard.a(light.o)
                              ./src/main.o (light_init)
C:\Users\Wanderson\Documents\LPCXpresso_8.2.0_647\workspace\Lib_EaBaseBoard\Debug\libLib_EaBaseBoard.a(oled.o)
                              ./src/main.o (oled_init)
C:\Users\Wanderson\Documents\LPCXpresso_8.2.0_647\workspace\Lib_EaBaseBoard\Debug\libLib_EaBaseBoard.a(font5x7.o)
                              C:\Users\Wanderson\Documents\LPCXpresso_8.2.0_647\workspace\Lib_EaBaseBoard\Debug\libLib_EaBaseBoard.a(oled.o) (font5x7)
C:\Users\Wanderson\Documents\LPCXpresso_8.2.0_647\workspace\Lib_MCU\Debug\libLib_MCU.a(lpc17xx_adc.o)
                              ./src/main.o (ADC_Init)
C:\Users\Wanderson\Documents\LPCXpresso_8.2.0_647\workspace\Lib_MCU\Debug\libLib_MCU.a(lpc17xx_clkpwr.o)
                              C:\Users\Wanderson\Documents\LPCXpresso_8.2.0_647\workspace\Lib_MCU\Debug\libLib_MCU.a(lpc17xx_adc.o) (CLKPWR_GetPCLK)
C:\Users\Wanderson\Documents\LPCXpresso_8.2.0_647\workspace\Lib_MCU\Debug\libLib_MCU.a(lpc17xx_gpio.o)
                              C:\Users\Wanderson\Documents\LPCXpresso_8.2.0_647\workspace\Lib_EaBaseBoard\Debug\libLib_EaBaseBoard.a(oled.o) (GPIO_SetDir)
C:\Users\Wanderson\Documents\LPCXpresso_8.2.0_647\workspace\Lib_MCU\Debug\libLib_MCU.a(lpc17xx_i2c.o)
                              ./src/main.o (I2C_Init)
C:\Users\Wanderson\Documents\LPCXpresso_8.2.0_647\workspace\Lib_MCU\Debug\libLib_MCU.a(lpc17xx_pinsel.o)
                              ./src/main.o (PINSEL_ConfigPin)
C:\Users\Wanderson\Documents\LPCXpresso_8.2.0_647\workspace\Lib_MCU\Debug\libLib_MCU.a(lpc17xx_ssp.o)
                              ./src/main.o (SSP_Init)
C:\Users\Wanderson\Documents\LPCXpresso_8.2.0_647\workspace\Lib_MCU\Debug\libLib_MCU.a(lpc17xx_timer.o)
                              ./src/main.o (Timer0_Wait)
c:/programas/nxp/lpcxpresso_8.2.0_647/lpcxpresso/tools/bin/../lib/gcc/arm-none-eabi/5.3.1/armv7-m\libgcc.a(_aeabi_uldivmod.o)
                              C:\Users\Wanderson\Documents\LPCXpresso_8.2.0_647\workspace\Lib_CMSISv1p30_LPC17xx\Debug\libCMSISv1p30_LPC17xx.a(system_LPC17xx.o) (__aeabi_uldivmod)
c:/programas/nxp/lpcxpresso_8.2.0_647/lpcxpresso/tools/bin/../lib/gcc/arm-none-eabi/5.3.1/armv7-m\libgcc.a(_udivmoddi4.o)
                              c:/programas/nxp/lpcxpresso_8.2.0_647/lpcxpresso/tools/bin/../lib/gcc/arm-none-eabi/5.3.1/armv7-m\libgcc.a(_aeabi_uldivmod.o) (__udivmoddi4)
c:/programas/nxp/lpcxpresso_8.2.0_647/lpcxpresso/tools/bin/../lib/gcc/arm-none-eabi/5.3.1/armv7-m\libgcc.a(_dvmd_tls.o)
                              c:/programas/nxp/lpcxpresso_8.2.0_647/lpcxpresso/tools/bin/../lib/gcc/arm-none-eabi/5.3.1/armv7-m\libgcc.a(_aeabi_uldivmod.o) (__aeabi_ldiv0)
c:/programas/nxp/lpcxpresso_8.2.0_647/lpcxpresso/tools/bin/../lib/gcc/arm-none-eabi/5.3.1/../../../../arm-none-eabi/lib/armv7-m\libc.a(lib_a-memset.o)
                              C:\Users\Wanderson\Documents\LPCXpresso_8.2.0_647\workspace\Lib_EaBaseBoard\Debug\libLib_EaBaseBoard.a(oled.o) (memset)

Discarded input sections

 .group         0x00000000        0x8 ./src/cr_startup_lpc17.o
 .group         0x00000000        0x8 ./src/cr_startup_lpc17.o
 .group         0x00000000        0x8 ./src/cr_startup_lpc17.o
 .group         0x00000000        0x8 ./src/cr_startup_lpc17.o
 .group         0x00000000        0x8 ./src/cr_startup_lpc17.o
 .group         0x00000000        0x8 ./src/cr_startup_lpc17.o
 .group         0x00000000        0x8 ./src/cr_startup_lpc17.o
 .text          0x00000000        0x0 ./src/cr_startup_lpc17.o
 .data          0x00000000        0x0 ./src/cr_startup_lpc17.o
 .bss           0x00000000        0x0 ./src/cr_startup_lpc17.o
 .text.SysTick_Handler
                0x00000000        0x8 ./src/cr_startup_lpc17.o
 .group         0x00000000        0x8 ./src/main.o
 .group         0x00000000        0x8 ./src/main.o
 .group         0x00000000        0x8 ./src/main.o
 .group         0x00000000        0x8 ./src/main.o
 .group         0x00000000        0x8 ./src/main.o
 .group         0x00000000        0x8 ./src/main.o
 .group         0x00000000        0x8 ./src/main.o
 .group         0x00000000        0x8 ./src/main.o
 .group         0x00000000        0x8 ./src/main.o
 .group         0x00000000        0x8 ./src/main.o
 .group         0x00000000        0x8 ./src/main.o
 .group         0x00000000        0x8 ./src/main.o
 .group         0x00000000        0x8 ./src/main.o
 .group         0x00000000        0x8 ./src/main.o
 .group         0x00000000        0x8 ./src/main.o
 .group         0x00000000        0x8 ./src/main.o
 .group         0x00000000        0x8 ./src/main.o
[...]
Memory Configuration

Name             Origin             Length             Attributes
MFlash512        0x00000000         0x00080000         xr
RamLoc32         0x10000000         0x00008000         xrw
RamAHB32         0x2007c000         0x00008000         xrw
*default*        0x00000000         0xffffffff

Linker script and memory map

LOAD ./src/cr_startup_lpc17.o
LOAD ./src/main.o
LOAD C:\Users\Wanderson\Documents\LPCXpresso_8.2.0_647\workspace\Lib_CMSISv1p30_LPC17xx\Debug\libCMSISv1p30_LPC17xx.a
LOAD C:\Users\Wanderson\Documents\LPCXpresso_8.2.0_647\workspace\Lib_EaBaseBoard\Debug\libLib_EaBaseBoard.a
LOAD C:\Users\Wanderson\Documents\LPCXpresso_8.2.0_647\workspace\Lib_MCU\Debug\libLib_MCU.a
START GROUP
LOAD c:/programas/nxp/lpcxpresso_8.2.0_647/lpcxpresso/tools/bin/../lib/gcc/arm-none-eabi/5.3.1/armv7-m\libgcc.a
LOAD c:/programas/nxp/lpcxpresso_8.2.0_647/lpcxpresso/tools/bin/../lib/gcc/arm-none-eabi/5.3.1/../../../../arm-none-eabi/lib/armv7-m\libc.a
LOAD c:/programas/nxp/lpcxpresso_8.2.0_647/lpcxpresso/tools/bin/../lib/gcc/arm-none-eabi/5.3.1/../../../../arm-none-eabi/lib/armv7-m\libm.a
LOAD c:/programas/nxp/lpcxpresso_8.2.0_647/lpcxpresso/tools/bin/../lib/gcc/arm-none-eabi/5.3.1/../../../../arm-none-eabi/lib/armv7-m\libcr_newlib_semihost.a
END GROUP
                0x00000000                __base_MFlash512 = 0x0
                0x00000000                __base_Flash = 0x0
                0x00080000                __top_MFlash512 = 0x80000
                0x00080000                __top_Flash = 0x80000
                0x10000000                __base_RamLoc32 = 0x10000000
                0x10000000                __base_RAM = 0x10000000
                0x10008000                __top_RamLoc32 = 0x10008000
                0x10008000                __top_RAM = 0x10008000
                0x2007c000                __base_RamAHB32 = 0x2007c000
                0x2007c000                __base_RAM2 = 0x2007c000
                0x20084000                __top_RamAHB32 = 0x20084000
                0x20084000                __top_RAM2 = 0x20084000

.text           0x00000000     0x36b0
 FILL mask 0xff
                0x00000000                __vectors_start__ = ABSOLUTE (.)
 *(.isr_vector)
 .isr_vector    0x00000000       0xcc ./src/cr_startup_lpc17.o
                0x00000000                g_pfnVectors
                0x000000cc                . = ALIGN (0x4)
                0x000000cc                __section_table_start = .
                0x000000cc                __data_section_table = .
                0x000000cc        0x4 LONG 0x36b8 LOADADDR (.data)
                0x000000d0        0x4 LONG 0x10000000 ADDR (.data)
                0x000000d4        0x4 LONG 0x10 SIZEOF (.data)
                0x000000d8        0x4 LONG 0x36b8 LOADADDR (.data_RAM2)
                0x000000dc        0x4 LONG 0x2007c000 ADDR (.data_RAM2)
                0x000000e0        0x4 LONG 0x0 SIZEOF (.data_RAM2)
                0x000000e4                __data_section_table_end = .
                0x000000e4                __bss_section_table = .
                0x000000e4        0x4 LONG 0x10000010 ADDR (.bss)
                0x000000e8        0x4 LONG 0x354 SIZEOF (.bss)
                0x000000ec        0x4 LONG 0x2007c000 ADDR (.bss_RAM2)
                0x000000f0        0x4 LONG 0x0 SIZEOF (.bss_RAM2)
                0x000000f4                __bss_section_table_end = .
                0x000000f4                __section_table_end = .
 *(.after_vectors*)
 *(.text*)
 .text.ResetISR
                0x000000f4       0x58 ./src/cr_startup_lpc17.o
                0x000000f4                ResetISR
 .text.NMI_Handler
                0x0000014c        0x8 ./src/cr_startup_lpc17.o
                0x0000014c                NMI_Handler
 .text.HardFault_Handler
                0x00000154        0x8 ./src/cr_startup_lpc17.o
                0x00000154                HardFault_Handler
 .text.MemManage_Handler
                0x0000015c        0x8 ./src/cr_startup_lpc17.o
                0x0000015c                MemManage_Handler
 .text.BusFault_Handler
                0x00000164        0x8 ./src/cr_startup_lpc17.o
                0x00000164                BusFault_Handler
 .text.UsageFault_Handler
                0x0000016c        0x8 ./src/cr_startup_lpc17.o
                0x0000016c                UsageFault_Handler
 .text.SVCall_Handler
                0x00000174        0x8 ./src/cr_startup_lpc17.o
                0x00000174                SVCall_Handler
 .text.DebugMon_Handler
                0x0000017c        0x8 ./src/cr_startup_lpc17.o
                0x0000017c                DebugMon_Handler
 .text.PendSV_Handler
                0x00000184        0x8 ./src/cr_startup_lpc17.o
                0x00000184                PendSV_Handler
 .text.IntDefaultHandler
                0x0000018c        0x8 ./src/cr_startup_lpc17.o
                0x0000018c                TIMER2_IRQHandler
                0x0000018c                RIT_IRQHandler
                0x0000018c                I2C0_IRQHandler
                0x0000018c                USBActivity_IRQHandler
                0x0000018c                PWM1_IRQHandler
                0x0000018c                I2C1_IRQHandler
                0x0000018c                EINT2_IRQHandler
                0x0000018c                UART1_IRQHandler
                0x0000018c                EINT3_IRQHandler
                0x0000018c                CANActivity_IRQHandler
                0x0000018c                TIMER3_IRQHandler
                0x0000018c                UART0_IRQHandler
                0x0000018c                IntDefaultHandler
                0x0000018c                PLL0_IRQHandler
                0x0000018c                CAN_IRQHandler
                0x0000018c                PLL1_IRQHandler
                0x0000018c                SSP0_IRQHandler
                0x0000018c                I2S_IRQHandler
                0x0000018c                I2C2_IRQHandler
                0x0000018c                RTC_IRQHandler
                0x0000018c                SPI_IRQHandler
                0x0000018c                EINT1_IRQHandler
                0x0000018c                TIMER1_IRQHandler
                0x0000018c                UART2_IRQHandler
                0x0000018c                ADC_IRQHandler
                0x0000018c                SSP1_IRQHandler
                0x0000018c                USB_IRQHandler
                0x0000018c                BOD_IRQHandler
                0x0000018c                WDT_IRQHandler
                0x0000018c                QEI_IRQHandler
                0x0000018c                EINT0_IRQHandler
                0x0000018c                DMA_IRQHandler
                0x0000018c                UART3_IRQHandler
                0x0000018c                MCPWM_IRQHandler
                0x0000018c                ENET_IRQHandler
 .text.NVIC_EnableIRQ
                0x00000194       0x30 ./src/main.o
 .text.NVIC_DisableIRQ
                0x000001c4       0x34 ./src/main.o
 .text.NVIC_SetPriority
                0x000001f8       0x54 ./src/main.o
 .text.SysTick_Config
                0x0000024c       0x44 ./src/main.o
 .text.intToString
                0x00000290       0xc8 ./src/main.o
 .text.SysTick_Handler
                0x00000358       0x1c ./src/main.o
                0x00000358                SysTick_Handler
 .text.init_ssp
                0x00000374       0x78 ./src/main.o
 .text.init_i2c
                0x000003ec       0x48 ./src/main.o
 .text.Read_packet
                0x00000434       0x10 ./src/main.o
                0x00000434                Read_packet
 .text.init_adc
                0x00000444       0x54 ./src/main.o
 .text.main     0x00000498       0xb4 ./src/main.o
                0x00000498                main
 .text.check_failed
                0x0000054c        0xc ./src/main.o
                0x0000054c                check_failed
 .text.TIMER0_IRQHandler
                0x00000558       0x28 ./src/main.o
                0x00000558                TIMER0_IRQHandler
 .text.SystemInit
                0x00000580      0x140 C:\Users\Wanderson\Documents\LPCXpresso_8.2.0_647\workspace\Lib_CMSISv1p30_LPC17xx\Debug\libCMSISv1p30_LPC17xx.a(system_LPC17xx.o)
                0x00000580                SystemInit
 .text.I2CRead  0x000006c0       0x50 C:\Users\Wanderson\Documents\LPCXpresso_8.2.0_647\workspace\Lib_EaBaseBoard\Debug\libLib_EaBaseBoard.a(light.o)
 .text.I2CWrite
                0x00000710       0x50 C:\Users\Wanderson\Documents\LPCXpresso_8.2.0_647\workspace\Lib_EaBaseBoard\Debug\libLib_EaBaseBoard.a(light.o)
 .text.readControlReg
                0x00000760       0x2c C:\Users\Wanderson\Documents\LPCXpresso_8.2.0_647\workspace\Lib_EaBaseBoard\Debug\libLib_EaBaseBoard.a(light.o)
 .text.light_init
                0x0000078c        0xc C:\Users\Wanderson\Documents\LPCXpresso_8.2.0_647\workspace\Lib_EaBaseBoard\Debug\libLib_EaBaseBoard.a(light.o)
                0x0000078c                light_init
 .text.light_enable
                0x00000798       0x3c C:\Users\Wanderson\Documents\LPCXpresso_8.2.0_647\workspace\Lib_EaBaseBoard\Debug\libLib_EaBaseBoard.a(light.o)
                0x00000798                light_enable
 .text.light_read
                0x000007d4       0x74 C:\Users\Wanderson\Documents\LPCXpresso_8.2.0_647\workspace\Lib_EaBaseBoard\Debug\libLib_EaBaseBoard.a(light.o)
                0x000007d4                light_read
 .text.light_setRange
                0x00000848       0x90 C:\Users\Wanderson\Documents\LPCXpresso_8.2.0_647\workspace\Lib_EaBaseBoard\Debug\libLib_EaBaseBoard.a(light.o)
                0x00000848                light_setRange
 .text.writeCommand
                0x000008d8       0x48 C:\Users\Wanderson\Documents\LPCXpresso_8.2.0_647\workspace\Lib_EaBaseBoard\Debug\libLib_EaBaseBoard.a(oled.o)
 .text.writeData
                0x00000920       0x48 C:\Users\Wanderson\Documents\LPCXpresso_8.2.0_647\workspace\Lib_EaBaseBoard\Debug\libLib_EaBaseBoard.a(oled.o)
 .text.writeDataLen
                0x00000968       0x78 C:\Users\Wanderson\Documents\LPCXpresso_8.2.0_647\workspace\Lib_EaBaseBoard\Debug\libLib_EaBaseBoard.a(oled.o)
 .text.runInitSequence
                0x000009e0       0xd4 C:\Users\Wanderson\Documents\LPCXpresso_8.2.0_647\workspace\Lib_EaBaseBoard\Debug\libLib_EaBaseBoard.a(oled.o)
 .text.hLine    0x00000ab4       0x58 C:\Users\Wanderson\Documents\LPCXpresso_8.2.0_647\workspace\Lib_EaBaseBoard\Debug\libLib_EaBaseBoard.a(oled.o)
 .text.vLine    0x00000b0c       0x58 C:\Users\Wanderson\Documents\LPCXpresso_8.2.0_647\workspace\Lib_EaBaseBoard\Debug\libLib_EaBaseBoard.a(oled.o)
 .text.oled_init
                0x00000b64       0x74 C:\Users\Wanderson\Documents\LPCXpresso_8.2.0_647\workspace\Lib_EaBaseBoard\Debug\libLib_EaBaseBoard.a(oled.o)
                0x00000b64                oled_init
 .text.oled_putPixel
                0x00000bd8      0x150 C:\Users\Wanderson\Documents\LPCXpresso_8.2.0_647\workspace\Lib_EaBaseBoard\Debug\libLib_EaBaseBoard.a(oled.o)
                0x00000bd8                oled_putPixel
 .text.oled_fillRect
                0x00000d28       0xa0 C:\Users\Wanderson\Documents\LPCXpresso_8.2.0_647\workspace\Lib_EaBaseBoard\Debug\libLib_EaBaseBoard.a(oled.o)
                0x00000d28                oled_fillRect
 .text.oled_clearScreen
                0x00000dc8       0x64 C:\Users\Wanderson\Documents\LPCXpresso_8.2.0_647\workspace\Lib_EaBaseBoard\Debug\libLib_EaBaseBoard.a(oled.o)
                0x00000dc8                oled_clearScreen
 .text.oled_putChar
                0x00000e2c       0xd8 C:\Users\Wanderson\Documents\LPCXpresso_8.2.0_647\workspace\Lib_EaBaseBoard\Debug\libLib_EaBaseBoard.a(oled.o)
                0x00000e2c                oled_putChar
 .text.oled_putString
                0x00000f04       0x54 C:\Users\Wanderson\Documents\LPCXpresso_8.2.0_647\workspace\Lib_EaBaseBoard\Debug\libLib_EaBaseBoard.a(oled.o)
                0x00000f04                oled_putString
 .text.ADC_Init
                0x00000f58       0x78 C:\Users\Wanderson\Documents\LPCXpresso_8.2.0_647\workspace\Lib_MCU\Debug\libLib_MCU.a(lpc17xx_adc.o)
                0x00000f58                ADC_Init
 .text.ADC_IntConfig
                0x00000fd0       0x9c C:\Users\Wanderson\Documents\LPCXpresso_8.2.0_647\workspace\Lib_MCU\Debug\libLib_MCU.a(lpc17xx_adc.o)
                0x00000fd0                ADC_IntConfig
 .text.ADC_ChannelCmd
                0x0000106c       0x60 C:\Users\Wanderson\Documents\LPCXpresso_8.2.0_647\workspace\Lib_MCU\Debug\libLib_MCU.a(lpc17xx_adc.o)
                0x0000106c                ADC_ChannelCmd
 .text.CLKPWR_SetPCLKDiv
                0x000010cc       0x8c C:\Users\Wanderson\Documents\LPCXpresso_8.2.0_647\workspace\Lib_MCU\Debug\libLib_MCU.a(lpc17xx_clkpwr.o)
                0x000010cc                CLKPWR_SetPCLKDiv
 .text.CLKPWR_GetPCLKSEL
                0x00001158       0x48 C:\Users\Wanderson\Documents\LPCXpresso_8.2.0_647\workspace\Lib_MCU\Debug\libLib_MCU.a(lpc17xx_clkpwr.o)
                0x00001158                CLKPWR_GetPCLKSEL
 .text.CLKPWR_GetPCLK
                0x000011a0       0x64 C:\Users\Wanderson\Documents\LPCXpresso_8.2.0_647\workspace\Lib_MCU\Debug\libLib_MCU.a(lpc17xx_clkpwr.o)
                0x000011a0                CLKPWR_GetPCLK
 .text.CLKPWR_ConfigPPWR
                0x00001204       0x58 C:\Users\Wanderson\Documents\LPCXpresso_8.2.0_647\workspace\Lib_MCU\Debug\libLib_MCU.a(lpc17xx_clkpwr.o)
                0x00001204                CLKPWR_ConfigPPWR
 .text.GPIO_GetPointer
                0x0000125c       0x70 C:\Users\Wanderson\Documents\LPCXpresso_8.2.0_647\workspace\Lib_MCU\Debug\libLib_MCU.a(lpc17xx_gpio.o)
 .text.GPIO_SetDir
                0x000012cc       0x4c C:\Users\Wanderson\Documents\LPCXpresso_8.2.0_647\workspace\Lib_MCU\Debug\libLib_MCU.a(lpc17xx_gpio.o)
                0x000012cc                GPIO_SetDir
 .text.GPIO_SetValue
                0x00001318       0x2c C:\Users\Wanderson\Documents\LPCXpresso_8.2.0_647\workspace\Lib_MCU\Debug\libLib_MCU.a(lpc17xx_gpio.o)
                0x00001318                GPIO_SetValue
 .text.GPIO_ClearValue
                0x00001344       0x2c C:\Users\Wanderson\Documents\LPCXpresso_8.2.0_647\workspace\Lib_MCU\Debug\libLib_MCU.a(lpc17xx_gpio.o)
                0x00001344                GPIO_ClearValue
 .text.NVIC_EnableIRQ
                0x00001370       0x30 C:\Users\Wanderson\Documents\LPCXpresso_8.2.0_647\workspace\Lib_MCU\Debug\libLib_MCU.a(lpc17xx_i2c.o)
 .text.NVIC_DisableIRQ
                0x000013a0       0x34 C:\Users\Wanderson\Documents\LPCXpresso_8.2.0_647\workspace\Lib_MCU\Debug\libLib_MCU.a(lpc17xx_i2c.o)
 .text.I2C_getNum
                0x000013d4       0x48 C:\Users\Wanderson\Documents\LPCXpresso_8.2.0_647\workspace\Lib_MCU\Debug\libLib_MCU.a(lpc17xx_i2c.o)
 .text.I2C_Start
                0x0000141c       0x3c C:\Users\Wanderson\Documents\LPCXpresso_8.2.0_647\workspace\Lib_MCU\Debug\libLib_MCU.a(lpc17xx_i2c.o)
 .text.I2C_Stop
                0x00001458       0x30 C:\Users\Wanderson\Documents\LPCXpresso_8.2.0_647\workspace\Lib_MCU\Debug\libLib_MCU.a(lpc17xx_i2c.o)
 .text.I2C_SendByte
                0x00001488       0x4c C:\Users\Wanderson\Documents\LPCXpresso_8.2.0_647\workspace\Lib_MCU\Debug\libLib_MCU.a(lpc17xx_i2c.o)
 .text.I2C_GetByte
                0x000014d4       0x54 C:\Users\Wanderson\Documents\LPCXpresso_8.2.0_647\workspace\Lib_MCU\Debug\libLib_MCU.a(lpc17xx_i2c.o)
 .text.I2C_IntCmd
                0x00001528       0x88 C:\Users\Wanderson\Documents\LPCXpresso_8.2.0_647\workspace\Lib_MCU\Debug\libLib_MCU.a(lpc17xx_i2c.o)
                0x00001528                I2C_IntCmd
 .text.I2C_MasterHandler
                0x000015b0      0x3a0 C:\Users\Wanderson\Documents\LPCXpresso_8.2.0_647\workspace\Lib_MCU\Debug\libLib_MCU.a(lpc17xx_i2c.o)
                0x000015b0                I2C_MasterHandler
 .text.I2C_SetClock
                0x00001950       0xa4 C:\Users\Wanderson\Documents\LPCXpresso_8.2.0_647\workspace\Lib_MCU\Debug\libLib_MCU.a(lpc17xx_i2c.o)
                0x00001950                I2C_SetClock
 .text.I2C_Init
                0x000019f4       0xa4 C:\Users\Wanderson\Documents\LPCXpresso_8.2.0_647\workspace\Lib_MCU\Debug\libLib_MCU.a(lpc17xx_i2c.o)
                0x000019f4                I2C_Init
 .text.I2C_Cmd  0x00001a98       0x70 C:\Users\Wanderson\Documents\LPCXpresso_8.2.0_647\workspace\Lib_MCU\Debug\libLib_MCU.a(lpc17xx_i2c.o)
                0x00001a98                I2C_Cmd
 .text.I2C_MasterTransferData
                0x00001b08      0x2f8 C:\Users\Wanderson\Documents\LPCXpresso_8.2.0_647\workspace\Lib_MCU\Debug\libLib_MCU.a(lpc17xx_i2c.o)
                0x00001b08                I2C_MasterTransferData
 .text.PINSEL_SetPinFunc
                0x00001e00       0x84 C:\Users\Wanderson\Documents\LPCXpresso_8.2.0_647\workspace\Lib_MCU\Debug\libLib_MCU.a(lpc17xx_pinsel.o)
                0x00001e00                PINSEL_SetPinFunc
 .text.PINSEL_SetResistorMode
                0x00001e84       0x84 C:\Users\Wanderson\Documents\LPCXpresso_8.2.0_647\workspace\Lib_MCU\Debug\libLib_MCU.a(lpc17xx_pinsel.o)
                0x00001e84                PINSEL_SetResistorMode
 .text.PINSEL_SetOpenDrainMode
                0x00001f08       0x6c C:\Users\Wanderson\Documents\LPCXpresso_8.2.0_647\workspace\Lib_MCU\Debug\libLib_MCU.a(lpc17xx_pinsel.o)
                0x00001f08                PINSEL_SetOpenDrainMode
 .text.PINSEL_ConfigPin
                0x00001f74       0x48 C:\Users\Wanderson\Documents\LPCXpresso_8.2.0_647\workspace\Lib_MCU\Debug\libLib_MCU.a(lpc17xx_pinsel.o)
                0x00001f74                PINSEL_ConfigPin
 .text.SSP_getNum
                0x00001fbc       0x38 C:\Users\Wanderson\Documents\LPCXpresso_8.2.0_647\workspace\Lib_MCU\Debug\libLib_MCU.a(lpc17xx_ssp.o)
 .text.SSP_IntHandler
                0x00001ff4      0x2cc C:\Users\Wanderson\Documents\LPCXpresso_8.2.0_647\workspace\Lib_MCU\Debug\libLib_MCU.a(lpc17xx_ssp.o)
                0x00001ff4                SSP_IntHandler
 .text.SSP_SetClock
                0x000022c0       0xc4 C:\Users\Wanderson\Documents\LPCXpresso_8.2.0_647\workspace\Lib_MCU\Debug\libLib_MCU.a(lpc17xx_ssp.o)
                0x000022c0                SSP_SetClock
 .text.SSP_Init
                0x00002384       0xd8 C:\Users\Wanderson\Documents\LPCXpresso_8.2.0_647\workspace\Lib_MCU\Debug\libLib_MCU.a(lpc17xx_ssp.o)
                0x00002384                SSP_Init
 .text.SSP_ConfigStructInit
                0x0000245c       0x3c C:\Users\Wanderson\Documents\LPCXpresso_8.2.0_647\workspace\Lib_MCU\Debug\libLib_MCU.a(lpc17xx_ssp.o)
                0x0000245c                SSP_ConfigStructInit
 .text.SSP_Cmd  0x00002498       0x70 C:\Users\Wanderson\Documents\LPCXpresso_8.2.0_647\workspace\Lib_MCU\Debug\libLib_MCU.a(lpc17xx_ssp.o)
                0x00002498                SSP_Cmd
 .text.SSP_SendData
                0x00002508       0x40 C:\Users\Wanderson\Documents\LPCXpresso_8.2.0_647\workspace\Lib_MCU\Debug\libLib_MCU.a(lpc17xx_ssp.o)
                0x00002508                SSP_SendData
 .text.SSP_ReceiveData
                0x00002548       0x3c C:\Users\Wanderson\Documents\LPCXpresso_8.2.0_647\workspace\Lib_MCU\Debug\libLib_MCU.a(lpc17xx_ssp.o)
                0x00002548                SSP_ReceiveData
 .text.SSP_ReadWrite
                0x00002584      0x3c0 C:\Users\Wanderson\Documents\LPCXpresso_8.2.0_647\workspace\Lib_MCU\Debug\libLib_MCU.a(lpc17xx_ssp.o)
                0x00002584                SSP_ReadWrite
 .text.NVIC_EnableIRQ
                0x00002944       0x30 C:\Users\Wanderson\Documents\LPCXpresso_8.2.0_647\workspace\Lib_MCU\Debug\libLib_MCU.a(lpc17xx_timer.o)
 .text.TIM_GetPClock
                0x00002974       0x58 C:\Users\Wanderson\Documents\LPCXpresso_8.2.0_647\workspace\Lib_MCU\Debug\libLib_MCU.a(lpc17xx_timer.o)
                0x00002974                TIM_GetPClock
 .text.TIM_ConverUSecToVal
                0x000029cc       0x58 C:\Users\Wanderson\Documents\LPCXpresso_8.2.0_647\workspace\Lib_MCU\Debug\libLib_MCU.a(lpc17xx_timer.o)
                0x000029cc                TIM_ConverUSecToVal
 .text.TIM_ConverPtrToTimeNum
                0x00002a24       0x5c C:\Users\Wanderson\Documents\LPCXpresso_8.2.0_647\workspace\Lib_MCU\Debug\libLib_MCU.a(lpc17xx_timer.o)
                0x00002a24                TIM_ConverPtrToTimeNum
 .text.TIM_GetIntStatus
                0x00002a80       0x98 C:\Users\Wanderson\Documents\LPCXpresso_8.2.0_647\workspace\Lib_MCU\Debug\libLib_MCU.a(lpc17xx_timer.o)
                0x00002a80                TIM_GetIntStatus
 .text.TIM_ClearIntPending
                0x00002b18       0x8c C:\Users\Wanderson\Documents\LPCXpresso_8.2.0_647\workspace\Lib_MCU\Debug\libLib_MCU.a(lpc17xx_timer.o)
                0x00002b18                TIM_ClearIntPending
 .text.TIM_Init
                0x00002ba4      0x170 C:\Users\Wanderson\Documents\LPCXpresso_8.2.0_647\workspace\Lib_MCU\Debug\libLib_MCU.a(lpc17xx_timer.o)
                0x00002ba4                TIM_Init
 .text.TIM_Cmd  0x00002d14       0x70 C:\Users\Wanderson\Documents\LPCXpresso_8.2.0_647\workspace\Lib_MCU\Debug\libLib_MCU.a(lpc17xx_timer.o)
                0x00002d14                TIM_Cmd
 .text.TIM_ConfigMatch
                0x00002d84      0x15c C:\Users\Wanderson\Documents\LPCXpresso_8.2.0_647\workspace\Lib_MCU\Debug\libLib_MCU.a(lpc17xx_timer.o)
                0x00002d84                TIM_ConfigMatch
 .text.Timer0_Wait
                0x00002ee0       0x7c C:\Users\Wanderson\Documents\LPCXpresso_8.2.0_647\workspace\Lib_MCU\Debug\libLib_MCU.a(lpc17xx_timer.o)
                0x00002ee0                Timer0_Wait
 .text          0x00002f5c       0x30 c:/programas/nxp/lpcxpresso_8.2.0_647/lpcxpresso/tools/bin/../lib/gcc/arm-none-eabi/5.3.1/armv7-m\libgcc.a(_aeabi_uldivmod.o)
                0x00002f5c                __aeabi_uldivmod
 .text          0x00002f8c      0x2ec c:/programas/nxp/lpcxpresso_8.2.0_647/lpcxpresso/tools/bin/../lib/gcc/arm-none-eabi/5.3.1/armv7-m\libgcc.a(_udivmoddi4.o)
                0x00002f8c                __udivmoddi4
 .text          0x00003278        0x4 c:/programas/nxp/lpcxpresso_8.2.0_647/lpcxpresso/tools/bin/../lib/gcc/arm-none-eabi/5.3.1/armv7-m\libgcc.a(_dvmd_tls.o)
                0x00003278                __aeabi_idiv0
                0x00003278                __aeabi_ldiv0
 .text.memset   0x0000327c       0x9c c:/programas/nxp/lpcxpresso_8.2.0_647/lpcxpresso/tools/bin/../lib/gcc/arm-none-eabi/5.3.1/../../../../arm-none-eabi/lib/armv7-m\libc.a(lib_a-memset.o)
                0x0000327c                memset
 *(.rodata .rodata.* .constdata .constdata.*)
 .rodata        0x00003318       0x2d ./src/main.o
 *fill*         0x00003345        0x3 ff
 .rodata        0x00003348        0x8 C:\Users\Wanderson\Documents\LPCXpresso_8.2.0_647\workspace\Lib_EaBaseBoard\Debug\libLib_EaBaseBoard.a(oled.o)
 .rodata        0x00003350      0x300 C:\Users\Wanderson\Documents\LPCXpresso_8.2.0_647\workspace\Lib_EaBaseBoard\Debug\libLib_EaBaseBoard.a(font5x7.o)
                0x00003350                font5x7
 .rodata        0x00003650       0x15 C:\Users\Wanderson\Documents\LPCXpresso_8.2.0_647\workspace\Lib_MCU\Debug\libLib_MCU.a(lpc17xx_adc.o)
 *fill*         0x00003665        0x3 ff
 .rodata        0x00003668       0x15 C:\Users\Wanderson\Documents\LPCXpresso_8.2.0_647\workspace\Lib_MCU\Debug\libLib_MCU.a(lpc17xx_i2c.o)
 *fill*         0x0000367d        0x3 ff
 .rodata        0x00003680       0x15 C:\Users\Wanderson\Documents\LPCXpresso_8.2.0_647\workspace\Lib_MCU\Debug\libLib_MCU.a(lpc17xx_ssp.o)
 *fill*         0x00003695        0x3 ff
 .rodata        0x00003698       0x17 C:\Users\Wanderson\Documents\LPCXpresso_8.2.0_647\workspace\Lib_MCU\Debug\libLib_MCU.a(lpc17xx_timer.o)
                0x000036b0                . = ALIGN (0x4)
 *fill*         0x000036af        0x1 ff

.glue_7         0x000036b0        0x0
 .glue_7        0x000036b0        0x0 linker stubs

.glue_7t        0x000036b0        0x0
 .glue_7t       0x000036b0        0x0 linker stubs

.vfp11_veneer   0x000036b0        0x0
 .vfp11_veneer  0x000036b0        0x0 linker stubs

.v4_bx          0x000036b0        0x0
 .v4_bx         0x000036b0        0x0 linker stubs

.iplt           0x000036b0        0x0
 .iplt          0x000036b0        0x0 ./src/cr_startup_lpc17.o

.ARM.extab
 *(.ARM.extab* .gnu.linkonce.armextab.*)
                0x000036b0                __exidx_start = .

.ARM.exidx      0x000036b0        0x8
 *(.ARM.exidx* .gnu.linkonce.armexidx.*)
 .ARM.exidx     0x000036b0        0x8 c:/programas/nxp/lpcxpresso_8.2.0_647/lpcxpresso/tools/bin/../lib/gcc/arm-none-eabi/5.3.1/armv7-m\libgcc.a(_udivmoddi4.o)
                0x000036b8                __exidx_end = .
                0x000036b8                _etext = .

.rel.dyn        0x000036b8        0x0
 .rel.iplt      0x000036b8        0x0 ./src/cr_startup_lpc17.o

.data_RAM2      0x2007c000        0x0 load address 0x000036b8
 FILL mask 0xff
                [!provide]                PROVIDE (__start_data_RAM2, .)
 *(.ramfunc.$RAM2)
 *(.ramfunc.$RamAHB32)
 *(.data.$RAM2*)
 *(.data.$RamAHB32*)
                0x2007c000                . = ALIGN (0x4)
                [!provide]                PROVIDE (__end_data_RAM2, .)

.uninit_RESERVED
                0x10000000        0x0
 *(.bss.$RESERVED*)
                0x10000000                . = ALIGN (0x4)
                0x10000000                _end_uninit_RESERVED = .

.data           0x10000000       0x10 load address 0x000036b8
 FILL mask 0xff
                0x10000000                _data = .
 *(vtable)
 *(.ramfunc*)
 *(.data*)
 .data          0x10000000        0x4 ./src/main.o
 .data          0x10000004        0x4 C:\Users\Wanderson\Documents\LPCXpresso_8.2.0_647\workspace\Lib_CMSISv1p30_LPC17xx\Debug\libCMSISv1p30_LPC17xx.a(system_LPC17xx.o)
                0x10000004                SystemCoreClock
 .data          0x10000008        0x8 C:\Users\Wanderson\Documents\LPCXpresso_8.2.0_647\workspace\Lib_EaBaseBoard\Debug\libLib_EaBaseBoard.a(light.o)
                0x10000010                . = ALIGN (0x4)
                0x10000010                _edata = .

.igot.plt       0x10000010        0x0 load address 0x000036c8
 .igot.plt      0x10000010        0x0 ./src/cr_startup_lpc17.o

.bss_RAM2       0x2007c000        0x0
                [!provide]                PROVIDE (__start_bss_RAM2, .)
 *(.bss.$RAM2*)
 *(.bss.$RamAHB32*)
                0x2007c000                . = ALIGN ((. != 0x0)?0x4:0x1)
                [!provide]                PROVIDE (__end_bss_RAM2, .)

.bss            0x10000010      0x354
                0x10000010                _bss = .
 *(.bss*)
 .bss           0x10000010       0x18 ./src/main.o
                0x10000020                I2C_Interrupt_Done_Flag
                0x10000024                lux
 .bss           0x10000028      0x300 C:\Users\Wanderson\Documents\LPCXpresso_8.2.0_647\workspace\Lib_EaBaseBoard\Debug\libLib_EaBaseBoard.a(oled.o)
 .bss           0x10000328       0x24 C:\Users\Wanderson\Documents\LPCXpresso_8.2.0_647\workspace\Lib_MCU\Debug\libLib_MCU.a(lpc17xx_i2c.o)
 .bss           0x1000034c       0x18 C:\Users\Wanderson\Documents\LPCXpresso_8.2.0_647\workspace\Lib_MCU\Debug\libLib_MCU.a(lpc17xx_ssp.o)
 *(COMMON)
                0x10000364                . = ALIGN (0x4)
                0x10000364                _ebss = .
                [!provide]                PROVIDE (end, .)

.noinit_RAM2    0x2007c000        0x0
 *(.noinit.$RAM2*)
 *(.noinit.$RamAHB32*)
                0x2007c000                . = ALIGN (0x4)

.noinit         0x10000364        0x0
                0x10000364                _noinit = .
 *(.noinit*)
                0x10000364                . = ALIGN (0x4)
                0x10000364                _end_noinit = .
                [!provide]                PROVIDE (_pvHeapStart, DEFINED (__user_heap_base)?__user_heap_base:.)
                0x10008000                PROVIDE (_vStackTop, DEFINED (__user_stack_top)?__user_stack_top:(__top_RamLoc32 - 0x0))
                [!provide]                PROVIDE (__valid_user_code_checksum, (0x0 - ((((((_vStackTop + (ResetISR + 0x1)) + (NMI_Handler + 0x1)) + (HardFault_Handler + 0x1)) + (DEFINED (MemManage_Handler)?MemManage_Handler:0x0 + 0x1)) + (DEFINED (BusFault_Handler)?BusFault_Handler:0x0 + 0x1)) + (DEFINED (UsageFault_Handler)?UsageFault_Handler:0x0 + 0x1))))
OUTPUT(EPC3.axf elf32-littlearm)

.debug_info     0x00000000     0x592d
 .debug_info    0x00000000      0x1b6 ./src/cr_startup_lpc17.o
 .debug_info    0x000001b6      0xad0 ./src/main.o
 .debug_info    0x00000c86      0x2e3 C:\Users\Wanderson\Documents\LPCXpresso_8.2.0_647\workspace\Lib_CMSISv1p30_LPC17xx\Debug\libCMSISv1p30_LPC17xx.a(system_LPC17xx.o)
 .debug_info    0x00000f69      0x6fb C:\Users\Wanderson\Documents\LPCXpresso_8.2.0_647\workspace\Lib_EaBaseBoard\Debug\libLib_EaBaseBoard.a(light.o)
 .debug_info    0x00001664      0x915 C:\Users\Wanderson\Documents\LPCXpresso_8.2.0_647\workspace\Lib_EaBaseBoard\Debug\libLib_EaBaseBoard.a(oled.o)
 .debug_info    0x00001f79       0x61 C:\Users\Wanderson\Documents\LPCXpresso_8.2.0_647\workspace\Lib_EaBaseBoard\Debug\libLib_EaBaseBoard.a(font5x7.o)
 .debug_info    0x00001fda      0x5da C:\Users\Wanderson\Documents\LPCXpresso_8.2.0_647\workspace\Lib_MCU\Debug\libLib_MCU.a(lpc17xx_adc.o)
 .debug_info    0x000025b4      0x5a5 C:\Users\Wanderson\Documents\LPCXpresso_8.2.0_647\workspace\Lib_MCU\Debug\libLib_MCU.a(lpc17xx_clkpwr.o)
 .debug_info    0x00002b59      0xac9 C:\Users\Wanderson\Documents\LPCXpresso_8.2.0_647\workspace\Lib_MCU\Debug\libLib_MCU.a(lpc17xx_gpio.o)
 .debug_info    0x00003622      0xc08 C:\Users\Wanderson\Documents\LPCXpresso_8.2.0_647\workspace\Lib_MCU\Debug\libLib_MCU.a(lpc17xx_i2c.o)
 .debug_info    0x0000422a      0x44e C:\Users\Wanderson\Documents\LPCXpresso_8.2.0_647\workspace\Lib_MCU\Debug\libLib_MCU.a(lpc17xx_pinsel.o)
 .debug_info    0x00004678      0x7e1 C:\Users\Wanderson\Documents\LPCXpresso_8.2.0_647\workspace\Lib_MCU\Debug\libLib_MCU.a(lpc17xx_ssp.o)
 .debug_info    0x00004e59      0xad4 C:\Users\Wanderson\Documents\LPCXpresso_8.2.0_647\workspace\Lib_MCU\Debug\libLib_MCU.a(lpc17xx_timer.o)

.debug_abbrev   0x00000000     0x1504
 .debug_abbrev  0x00000000       0xb9 ./src/cr_startup_lpc17.o
 .debug_abbrev  0x000000b9      0x299 ./src/main.o
 .debug_abbrev  0x00000352       0xe6 C:\Users\Wanderson\Documents\LPCXpresso_8.2.0_647\workspace\Lib_CMSISv1p30_LPC17xx\Debug\libCMSISv1p30_LPC17xx.a(system_LPC17xx.o)
 .debug_abbrev  0x00000438      0x1d2 C:\Users\Wanderson\Documents\LPCXpresso_8.2.0_647\workspace\Lib_EaBaseBoard\Debug\libLib_EaBaseBoard.a(light.o)
 .debug_abbrev  0x0000060a      0x201 C:\Users\Wanderson\Documents\LPCXpresso_8.2.0_647\workspace\Lib_EaBaseBoard\Debug\libLib_EaBaseBoard.a(oled.o)
 .debug_abbrev  0x0000080b       0x48 C:\Users\Wanderson\Documents\LPCXpresso_8.2.0_647\workspace\Lib_EaBaseBoard\Debug\libLib_EaBaseBoard.a(font5x7.o)
 .debug_abbrev  0x00000853      0x165 C:\Users\Wanderson\Documents\LPCXpresso_8.2.0_647\workspace\Lib_MCU\Debug\libLib_MCU.a(lpc17xx_adc.o)
 .debug_abbrev  0x000009b8      0x1be C:\Users\Wanderson\Documents\LPCXpresso_8.2.0_647\workspace\Lib_MCU\Debug\libLib_MCU.a(lpc17xx_clkpwr.o)
 .debug_abbrev  0x00000b76      0x193 C:\Users\Wanderson\Documents\LPCXpresso_8.2.0_647\workspace\Lib_MCU\Debug\libLib_MCU.a(lpc17xx_gpio.o)
 .debug_abbrev  0x00000d09      0x28b C:\Users\Wanderson\Documents\LPCXpresso_8.2.0_647\workspace\Lib_MCU\Debug\libLib_MCU.a(lpc17xx_i2c.o)
 .debug_abbrev  0x00000f94      0x12b C:\Users\Wanderson\Documents\LPCXpresso_8.2.0_647\workspace\Lib_MCU\Debug\libLib_MCU.a(lpc17xx_pinsel.o)
 .debug_abbrev  0x000010bf      0x1fd C:\Users\Wanderson\Documents\LPCXpresso_8.2.0_647\workspace\Lib_MCU\Debug\libLib_MCU.a(lpc17xx_ssp.o)
 .debug_abbrev  0x000012bc      0x248 C:\Users\Wanderson\Documents\LPCXpresso_8.2.0_647\workspace\Lib_MCU\Debug\libLib_MCU.a(lpc17xx_timer.o)

.debug_aranges  0x00000000      0x680
 .debug_aranges
                0x00000000       0x70 ./src/cr_startup_lpc17.o
 .debug_aranges
                0x00000070       0x88 ./src/main.o
 .debug_aranges
                0x000000f8       0x28 C:\Users\Wanderson\Documents\LPCXpresso_8.2.0_647\workspace\Lib_CMSISv1p30_LPC17xx\Debug\libCMSISv1p30_LPC17xx.a(system_LPC17xx.o)
 .debug_aranges
                0x00000120       0x98 C:\Users\Wanderson\Documents\LPCXpresso_8.2.0_647\workspace\Lib_EaBaseBoard\Debug\libLib_EaBaseBoard.a(light.o)
 .debug_aranges
                0x000001b8       0x90 C:\Users\Wanderson\Documents\LPCXpresso_8.2.0_647\workspace\Lib_EaBaseBoard\Debug\libLib_EaBaseBoard.a(oled.o)
 .debug_aranges
                0x00000248       0x18 C:\Users\Wanderson\Documents\LPCXpresso_8.2.0_647\workspace\Lib_EaBaseBoard\Debug\libLib_EaBaseBoard.a(font5x7.o)
 .debug_aranges
                0x00000260       0x80 C:\Users\Wanderson\Documents\LPCXpresso_8.2.0_647\workspace\Lib_MCU\Debug\libLib_MCU.a(lpc17xx_adc.o)
 .debug_aranges
                0x000002e0       0x60 C:\Users\Wanderson\Documents\LPCXpresso_8.2.0_647\workspace\Lib_MCU\Debug\libLib_MCU.a(lpc17xx_clkpwr.o)
 .debug_aranges
                0x00000340       0xc8 C:\Users\Wanderson\Documents\LPCXpresso_8.2.0_647\workspace\Lib_MCU\Debug\libLib_MCU.a(lpc17xx_gpio.o)
 .debug_aranges
                0x00000408       0xd0 C:\Users\Wanderson\Documents\LPCXpresso_8.2.0_647\workspace\Lib_MCU\Debug\libLib_MCU.a(lpc17xx_i2c.o)
 .debug_aranges
                0x000004d8       0x48 C:\Users\Wanderson\Documents\LPCXpresso_8.2.0_647\workspace\Lib_MCU\Debug\libLib_MCU.a(lpc17xx_pinsel.o)
 .debug_aranges
                0x00000520       0xb8 C:\Users\Wanderson\Documents\LPCXpresso_8.2.0_647\workspace\Lib_MCU\Debug\libLib_MCU.a(lpc17xx_ssp.o)
 .debug_aranges
                0x000005d8       0xa8 C:\Users\Wanderson\Documents\LPCXpresso_8.2.0_647\workspace\Lib_MCU\Debug\libLib_MCU.a(lpc17xx_timer.o)

.debug_ranges   0x00000000      0x5a8
 .debug_ranges  0x00000000       0x60 ./src/cr_startup_lpc17.o
 .debug_ranges  0x00000060       0x78 ./src/main.o
 .debug_ranges  0x000000d8       0x18 C:\Users\Wanderson\Documents\LPCXpresso_8.2.0_647\workspace\Lib_CMSISv1p30_LPC17xx\Debug\libCMSISv1p30_LPC17xx.a(system_LPC17xx.o)
 .debug_ranges  0x000000f0       0x88 C:\Users\Wanderson\Documents\LPCXpresso_8.2.0_647\workspace\Lib_EaBaseBoard\Debug\libLib_EaBaseBoard.a(light.o)
 .debug_ranges  0x00000178       0x80 C:\Users\Wanderson\Documents\LPCXpresso_8.2.0_647\workspace\Lib_EaBaseBoard\Debug\libLib_EaBaseBoard.a(oled.o)
 .debug_ranges  0x000001f8       0x70 C:\Users\Wanderson\Documents\LPCXpresso_8.2.0_647\workspace\Lib_MCU\Debug\libLib_MCU.a(lpc17xx_adc.o)
 .debug_ranges  0x00000268       0x50 C:\Users\Wanderson\Documents\LPCXpresso_8.2.0_647\workspace\Lib_MCU\Debug\libLib_MCU.a(lpc17xx_clkpwr.o)
 .debug_ranges  0x000002b8       0xb8 C:\Users\Wanderson\Documents\LPCXpresso_8.2.0_647\workspace\Lib_MCU\Debug\libLib_MCU.a(lpc17xx_gpio.o)
 .debug_ranges  0x00000370       0xc0 C:\Users\Wanderson\Documents\LPCXpresso_8.2.0_647\workspace\Lib_MCU\Debug\libLib_MCU.a(lpc17xx_i2c.o)
 .debug_ranges  0x00000430       0x38 C:\Users\Wanderson\Documents\LPCXpresso_8.2.0_647\workspace\Lib_MCU\Debug\libLib_MCU.a(lpc17xx_pinsel.o)
 .debug_ranges  0x00000468       0xa8 C:\Users\Wanderson\Documents\LPCXpresso_8.2.0_647\workspace\Lib_MCU\Debug\libLib_MCU.a(lpc17xx_ssp.o)
 .debug_ranges  0x00000510       0x98 C:\Users\Wanderson\Documents\LPCXpresso_8.2.0_647\workspace\Lib_MCU\Debug\libLib_MCU.a(lpc17xx_timer.o)

.debug_macro    0x00000000     0x5417
 .debug_macro   0x00000000       0x79 ./src/cr_startup_lpc17.o
 .debug_macro   0x00000079      0x886 ./src/cr_startup_lpc17.o
 .debug_macro   0x000008ff       0x22 ./src/cr_startup_lpc17.o
 .debug_macro   0x00000921       0x87 ./src/cr_startup_lpc17.o
 .debug_macro   0x000009a8       0x44 ./src/cr_startup_lpc17.o
 .debug_macro   0x000009ec       0xfd ./src/cr_startup_lpc17.o
 .debug_macro   0x00000ae9       0x22 ./src/cr_startup_lpc17.o
 .debug_macro   0x00000b0b      0x1df ./src/cr_startup_lpc17.o
 .debug_macro   0x00000cea       0xe1 ./src/main.o
 .debug_macro   0x00000dcb       0x1c ./src/main.o
 .debug_macro   0x00000de7       0x22 ./src/main.o
 .debug_macro   0x00000e09      0x7b7 ./src/main.o
 .debug_macro   0x000015c0      0x2c7 ./src/main.o
 .debug_macro   0x00001887       0x63 ./src/main.o
 .debug_macro   0x000018ea      0x143 ./src/main.o
 .debug_macro   0x00001a2d      0x192 ./src/main.o
 .debug_macro   0x00001bbf       0x46 ./src/main.o
 .debug_macro   0x00001c05      0x2af ./src/main.o
 .debug_macro   0x00001eb4       0xf4 ./src/main.o
 .debug_macro   0x00001fa8       0xe9 ./src/main.o
 .debug_macro   0x00002091       0x16 ./src/main.o
 .debug_macro   0x000020a7      0x113 C:\Users\Wanderson\Documents\LPCXpresso_8.2.0_647\workspace\Lib_CMSISv1p30_LPC17xx\Debug\libCMSISv1p30_LPC17xx.a(system_LPC17xx.o)
 .debug_macro   0x000021ba      0x880 C:\Users\Wanderson\Documents\LPCXpresso_8.2.0_647\workspace\Lib_CMSISv1p30_LPC17xx\Debug\libCMSISv1p30_LPC17xx.a(system_LPC17xx.o)
 .debug_macro   0x00002a3a       0x10 C:\Users\Wanderson\Documents\LPCXpresso_8.2.0_647\workspace\Lib_CMSISv1p30_LPC17xx\Debug\libCMSISv1p30_LPC17xx.a(system_LPC17xx.o)
 .debug_macro   0x00002a4a      0x12d C:\Users\Wanderson\Documents\LPCXpresso_8.2.0_647\workspace\Lib_CMSISv1p30_LPC17xx\Debug\libCMSISv1p30_LPC17xx.a(system_LPC17xx.o)
 .debug_macro   0x00002b77      0x5b2 C:\Users\Wanderson\Documents\LPCXpresso_8.2.0_647\workspace\Lib_CMSISv1p30_LPC17xx\Debug\libCMSISv1p30_LPC17xx.a(system_LPC17xx.o)
 .debug_macro   0x00003129      0x7d5 C:\Users\Wanderson\Documents\LPCXpresso_8.2.0_647\workspace\Lib_CMSISv1p30_LPC17xx\Debug\libCMSISv1p30_LPC17xx.a(system_LPC17xx.o)
 .debug_macro   0x000038fe      0x126 C:\Users\Wanderson\Documents\LPCXpresso_8.2.0_647\workspace\Lib_EaBaseBoard\Debug\libLib_EaBaseBoard.a(light.o)
 .debug_macro   0x00003a24      0x18c C:\Users\Wanderson\Documents\LPCXpresso_8.2.0_647\workspace\Lib_EaBaseBoard\Debug\libLib_EaBaseBoard.a(light.o)
 .debug_macro   0x00003bb0       0xdd C:\Users\Wanderson\Documents\LPCXpresso_8.2.0_647\workspace\Lib_EaBaseBoard\Debug\libLib_EaBaseBoard.a(oled.o)
 .debug_macro   0x00003c8d       0x5d C:\Users\Wanderson\Documents\LPCXpresso_8.2.0_647\workspace\Lib_EaBaseBoard\Debug\libLib_EaBaseBoard.a(oled.o)
 .debug_macro   0x00003cea       0x40 C:\Users\Wanderson\Documents\LPCXpresso_8.2.0_647\workspace\Lib_EaBaseBoard\Debug\libLib_EaBaseBoard.a(oled.o)
 .debug_macro   0x00003d2a       0x1a C:\Users\Wanderson\Documents\LPCXpresso_8.2.0_647\workspace\Lib_EaBaseBoard\Debug\libLib_EaBaseBoard.a(font5x7.o)
 .debug_macro   0x00003d44      0x696 C:\Users\Wanderson\Documents\LPCXpresso_8.2.0_647\workspace\Lib_EaBaseBoard\Debug\libLib_EaBaseBoard.a(font5x7.o)
 .debug_macro   0x000043da       0x8c C:\Users\Wanderson\Documents\LPCXpresso_8.2.0_647\workspace\Lib_MCU\Debug\libLib_MCU.a(lpc17xx_adc.o)
 .debug_macro   0x00004466       0xee C:\Users\Wanderson\Documents\LPCXpresso_8.2.0_647\workspace\Lib_MCU\Debug\libLib_MCU.a(lpc17xx_adc.o)
 .debug_macro   0x00004554      0x2fe C:\Users\Wanderson\Documents\LPCXpresso_8.2.0_647\workspace\Lib_MCU\Debug\libLib_MCU.a(lpc17xx_adc.o)
 .debug_macro   0x00004852       0xcb C:\Users\Wanderson\Documents\LPCXpresso_8.2.0_647\workspace\Lib_MCU\Debug\libLib_MCU.a(lpc17xx_adc.o)
 .debug_macro   0x0000491d       0x7a C:\Users\Wanderson\Documents\LPCXpresso_8.2.0_647\workspace\Lib_MCU\Debug\libLib_MCU.a(lpc17xx_clkpwr.o)
 .debug_macro   0x00004997      0x2f8 C:\Users\Wanderson\Documents\LPCXpresso_8.2.0_647\workspace\Lib_MCU\Debug\libLib_MCU.a(lpc17xx_clkpwr.o)
 .debug_macro   0x00004c8f       0x83 C:\Users\Wanderson\Documents\LPCXpresso_8.2.0_647\workspace\Lib_MCU\Debug\libLib_MCU.a(lpc17xx_gpio.o)
 .debug_macro   0x00004d12       0x95 C:\Users\Wanderson\Documents\LPCXpresso_8.2.0_647\workspace\Lib_MCU\Debug\libLib_MCU.a(lpc17xx_i2c.o)
 .debug_macro   0x00004da7      0x149 C:\Users\Wanderson\Documents\LPCXpresso_8.2.0_647\workspace\Lib_MCU\Debug\libLib_MCU.a(lpc17xx_i2c.o)
 .debug_macro   0x00004ef0       0x7a C:\Users\Wanderson\Documents\LPCXpresso_8.2.0_647\workspace\Lib_MCU\Debug\libLib_MCU.a(lpc17xx_pinsel.o)
 .debug_macro   0x00004f6a       0x8c C:\Users\Wanderson\Documents\LPCXpresso_8.2.0_647\workspace\Lib_MCU\Debug\libLib_MCU.a(lpc17xx_ssp.o)
 .debug_macro   0x00004ff6      0x2a9 C:\Users\Wanderson\Documents\LPCXpresso_8.2.0_647\workspace\Lib_MCU\Debug\libLib_MCU.a(lpc17xx_ssp.o)
 .debug_macro   0x0000529f       0x95 C:\Users\Wanderson\Documents\LPCXpresso_8.2.0_647\workspace\Lib_MCU\Debug\libLib_MCU.a(lpc17xx_timer.o)
 .debug_macro   0x00005334       0xe3 C:\Users\Wanderson\Documents\LPCXpresso_8.2.0_647\workspace\Lib_MCU\Debug\libLib_MCU.a(lpc17xx_timer.o)

.debug_line     0x00000000     0x356e
 .debug_line    0x00000000      0x354 ./src/cr_startup_lpc17.o
 .debug_line    0x00000354      0x531 ./src/main.o
 .debug_line    0x00000885      0x21b C:\Users\Wanderson\Documents\LPCXpresso_8.2.0_647\workspace\Lib_CMSISv1p30_LPC17xx\Debug\libCMSISv1p30_LPC17xx.a(system_LPC17xx.o)
 .debug_line    0x00000aa0      0x3cf C:\Users\Wanderson\Documents\LPCXpresso_8.2.0_647\workspace\Lib_EaBaseBoard\Debug\libLib_EaBaseBoard.a(light.o)
 .debug_line    0x00000e6f      0x5a1 C:\Users\Wanderson\Documents\LPCXpresso_8.2.0_647\workspace\Lib_EaBaseBoard\Debug\libLib_EaBaseBoard.a(oled.o)
 .debug_line    0x00001410       0x91 C:\Users\Wanderson\Documents\LPCXpresso_8.2.0_647\workspace\Lib_EaBaseBoard\Debug\libLib_EaBaseBoard.a(font5x7.o)
 .debug_line    0x000014a1      0x419 C:\Users\Wanderson\Documents\LPCXpresso_8.2.0_647\workspace\Lib_MCU\Debug\libLib_MCU.a(lpc17xx_adc.o)
 .debug_line    0x000018ba      0x2e6 C:\Users\Wanderson\Documents\LPCXpresso_8.2.0_647\workspace\Lib_MCU\Debug\libLib_MCU.a(lpc17xx_clkpwr.o)
 .debug_line    0x00001ba0      0x42b C:\Users\Wanderson\Documents\LPCXpresso_8.2.0_647\workspace\Lib_MCU\Debug\libLib_MCU.a(lpc17xx_gpio.o)
 .debug_line    0x00001fcb      0x700 C:\Users\Wanderson\Documents\LPCXpresso_8.2.0_647\workspace\Lib_MCU\Debug\libLib_MCU.a(lpc17xx_i2c.o)
 .debug_line    0x000026cb      0x285 C:\Users\Wanderson\Documents\LPCXpresso_8.2.0_647\workspace\Lib_MCU\Debug\libLib_MCU.a(lpc17xx_pinsel.o)
 .debug_line    0x00002950      0x631 C:\Users\Wanderson\Documents\LPCXpresso_8.2.0_647\workspace\Lib_MCU\Debug\libLib_MCU.a(lpc17xx_ssp.o)
 .debug_line    0x00002f81      0x5ed C:\Users\Wanderson\Documents\LPCXpresso_8.2.0_647\workspace\Lib_MCU\Debug\libLib_MCU.a(lpc17xx_timer.o)

.debug_str      0x00000000    0x100ad
 .debug_str     0x00000000     0x32a5 ./src/cr_startup_lpc17.o
                               0x3406 (size before relaxing)
 .debug_str     0x000032a5     0x7632 ./src/main.o
                               0xa933 (size before relaxing)
 .debug_str     0x0000a8d7     0x1b28 C:\Users\Wanderson\Documents\LPCXpresso_8.2.0_647\workspace\Lib_CMSISv1p30_LPC17xx\Debug\libCMSISv1p30_LPC17xx.a(system_LPC17xx.o)
                               0x7ff9 (size before relaxing)
 .debug_str     0x0000c3ff      0x563 C:\Users\Wanderson\Documents\LPCXpresso_8.2.0_647\workspace\Lib_EaBaseBoard\Debug\libLib_EaBaseBoard.a(light.o)
                               0x8be9 (size before relaxing)
 .debug_str     0x0000c962      0x396 C:\Users\Wanderson\Documents\LPCXpresso_8.2.0_647\workspace\Lib_EaBaseBoard\Debug\libLib_EaBaseBoard.a(oled.o)
                               0x9c75 (size before relaxing)
 .debug_str     0x0000ccf8      0xe21 C:\Users\Wanderson\Documents\LPCXpresso_8.2.0_647\workspace\Lib_EaBaseBoard\Debug\libLib_EaBaseBoard.a(font5x7.o)
                               0x32d6 (size before relaxing)
 .debug_str     0x0000db19     0x1659 C:\Users\Wanderson\Documents\LPCXpresso_8.2.0_647\workspace\Lib_MCU\Debug\libLib_MCU.a(lpc17xx_adc.o)
                               0x9bbb (size before relaxing)
 .debug_str     0x0000f172       0xcb C:\Users\Wanderson\Documents\LPCXpresso_8.2.0_647\workspace\Lib_MCU\Debug\libLib_MCU.a(lpc17xx_clkpwr.o)
                               0x91ed (size before relaxing)
 .debug_str     0x0000f23d      0x33e C:\Users\Wanderson\Documents\LPCXpresso_8.2.0_647\workspace\Lib_MCU\Debug\libLib_MCU.a(lpc17xx_gpio.o)
                               0x844c (size before relaxing)
 .debug_str     0x0000f57b      0x2e6 C:\Users\Wanderson\Documents\LPCXpresso_8.2.0_647\workspace\Lib_MCU\Debug\libLib_MCU.a(lpc17xx_i2c.o)
                               0xa4cf (size before relaxing)
 .debug_str     0x0000f861      0x214 C:\Users\Wanderson\Documents\LPCXpresso_8.2.0_647\workspace\Lib_MCU\Debug\libLib_MCU.a(lpc17xx_pinsel.o)
                               0x8490 (size before relaxing)
 .debug_str     0x0000fa75      0x200 C:\Users\Wanderson\Documents\LPCXpresso_8.2.0_647\workspace\Lib_MCU\Debug\libLib_MCU.a(lpc17xx_ssp.o)
                               0xa43c (size before relaxing)
 .debug_str     0x0000fc75      0x438 C:\Users\Wanderson\Documents\LPCXpresso_8.2.0_647\workspace\Lib_MCU\Debug\libLib_MCU.a(lpc17xx_timer.o)
                               0xa406 (size before relaxing)

.comment        0x00000000       0x6e
 .comment       0x00000000       0x6e ./src/cr_startup_lpc17.o
                                 0x6f (size before relaxing)
 .comment       0x0000006e       0x6f ./src/main.o
 .comment       0x0000006e       0x6f C:\Users\Wanderson\Documents\LPCXpresso_8.2.0_647\workspace\Lib_CMSISv1p30_LPC17xx\Debug\libCMSISv1p30_LPC17xx.a(system_LPC17xx.o)
 .comment       0x0000006e       0x6f C:\Users\Wanderson\Documents\LPCXpresso_8.2.0_647\workspace\Lib_EaBaseBoard\Debug\libLib_EaBaseBoard.a(light.o)
 .comment       0x0000006e       0x6f C:\Users\Wanderson\Documents\LPCXpresso_8.2.0_647\workspace\Lib_EaBaseBoard\Debug\libLib_EaBaseBoard.a(oled.o)
 .comment       0x0000006e       0x6f C:\Users\Wanderson\Documents\LPCXpresso_8.2.0_647\workspace\Lib_EaBaseBoard\Debug\libLib_EaBaseBoard.a(font5x7.o)
 .comment       0x0000006e       0x6f C:\Users\Wanderson\Documents\LPCXpresso_8.2.0_647\workspace\Lib_MCU\Debug\libLib_MCU.a(lpc17xx_adc.o)
 .comment       0x0000006e       0x6f C:\Users\Wanderson\Documents\LPCXpresso_8.2.0_647\workspace\Lib_MCU\Debug\libLib_MCU.a(lpc17xx_clkpwr.o)
 .comment       0x0000006e       0x6f C:\Users\Wanderson\Documents\LPCXpresso_8.2.0_647\workspace\Lib_MCU\Debug\libLib_MCU.a(lpc17xx_gpio.o)
 .comment       0x0000006e       0x6f C:\Users\Wanderson\Documents\LPCXpresso_8.2.0_647\workspace\Lib_MCU\Debug\libLib_MCU.a(lpc17xx_i2c.o)
 .comment       0x0000006e       0x6f C:\Users\Wanderson\Documents\LPCXpresso_8.2.0_647\workspace\Lib_MCU\Debug\libLib_MCU.a(lpc17xx_pinsel.o)
 .comment       0x0000006e       0x6f C:\Users\Wanderson\Documents\LPCXpresso_8.2.0_647\workspace\Lib_MCU\Debug\libLib_MCU.a(lpc17xx_ssp.o)
 .comment       0x0000006e       0x6f C:\Users\Wanderson\Documents\LPCXpresso_8.2.0_647\workspace\Lib_MCU\Debug\libLib_MCU.a(lpc17xx_timer.o)

.ARM.attributes
                0x00000000       0x33
 .ARM.attributes
                0x00000000       0x33 ./src/cr_startup_lpc17.o
 .ARM.attributes
                0x00000033       0x33 ./src/main.o
 .ARM.attributes
                0x00000066       0x33 C:\Users\Wanderson\Documents\LPCXpresso_8.2.0_647\workspace\Lib_CMSISv1p30_LPC17xx\Debug\libCMSISv1p30_LPC17xx.a(system_LPC17xx.o)
 .ARM.attributes
                0x00000099       0x33 C:\Users\Wanderson\Documents\LPCXpresso_8.2.0_647\workspace\Lib_EaBaseBoard\Debug\libLib_EaBaseBoard.a(light.o)
 .ARM.attributes
                0x000000cc       0x33 C:\Users\Wanderson\Documents\LPCXpresso_8.2.0_647\workspace\Lib_EaBaseBoard\Debug\libLib_EaBaseBoard.a(oled.o)
 .ARM.attributes
                0x000000ff       0x33 C:\Users\Wanderson\Documents\LPCXpresso_8.2.0_647\workspace\Lib_EaBaseBoard\Debug\libLib_EaBaseBoard.a(font5x7.o)
 .ARM.attributes
                0x00000132       0x33 C:\Users\Wanderson\Documents\LPCXpresso_8.2.0_647\workspace\Lib_MCU\Debug\libLib_MCU.a(lpc17xx_adc.o)
 .ARM.attributes
                0x00000165       0x33 C:\Users\Wanderson\Documents\LPCXpresso_8.2.0_647\workspace\Lib_MCU\Debug\libLib_MCU.a(lpc17xx_clkpwr.o)
 .ARM.attributes
                0x00000198       0x33 C:\Users\Wanderson\Documents\LPCXpresso_8.2.0_647\workspace\Lib_MCU\Debug\libLib_MCU.a(lpc17xx_gpio.o)
 .ARM.attributes
                0x000001cb       0x33 C:\Users\Wanderson\Documents\LPCXpresso_8.2.0_647\workspace\Lib_MCU\Debug\libLib_MCU.a(lpc17xx_i2c.o)
 .ARM.attributes
                0x000001fe       0x33 C:\Users\Wanderson\Documents\LPCXpresso_8.2.0_647\workspace\Lib_MCU\Debug\libLib_MCU.a(lpc17xx_pinsel.o)
 .ARM.attributes
                0x00000231       0x33 C:\Users\Wanderson\Documents\LPCXpresso_8.2.0_647\workspace\Lib_MCU\Debug\libLib_MCU.a(lpc17xx_ssp.o)
 .ARM.attributes
                0x00000264       0x33 C:\Users\Wanderson\Documents\LPCXpresso_8.2.0_647\workspace\Lib_MCU\Debug\libLib_MCU.a(lpc17xx_timer.o)
 .ARM.attributes
                0x00000297       0x1d c:/programas/nxp/lpcxpresso_8.2.0_647/lpcxpresso/tools/bin/../lib/gcc/arm-none-eabi/5.3.1/armv7-m\libgcc.a(_aeabi_uldivmod.o)
 .ARM.attributes
                0x000002b4       0x2d c:/programas/nxp/lpcxpresso_8.2.0_647/lpcxpresso/tools/bin/../lib/gcc/arm-none-eabi/5.3.1/armv7-m\libgcc.a(_udivmoddi4.o)
 .ARM.attributes
                0x000002e1       0x1d c:/programas/nxp/lpcxpresso_8.2.0_647/lpcxpresso/tools/bin/../lib/gcc/arm-none-eabi/5.3.1/armv7-m\libgcc.a(_dvmd_tls.o)
 .ARM.attributes
                0x000002fe       0x2d c:/programas/nxp/lpcxpresso_8.2.0_647/lpcxpresso/tools/bin/../lib/gcc/arm-none-eabi/5.3.1/../../../../arm-none-eabi/lib/armv7-m\libc.a(lib_a-memset.o)

.debug_frame    0x00000000     0x18ec
 .debug_frame   0x00000000      0x120 ./src/cr_startup_lpc17.o
 .debug_frame   0x00000120      0x1f8 ./src/main.o
 .debug_frame   0x00000318       0x64 C:\Users\Wanderson\Documents\LPCXpresso_8.2.0_647\workspace\Lib_CMSISv1p30_LPC17xx\Debug\libCMSISv1p30_LPC17xx.a(system_LPC17xx.o)
 .debug_frame   0x0000037c      0x24c C:\Users\Wanderson\Documents\LPCXpresso_8.2.0_647\workspace\Lib_EaBaseBoard\Debug\libLib_EaBaseBoard.a(light.o)
 .debug_frame   0x000005c8      0x244 C:\Users\Wanderson\Documents\LPCXpresso_8.2.0_647\workspace\Lib_EaBaseBoard\Debug\libLib_EaBaseBoard.a(oled.o)
 .debug_frame   0x0000080c      0x1e8 C:\Users\Wanderson\Documents\LPCXpresso_8.2.0_647\workspace\Lib_MCU\Debug\libLib_MCU.a(lpc17xx_adc.o)
 .debug_frame   0x000009f4      0x13c C:\Users\Wanderson\Documents\LPCXpresso_8.2.0_647\workspace\Lib_MCU\Debug\libLib_MCU.a(lpc17xx_clkpwr.o)
 .debug_frame   0x00000b30      0x344 C:\Users\Wanderson\Documents\LPCXpresso_8.2.0_647\workspace\Lib_MCU\Debug\libLib_MCU.a(lpc17xx_gpio.o)
 .debug_frame   0x00000e74      0x35c C:\Users\Wanderson\Documents\LPCXpresso_8.2.0_647\workspace\Lib_MCU\Debug\libLib_MCU.a(lpc17xx_i2c.o)
 .debug_frame   0x000011d0       0xfc C:\Users\Wanderson\Documents\LPCXpresso_8.2.0_647\workspace\Lib_MCU\Debug\libLib_MCU.a(lpc17xx_pinsel.o)
 .debug_frame   0x000012cc      0x2e0 C:\Users\Wanderson\Documents\LPCXpresso_8.2.0_647\workspace\Lib_MCU\Debug\libLib_MCU.a(lpc17xx_ssp.o)
 .debug_frame   0x000015ac      0x2a8 C:\Users\Wanderson\Documents\LPCXpresso_8.2.0_647\workspace\Lib_MCU\Debug\libLib_MCU.a(lpc17xx_timer.o)
 .debug_frame   0x00001854       0x2c c:/programas/nxp/lpcxpresso_8.2.0_647/lpcxpresso/tools/bin/../lib/gcc/arm-none-eabi/5.3.1/armv7-m\libgcc.a(_aeabi_uldivmod.o)
 .debug_frame   0x00001880       0x38 c:/programas/nxp/lpcxpresso_8.2.0_647/lpcxpresso/tools/bin/../lib/gcc/arm-none-eabi/5.3.1/armv7-m\libgcc.a(_udivmoddi4.o)
 .debug_frame   0x000018b8       0x34 c:/programas/nxp/lpcxpresso_8.2.0_647/lpcxpresso/tools/bin/../lib/gcc/arm-none-eabi/5.3.1/../../../../arm-none-eabi/lib/armv7-m\libc.a(lib_a-memset.o)
