Archive member included to satisfy reference by file (symbol)

C:\Users\Wanderson\Documents\LPCXpresso_8.2.0_647\workspace\Lib_CMSISv1p30_LPC17xx\Debug\libCMSISv1p30_LPC17xx.a(system_LPC17xx.o)
                              ./src/main.o (SystemCoreClock)
C:\Users\Wanderson\Documents\LPCXpresso_8.2.0_647\workspace\Lib_EaBaseBoard\Debug\libLib_EaBaseBoard.a(acc.o)
                              ./src/main.o (acc_init)
C:\Users\Wanderson\Documents\LPCXpresso_8.2.0_647\workspace\Lib_EaBaseBoard\Debug\libLib_EaBaseBoard.a(light.o)
                              ./src/main.o (light_init)
C:\Users\Wanderson\Documents\LPCXpresso_8.2.0_647\workspace\Lib_EaBaseBoard\Debug\libLib_EaBaseBoard.a(oled.o)
                              ./src/main.o (oled_init)
C:\Users\Wanderson\Documents\LPCXpresso_8.2.0_647\workspace\Lib_EaBaseBoard\Debug\libLib_EaBaseBoard.a(temp.o)
                              ./src/main.o (temp_init)
C:\Users\Wanderson\Documents\LPCXpresso_8.2.0_647\workspace\Lib_EaBaseBoard\Debug\libLib_EaBaseBoard.a(font5x7.o)
                              C:\Users\Wanderson\Documents\LPCXpresso_8.2.0_647\workspace\Lib_EaBaseBoard\Debug\libLib_EaBaseBoard.a(oled.o) (font5x7)
C:\Users\Wanderson\Documents\LPCXpresso_8.2.0_647\workspace\Lib_MCU\Debug\libLib_MCU.a(lpc17xx_adc.o)
                              ./src/main.o (ADC_Init)
C:\Users\Wanderson\Documents\LPCXpresso_8.2.0_647\workspace\Lib_MCU\Debug\libLib_MCU.a(lpc17xx_clkpwr.o)
                              C:\Users\Wanderson\Documents\LPCXpresso_8.2.0_647\workspace\Lib_MCU\Debug\libLib_MCU.a(lpc17xx_adc.o) (CLKPWR_GetPCLK)
C:\Users\Wanderson\Documents\LPCXpresso_8.2.0_647\workspace\Lib_MCU\Debug\libLib_MCU.a(lpc17xx_gpio.o)
                              C:\Users\Wanderson\Documents\LPCXpresso_8.2.0_647\workspace\Lib_EaBaseBoard\Debug\libLib_EaBaseBoard.a(oled.o) (GPIO_SetDir)
C:\Users\Wanderson\Documents\LPCXpresso_8.2.0_647\workspace\Lib_MCU\Debug\libLib_MCU.a(lpc17xx_i2c.o)
                              ./src/main.o (I2C_Init)
C:\Users\Wanderson\Documents\LPCXpresso_8.2.0_647\workspace\Lib_MCU\Debug\libLib_MCU.a(lpc17xx_pinsel.o)
                              ./src/main.o (PINSEL_ConfigPin)
C:\Users\Wanderson\Documents\LPCXpresso_8.2.0_647\workspace\Lib_MCU\Debug\libLib_MCU.a(lpc17xx_ssp.o)
                              ./src/main.o (SSP_Init)
C:\Users\Wanderson\Documents\LPCXpresso_8.2.0_647\workspace\Lib_MCU\Debug\libLib_MCU.a(lpc17xx_timer.o)
                              ./src/main.o (Timer0_Wait)
c:/programas/nxp/lpcxpresso_8.2.0_647/lpcxpresso/tools/bin/../lib/gcc/arm-none-eabi/5.3.1/armv7-m\libgcc.a(_aeabi_uldivmod.o)
                              C:\Users\Wanderson\Documents\LPCXpresso_8.2.0_647\workspace\Lib_CMSISv1p30_LPC17xx\Debug\libCMSISv1p30_LPC17xx.a(system_LPC17xx.o) (__aeabi_uldivmod)
c:/programas/nxp/lpcxpresso_8.2.0_647/lpcxpresso/tools/bin/../lib/gcc/arm-none-eabi/5.3.1/armv7-m\libgcc.a(_udivmoddi4.o)
                              c:/programas/nxp/lpcxpresso_8.2.0_647/lpcxpresso/tools/bin/../lib/gcc/arm-none-eabi/5.3.1/armv7-m\libgcc.a(_aeabi_uldivmod.o) (__udivmoddi4)
c:/programas/nxp/lpcxpresso_8.2.0_647/lpcxpresso/tools/bin/../lib/gcc/arm-none-eabi/5.3.1/armv7-m\libgcc.a(_dvmd_tls.o)
                              c:/programas/nxp/lpcxpresso_8.2.0_647/lpcxpresso/tools/bin/../lib/gcc/arm-none-eabi/5.3.1/armv7-m\libgcc.a(_aeabi_uldivmod.o) (__aeabi_ldiv0)
c:/programas/nxp/lpcxpresso_8.2.0_647/lpcxpresso/tools/bin/../lib/gcc/arm-none-eabi/5.3.1/../../../../arm-none-eabi/lib/armv7-m\libc.a(lib_a-memset.o)
                              C:\Users\Wanderson\Documents\LPCXpresso_8.2.0_647\workspace\Lib_EaBaseBoard\Debug\libLib_EaBaseBoard.a(oled.o) (memset)

Discarded input sections

 .group         0x00000000        0x8 ./src/cr_startup_lpc17.o
 .group         0x00000000        0x8 ./src/cr_startup_lpc17.o
 .group         0x00000000        0x8 ./src/cr_startup_lpc17.o
 .group         0x00000000        0x8 ./src/cr_startup_lpc17.o
 .group         0x00000000        0x8 ./src/cr_startup_lpc17.o
 .group         0x00000000        0x8 ./src/cr_startup_lpc17.o
 .group         0x00000000        0x8 ./src/cr_startup_lpc17.o
 .text          0x00000000        0x0 ./src/cr_startup_lpc17.o
 .data          0x00000000        0x0 ./src/cr_startup_lpc17.o
 .bss           0x00000000        0x0 ./src/cr_startup_lpc17.o
 .text.SysTick_Handler
                0x00000000        0x8 ./src/cr_startup_lpc17.o
 .group         0x00000000        0x8 ./src/main.o
 .group         0x00000000        0x8 ./src/main.o
 .group         0x00000000        0x8 ./src/main.o
 .group         0x00000000        0x8 ./src/main.o
 .group         0x00000000        0x8 ./src/main.o
 .group         0x00000000        0x8 ./src/main.o
 .group         0x00000000        0x8 ./src/main.o
 .group         0x00000000        0x8 ./src/main.o
 .group         0x00000000        0x8 ./src/main.o
 .group         0x00000000        0x8 ./src/main.o
 .group         0x00000000        0x8 ./src/main.o
[...]
Memory Configuration

Name             Origin             Length             Attributes
MFlash512        0x00000000         0x00080000         xr
RamLoc32         0x10000000         0x00008000         xrw
RamAHB32         0x2007c000         0x00008000         xrw
*default*        0x00000000         0xffffffff

Linker script and memory map

LOAD ./src/cr_startup_lpc17.o
LOAD ./src/main.o
LOAD C:\Users\Wanderson\Documents\LPCXpresso_8.2.0_647\workspace\Lib_CMSISv1p30_LPC17xx\Debug\libCMSISv1p30_LPC17xx.a
LOAD C:\Users\Wanderson\Documents\LPCXpresso_8.2.0_647\workspace\Lib_EaBaseBoard\Debug\libLib_EaBaseBoard.a
LOAD C:\Users\Wanderson\Documents\LPCXpresso_8.2.0_647\workspace\Lib_MCU\Debug\libLib_MCU.a
START GROUP
LOAD c:/programas/nxp/lpcxpresso_8.2.0_647/lpcxpresso/tools/bin/../lib/gcc/arm-none-eabi/5.3.1/armv7-m\libgcc.a
LOAD c:/programas/nxp/lpcxpresso_8.2.0_647/lpcxpresso/tools/bin/../lib/gcc/arm-none-eabi/5.3.1/../../../../arm-none-eabi/lib/armv7-m\libc.a
LOAD c:/programas/nxp/lpcxpresso_8.2.0_647/lpcxpresso/tools/bin/../lib/gcc/arm-none-eabi/5.3.1/../../../../arm-none-eabi/lib/armv7-m\libm.a
LOAD c:/programas/nxp/lpcxpresso_8.2.0_647/lpcxpresso/tools/bin/../lib/gcc/arm-none-eabi/5.3.1/../../../../arm-none-eabi/lib/armv7-m\libcr_newlib_semihost.a
END GROUP
                0x00000000                __base_MFlash512 = 0x0
                0x00000000                __base_Flash = 0x0
                0x00080000                __top_MFlash512 = 0x80000
                0x00080000                __top_Flash = 0x80000
                0x10000000                __base_RamLoc32 = 0x10000000
                0x10000000                __base_RAM = 0x10000000
                0x10008000                __top_RamLoc32 = 0x10008000
                0x10008000                __top_RAM = 0x10008000
                0x2007c000                __base_RamAHB32 = 0x2007c000
                0x2007c000                __base_RAM2 = 0x2007c000
                0x20084000                __top_RamAHB32 = 0x20084000
                0x20084000                __top_RAM2 = 0x20084000

.text           0x00000000     0x3c54
 FILL mask 0xff
                0x00000000                __vectors_start__ = ABSOLUTE (.)
 *(.isr_vector)
 .isr_vector    0x00000000       0xcc ./src/cr_startup_lpc17.o
                0x00000000                g_pfnVectors
                0x000000cc                . = ALIGN (0x4)
                0x000000cc                __section_table_start = .
                0x000000cc                __data_section_table = .
                0x000000cc        0x4 LONG 0x3c5c LOADADDR (.data)
                0x000000d0        0x4 LONG 0x10000000 ADDR (.data)
                0x000000d4        0x4 LONG 0x10 SIZEOF (.data)
                0x000000d8        0x4 LONG 0x3c5c LOADADDR (.data_RAM2)
                0x000000dc        0x4 LONG 0x2007c000 ADDR (.data_RAM2)
                0x000000e0        0x4 LONG 0x0 SIZEOF (.data_RAM2)
                0x000000e4                __data_section_table_end = .
                0x000000e4                __bss_section_table = .
                0x000000e4        0x4 LONG 0x10000010 ADDR (.bss)
                0x000000e8        0x4 LONG 0x350 SIZEOF (.bss)
                0x000000ec        0x4 LONG 0x2007c000 ADDR (.bss_RAM2)
                0x000000f0        0x4 LONG 0x0 SIZEOF (.bss_RAM2)
                0x000000f4                __bss_section_table_end = .
                0x000000f4                __section_table_end = .
 *(.after_vectors*)
 *(.text*)
 .text.ResetISR
                0x000000f4       0x58 ./src/cr_startup_lpc17.o
                0x000000f4                ResetISR
 .text.NMI_Handler
                0x0000014c        0x8 ./src/cr_startup_lpc17.o
                0x0000014c                NMI_Handler
 .text.HardFault_Handler
                0x00000154        0x8 ./src/cr_startup_lpc17.o
                0x00000154                HardFault_Handler
 .text.MemManage_Handler
                0x0000015c        0x8 ./src/cr_startup_lpc17.o
                0x0000015c                MemManage_Handler
 .text.BusFault_Handler
                0x00000164        0x8 ./src/cr_startup_lpc17.o
                0x00000164                BusFault_Handler
 .text.UsageFault_Handler
                0x0000016c        0x8 ./src/cr_startup_lpc17.o
                0x0000016c                UsageFault_Handler
 .text.SVCall_Handler
                0x00000174        0x8 ./src/cr_startup_lpc17.o
                0x00000174                SVCall_Handler
 .text.DebugMon_Handler
                0x0000017c        0x8 ./src/cr_startup_lpc17.o
                0x0000017c                DebugMon_Handler
 .text.PendSV_Handler
                0x00000184        0x8 ./src/cr_startup_lpc17.o
                0x00000184                PendSV_Handler
 .text.IntDefaultHandler
                0x0000018c        0x8 ./src/cr_startup_lpc17.o
                0x0000018c                TIMER2_IRQHandler
                0x0000018c                RIT_IRQHandler
                0x0000018c                I2C0_IRQHandler
                0x0000018c                USBActivity_IRQHandler
                0x0000018c                PWM1_IRQHandler
                0x0000018c                I2C1_IRQHandler
                0x0000018c                EINT2_IRQHandler
                0x0000018c                UART1_IRQHandler
                0x0000018c                EINT3_IRQHandler
                0x0000018c                CANActivity_IRQHandler
                0x0000018c                TIMER3_IRQHandler
                0x0000018c                UART0_IRQHandler
                0x0000018c                IntDefaultHandler
                0x0000018c                PLL0_IRQHandler
                0x0000018c                CAN_IRQHandler
                0x0000018c                PLL1_IRQHandler
                0x0000018c                SSP0_IRQHandler
                0x0000018c                I2S_IRQHandler
                0x0000018c                I2C2_IRQHandler
                0x0000018c                RTC_IRQHandler
                0x0000018c                TIMER0_IRQHandler
                0x0000018c                SPI_IRQHandler
                0x0000018c                EINT1_IRQHandler
                0x0000018c                TIMER1_IRQHandler
                0x0000018c                UART2_IRQHandler
                0x0000018c                ADC_IRQHandler
                0x0000018c                SSP1_IRQHandler
                0x0000018c                USB_IRQHandler
                0x0000018c                BOD_IRQHandler
                0x0000018c                WDT_IRQHandler
                0x0000018c                QEI_IRQHandler
                0x0000018c                EINT0_IRQHandler
                0x0000018c                DMA_IRQHandler
                0x0000018c                UART3_IRQHandler
                0x0000018c                MCPWM_IRQHandler
                0x0000018c                ENET_IRQHandler
 .text.NVIC_SetPriority
                0x00000194       0x54 ./src/main.o
 .text.SysTick_Config
                0x000001e8       0x44 ./src/main.o
 .text.intToString
                0x0000022c       0xc8 ./src/main.o
 .text.SysTick_Handler
                0x000002f4       0x1c ./src/main.o
                0x000002f4                SysTick_Handler
 .text.getTicks
                0x00000310       0x14 ./src/main.o
 .text.init_ssp
                0x00000324       0x78 ./src/main.o
 .text.init_i2c
                0x0000039c       0x48 ./src/main.o
 .text.init_adc
                0x000003e4       0x50 ./src/main.o
 .text.main     0x00000434      0x2b4 ./src/main.o
                0x00000434                main
 .text.check_failed
                0x000006e8        0xc ./src/main.o
                0x000006e8                check_failed
 .text.SystemInit
                0x000006f4      0x140 C:\Users\Wanderson\Documents\LPCXpresso_8.2.0_647\workspace\Lib_CMSISv1p30_LPC17xx\Debug\libCMSISv1p30_LPC17xx.a(system_LPC17xx.o)
                0x000006f4                SystemInit
 .text.I2CRead  0x00000834       0x50 C:\Users\Wanderson\Documents\LPCXpresso_8.2.0_647\workspace\Lib_EaBaseBoard\Debug\libLib_EaBaseBoard.a(acc.o)
 .text.I2CWrite
                0x00000884       0x50 C:\Users\Wanderson\Documents\LPCXpresso_8.2.0_647\workspace\Lib_EaBaseBoard\Debug\libLib_EaBaseBoard.a(acc.o)
 .text.getStatus
                0x000008d4       0x2c C:\Users\Wanderson\Documents\LPCXpresso_8.2.0_647\workspace\Lib_EaBaseBoard\Debug\libLib_EaBaseBoard.a(acc.o)
 .text.setModeControl
                0x00000900       0x28 C:\Users\Wanderson\Documents\LPCXpresso_8.2.0_647\workspace\Lib_EaBaseBoard\Debug\libLib_EaBaseBoard.a(acc.o)
 .text.acc_init
                0x00000928       0x10 C:\Users\Wanderson\Documents\LPCXpresso_8.2.0_647\workspace\Lib_EaBaseBoard\Debug\libLib_EaBaseBoard.a(acc.o)
                0x00000928                acc_init
 .text.acc_read
                0x00000938       0x9c C:\Users\Wanderson\Documents\LPCXpresso_8.2.0_647\workspace\Lib_EaBaseBoard\Debug\libLib_EaBaseBoard.a(acc.o)
                0x00000938                acc_read
 .text.I2CRead  0x000009d4       0x50 C:\Users\Wanderson\Documents\LPCXpresso_8.2.0_647\workspace\Lib_EaBaseBoard\Debug\libLib_EaBaseBoard.a(light.o)
 .text.I2CWrite
                0x00000a24       0x50 C:\Users\Wanderson\Documents\LPCXpresso_8.2.0_647\workspace\Lib_EaBaseBoard\Debug\libLib_EaBaseBoard.a(light.o)
 .text.readControlReg
                0x00000a74       0x2c C:\Users\Wanderson\Documents\LPCXpresso_8.2.0_647\workspace\Lib_EaBaseBoard\Debug\libLib_EaBaseBoard.a(light.o)
 .text.light_init
                0x00000aa0        0xc C:\Users\Wanderson\Documents\LPCXpresso_8.2.0_647\workspace\Lib_EaBaseBoard\Debug\libLib_EaBaseBoard.a(light.o)
                0x00000aa0                light_init
 .text.light_enable
                0x00000aac       0x3c C:\Users\Wanderson\Documents\LPCXpresso_8.2.0_647\workspace\Lib_EaBaseBoard\Debug\libLib_EaBaseBoard.a(light.o)
                0x00000aac                light_enable
 .text.light_read
                0x00000ae8       0x74 C:\Users\Wanderson\Documents\LPCXpresso_8.2.0_647\workspace\Lib_EaBaseBoard\Debug\libLib_EaBaseBoard.a(light.o)
                0x00000ae8                light_read
 .text.light_setRange
                0x00000b5c       0x90 C:\Users\Wanderson\Documents\LPCXpresso_8.2.0_647\workspace\Lib_EaBaseBoard\Debug\libLib_EaBaseBoard.a(light.o)
                0x00000b5c                light_setRange
 .text.writeCommand
                0x00000bec       0x48 C:\Users\Wanderson\Documents\LPCXpresso_8.2.0_647\workspace\Lib_EaBaseBoard\Debug\libLib_EaBaseBoard.a(oled.o)
 .text.writeData
                0x00000c34       0x48 C:\Users\Wanderson\Documents\LPCXpresso_8.2.0_647\workspace\Lib_EaBaseBoard\Debug\libLib_EaBaseBoard.a(oled.o)
 .text.writeDataLen
                0x00000c7c       0x78 C:\Users\Wanderson\Documents\LPCXpresso_8.2.0_647\workspace\Lib_EaBaseBoard\Debug\libLib_EaBaseBoard.a(oled.o)
 .text.runInitSequence
                0x00000cf4       0xd4 C:\Users\Wanderson\Documents\LPCXpresso_8.2.0_647\workspace\Lib_EaBaseBoard\Debug\libLib_EaBaseBoard.a(oled.o)
 .text.hLine    0x00000dc8       0x58 C:\Users\Wanderson\Documents\LPCXpresso_8.2.0_647\workspace\Lib_EaBaseBoard\Debug\libLib_EaBaseBoard.a(oled.o)
 .text.vLine    0x00000e20       0x58 C:\Users\Wanderson\Documents\LPCXpresso_8.2.0_647\workspace\Lib_EaBaseBoard\Debug\libLib_EaBaseBoard.a(oled.o)
 .text.oled_init
                0x00000e78       0x74 C:\Users\Wanderson\Documents\LPCXpresso_8.2.0_647\workspace\Lib_EaBaseBoard\Debug\libLib_EaBaseBoard.a(oled.o)
                0x00000e78                oled_init
 .text.oled_putPixel
                0x00000eec      0x150 C:\Users\Wanderson\Documents\LPCXpresso_8.2.0_647\workspace\Lib_EaBaseBoard\Debug\libLib_EaBaseBoard.a(oled.o)
                0x00000eec                oled_putPixel
 .text.oled_fillRect
                0x0000103c       0xa0 C:\Users\Wanderson\Documents\LPCXpresso_8.2.0_647\workspace\Lib_EaBaseBoard\Debug\libLib_EaBaseBoard.a(oled.o)
                0x0000103c                oled_fillRect
 .text.oled_clearScreen
                0x000010dc       0x64 C:\Users\Wanderson\Documents\LPCXpresso_8.2.0_647\workspace\Lib_EaBaseBoard\Debug\libLib_EaBaseBoard.a(oled.o)
                0x000010dc                oled_clearScreen
 .text.oled_putChar
                0x00001140       0xd8 C:\Users\Wanderson\Documents\LPCXpresso_8.2.0_647\workspace\Lib_EaBaseBoard\Debug\libLib_EaBaseBoard.a(oled.o)
                0x00001140                oled_putChar
 .text.oled_putString
                0x00001218       0x54 C:\Users\Wanderson\Documents\LPCXpresso_8.2.0_647\workspace\Lib_EaBaseBoard\Debug\libLib_EaBaseBoard.a(oled.o)
                0x00001218                oled_putString
 .text.temp_init
                0x0000126c       0x24 C:\Users\Wanderson\Documents\LPCXpresso_8.2.0_647\workspace\Lib_EaBaseBoard\Debug\libLib_EaBaseBoard.a(temp.o)
                0x0000126c                temp_init
 .text.temp_read
                0x00001290       0xf0 C:\Users\Wanderson\Documents\LPCXpresso_8.2.0_647\workspace\Lib_EaBaseBoard\Debug\libLib_EaBaseBoard.a(temp.o)
                0x00001290                temp_read
 .text.ADC_Init
                0x00001380       0x78 C:\Users\Wanderson\Documents\LPCXpresso_8.2.0_647\workspace\Lib_MCU\Debug\libLib_MCU.a(lpc17xx_adc.o)
                0x00001380                ADC_Init
 .text.ADC_StartCmd
                0x000013f8       0x80 C:\Users\Wanderson\Documents\LPCXpresso_8.2.0_647\workspace\Lib_MCU\Debug\libLib_MCU.a(lpc17xx_adc.o)
                0x000013f8                ADC_StartCmd
 .text.ADC_IntConfig
                0x00001478       0x9c C:\Users\Wanderson\Documents\LPCXpresso_8.2.0_647\workspace\Lib_MCU\Debug\libLib_MCU.a(lpc17xx_adc.o)
                0x00001478                ADC_IntConfig
 .text.ADC_ChannelCmd
                0x00001514       0x60 C:\Users\Wanderson\Documents\LPCXpresso_8.2.0_647\workspace\Lib_MCU\Debug\libLib_MCU.a(lpc17xx_adc.o)
                0x00001514                ADC_ChannelCmd
 .text.ADC_ChannelGetData
                0x00001574       0x48 C:\Users\Wanderson\Documents\LPCXpresso_8.2.0_647\workspace\Lib_MCU\Debug\libLib_MCU.a(lpc17xx_adc.o)
                0x00001574                ADC_ChannelGetData
 .text.ADC_ChannelGetStatus
                0x000015bc       0x7c C:\Users\Wanderson\Documents\LPCXpresso_8.2.0_647\workspace\Lib_MCU\Debug\libLib_MCU.a(lpc17xx_adc.o)
                0x000015bc                ADC_ChannelGetStatus
 .text.CLKPWR_SetPCLKDiv
                0x00001638       0x8c C:\Users\Wanderson\Documents\LPCXpresso_8.2.0_647\workspace\Lib_MCU\Debug\libLib_MCU.a(lpc17xx_clkpwr.o)
                0x00001638                CLKPWR_SetPCLKDiv
 .text.CLKPWR_GetPCLKSEL
                0x000016c4       0x48 C:\Users\Wanderson\Documents\LPCXpresso_8.2.0_647\workspace\Lib_MCU\Debug\libLib_MCU.a(lpc17xx_clkpwr.o)
                0x000016c4                CLKPWR_GetPCLKSEL
 .text.CLKPWR_GetPCLK
                0x0000170c       0x64 C:\Users\Wanderson\Documents\LPCXpresso_8.2.0_647\workspace\Lib_MCU\Debug\libLib_MCU.a(lpc17xx_clkpwr.o)
                0x0000170c                CLKPWR_GetPCLK
 .text.CLKPWR_ConfigPPWR
                0x00001770       0x58 C:\Users\Wanderson\Documents\LPCXpresso_8.2.0_647\workspace\Lib_MCU\Debug\libLib_MCU.a(lpc17xx_clkpwr.o)
                0x00001770                CLKPWR_ConfigPPWR
 .text.GPIO_GetPointer
                0x000017c8       0x70 C:\Users\Wanderson\Documents\LPCXpresso_8.2.0_647\workspace\Lib_MCU\Debug\libLib_MCU.a(lpc17xx_gpio.o)
 .text.GPIO_SetDir
                0x00001838       0x4c C:\Users\Wanderson\Documents\LPCXpresso_8.2.0_647\workspace\Lib_MCU\Debug\libLib_MCU.a(lpc17xx_gpio.o)
                0x00001838                GPIO_SetDir
 .text.GPIO_SetValue
                0x00001884       0x2c C:\Users\Wanderson\Documents\LPCXpresso_8.2.0_647\workspace\Lib_MCU\Debug\libLib_MCU.a(lpc17xx_gpio.o)
                0x00001884                GPIO_SetValue
 .text.GPIO_ClearValue
                0x000018b0       0x2c C:\Users\Wanderson\Documents\LPCXpresso_8.2.0_647\workspace\Lib_MCU\Debug\libLib_MCU.a(lpc17xx_gpio.o)
                0x000018b0                GPIO_ClearValue
 .text.GPIO_ReadValue
                0x000018dc       0x2c C:\Users\Wanderson\Documents\LPCXpresso_8.2.0_647\workspace\Lib_MCU\Debug\libLib_MCU.a(lpc17xx_gpio.o)
                0x000018dc                GPIO_ReadValue
 .text.NVIC_EnableIRQ
                0x00001908       0x30 C:\Users\Wanderson\Documents\LPCXpresso_8.2.0_647\workspace\Lib_MCU\Debug\libLib_MCU.a(lpc17xx_i2c.o)
 .text.NVIC_DisableIRQ
                0x00001938       0x34 C:\Users\Wanderson\Documents\LPCXpresso_8.2.0_647\workspace\Lib_MCU\Debug\libLib_MCU.a(lpc17xx_i2c.o)
 .text.I2C_getNum
                0x0000196c       0x48 C:\Users\Wanderson\Documents\LPCXpresso_8.2.0_647\workspace\Lib_MCU\Debug\libLib_MCU.a(lpc17xx_i2c.o)
 .text.I2C_Start
                0x000019b4       0x3c C:\Users\Wanderson\Documents\LPCXpresso_8.2.0_647\workspace\Lib_MCU\Debug\libLib_MCU.a(lpc17xx_i2c.o)
 .text.I2C_Stop
                0x000019f0       0x30 C:\Users\Wanderson\Documents\LPCXpresso_8.2.0_647\workspace\Lib_MCU\Debug\libLib_MCU.a(lpc17xx_i2c.o)
 .text.I2C_SendByte
                0x00001a20       0x4c C:\Users\Wanderson\Documents\LPCXpresso_8.2.0_647\workspace\Lib_MCU\Debug\libLib_MCU.a(lpc17xx_i2c.o)
 .text.I2C_GetByte
                0x00001a6c       0x54 C:\Users\Wanderson\Documents\LPCXpresso_8.2.0_647\workspace\Lib_MCU\Debug\libLib_MCU.a(lpc17xx_i2c.o)
 .text.I2C_IntCmd
                0x00001ac0       0x88 C:\Users\Wanderson\Documents\LPCXpresso_8.2.0_647\workspace\Lib_MCU\Debug\libLib_MCU.a(lpc17xx_i2c.o)
                0x00001ac0                I2C_IntCmd
 .text.I2C_MasterHandler
                0x00001b48      0x3a0 C:\Users\Wanderson\Documents\LPCXpresso_8.2.0_647\workspace\Lib_MCU\Debug\libLib_MCU.a(lpc17xx_i2c.o)
                0x00001b48                I2C_MasterHandler
 .text.I2C_SetClock
                0x00001ee8       0xa4 C:\Users\Wanderson\Documents\LPCXpresso_8.2.0_647\workspace\Lib_MCU\Debug\libLib_MCU.a(lpc17xx_i2c.o)
                0x00001ee8                I2C_SetClock
 .text.I2C_Init
                0x00001f8c       0xa4 C:\Users\Wanderson\Documents\LPCXpresso_8.2.0_647\workspace\Lib_MCU\Debug\libLib_MCU.a(lpc17xx_i2c.o)
                0x00001f8c                I2C_Init
 .text.I2C_Cmd  0x00002030       0x70 C:\Users\Wanderson\Documents\LPCXpresso_8.2.0_647\workspace\Lib_MCU\Debug\libLib_MCU.a(lpc17xx_i2c.o)
                0x00002030                I2C_Cmd
 .text.I2C_MasterTransferData
                0x000020a0      0x2f8 C:\Users\Wanderson\Documents\LPCXpresso_8.2.0_647\workspace\Lib_MCU\Debug\libLib_MCU.a(lpc17xx_i2c.o)
                0x000020a0                I2C_MasterTransferData
 .text.PINSEL_SetPinFunc
                0x00002398       0x84 C:\Users\Wanderson\Documents\LPCXpresso_8.2.0_647\workspace\Lib_MCU\Debug\libLib_MCU.a(lpc17xx_pinsel.o)
                0x00002398                PINSEL_SetPinFunc
 .text.PINSEL_SetResistorMode
                0x0000241c       0x84 C:\Users\Wanderson\Documents\LPCXpresso_8.2.0_647\workspace\Lib_MCU\Debug\libLib_MCU.a(lpc17xx_pinsel.o)
                0x0000241c                PINSEL_SetResistorMode
 .text.PINSEL_SetOpenDrainMode
                0x000024a0       0x6c C:\Users\Wanderson\Documents\LPCXpresso_8.2.0_647\workspace\Lib_MCU\Debug\libLib_MCU.a(lpc17xx_pinsel.o)
                0x000024a0                PINSEL_SetOpenDrainMode
 .text.PINSEL_ConfigPin
                0x0000250c       0x48 C:\Users\Wanderson\Documents\LPCXpresso_8.2.0_647\workspace\Lib_MCU\Debug\libLib_MCU.a(lpc17xx_pinsel.o)
                0x0000250c                PINSEL_ConfigPin
 .text.SSP_getNum
                0x00002554       0x38 C:\Users\Wanderson\Documents\LPCXpresso_8.2.0_647\workspace\Lib_MCU\Debug\libLib_MCU.a(lpc17xx_ssp.o)
 .text.SSP_IntHandler
                0x0000258c      0x2cc C:\Users\Wanderson\Documents\LPCXpresso_8.2.0_647\workspace\Lib_MCU\Debug\libLib_MCU.a(lpc17xx_ssp.o)
                0x0000258c                SSP_IntHandler
 .text.SSP_SetClock
                0x00002858       0xc4 C:\Users\Wanderson\Documents\LPCXpresso_8.2.0_647\workspace\Lib_MCU\Debug\libLib_MCU.a(lpc17xx_ssp.o)
                0x00002858                SSP_SetClock
 .text.SSP_Init
                0x0000291c       0xd8 C:\Users\Wanderson\Documents\LPCXpresso_8.2.0_647\workspace\Lib_MCU\Debug\libLib_MCU.a(lpc17xx_ssp.o)
                0x0000291c                SSP_Init
 .text.SSP_ConfigStructInit
                0x000029f4       0x3c C:\Users\Wanderson\Documents\LPCXpresso_8.2.0_647\workspace\Lib_MCU\Debug\libLib_MCU.a(lpc17xx_ssp.o)
                0x000029f4                SSP_ConfigStructInit
 .text.SSP_Cmd  0x00002a30       0x70 C:\Users\Wanderson\Documents\LPCXpresso_8.2.0_647\workspace\Lib_MCU\Debug\libLib_MCU.a(lpc17xx_ssp.o)
                0x00002a30                SSP_Cmd
 .text.SSP_SendData
                0x00002aa0       0x40 C:\Users\Wanderson\Documents\LPCXpresso_8.2.0_647\workspace\Lib_MCU\Debug\libLib_MCU.a(lpc17xx_ssp.o)
                0x00002aa0                SSP_SendData
 .text.SSP_ReceiveData
                0x00002ae0       0x3c C:\Users\Wanderson\Documents\LPCXpresso_8.2.0_647\workspace\Lib_MCU\Debug\libLib_MCU.a(lpc17xx_ssp.o)
                0x00002ae0                SSP_ReceiveData
 .text.SSP_ReadWrite
                0x00002b1c      0x3c0 C:\Users\Wanderson\Documents\LPCXpresso_8.2.0_647\workspace\Lib_MCU\Debug\libLib_MCU.a(lpc17xx_ssp.o)
                0x00002b1c                SSP_ReadWrite
 .text.TIM_GetPClock
                0x00002edc       0x58 C:\Users\Wanderson\Documents\LPCXpresso_8.2.0_647\workspace\Lib_MCU\Debug\libLib_MCU.a(lpc17xx_timer.o)
                0x00002edc                TIM_GetPClock
 .text.TIM_ConverUSecToVal
                0x00002f34       0x58 C:\Users\Wanderson\Documents\LPCXpresso_8.2.0_647\workspace\Lib_MCU\Debug\libLib_MCU.a(lpc17xx_timer.o)
                0x00002f34                TIM_ConverUSecToVal
 .text.TIM_ConverPtrToTimeNum
                0x00002f8c       0x5c C:\Users\Wanderson\Documents\LPCXpresso_8.2.0_647\workspace\Lib_MCU\Debug\libLib_MCU.a(lpc17xx_timer.o)
                0x00002f8c                TIM_ConverPtrToTimeNum
 .text.TIM_GetIntStatus
                0x00002fe8       0x98 C:\Users\Wanderson\Documents\LPCXpresso_8.2.0_647\workspace\Lib_MCU\Debug\libLib_MCU.a(lpc17xx_timer.o)
                0x00002fe8                TIM_GetIntStatus
 .text.TIM_ClearIntPending
                0x00003080       0x8c C:\Users\Wanderson\Documents\LPCXpresso_8.2.0_647\workspace\Lib_MCU\Debug\libLib_MCU.a(lpc17xx_timer.o)
                0x00003080                TIM_ClearIntPending
 .text.TIM_Init
                0x0000310c      0x170 C:\Users\Wanderson\Documents\LPCXpresso_8.2.0_647\workspace\Lib_MCU\Debug\libLib_MCU.a(lpc17xx_timer.o)
                0x0000310c                TIM_Init
 .text.TIM_Cmd  0x0000327c       0x70 C:\Users\Wanderson\Documents\LPCXpresso_8.2.0_647\workspace\Lib_MCU\Debug\libLib_MCU.a(lpc17xx_timer.o)
                0x0000327c                TIM_Cmd
 .text.TIM_ConfigMatch
                0x000032ec      0x15c C:\Users\Wanderson\Documents\LPCXpresso_8.2.0_647\workspace\Lib_MCU\Debug\libLib_MCU.a(lpc17xx_timer.o)
                0x000032ec                TIM_ConfigMatch
 .text.Timer0_Wait
                0x00003448       0x78 C:\Users\Wanderson\Documents\LPCXpresso_8.2.0_647\workspace\Lib_MCU\Debug\libLib_MCU.a(lpc17xx_timer.o)
                0x00003448                Timer0_Wait
 .text          0x000034c0       0x30 c:/programas/nxp/lpcxpresso_8.2.0_647/lpcxpresso/tools/bin/../lib/gcc/arm-none-eabi/5.3.1/armv7-m\libgcc.a(_aeabi_uldivmod.o)
                0x000034c0                __aeabi_uldivmod
 .text          0x000034f0      0x2ec c:/programas/nxp/lpcxpresso_8.2.0_647/lpcxpresso/tools/bin/../lib/gcc/arm-none-eabi/5.3.1/armv7-m\libgcc.a(_udivmoddi4.o)
                0x000034f0                __udivmoddi4
 .text          0x000037dc        0x4 c:/programas/nxp/lpcxpresso_8.2.0_647/lpcxpresso/tools/bin/../lib/gcc/arm-none-eabi/5.3.1/armv7-m\libgcc.a(_dvmd_tls.o)
                0x000037dc                __aeabi_idiv0
                0x000037dc                __aeabi_ldiv0
 .text.memset   0x000037e0       0x9c c:/programas/nxp/lpcxpresso_8.2.0_647/lpcxpresso/tools/bin/../lib/gcc/arm-none-eabi/5.3.1/../../../../arm-none-eabi/lib/armv7-m\libc.a(lib_a-memset.o)
                0x000037e0                memset
 *(.rodata .rodata.* .constdata .constdata.*)
 .rodata        0x0000387c       0x6d ./src/main.o
 *fill*         0x000038e9        0x3 ff
 .rodata        0x000038ec        0x8 C:\Users\Wanderson\Documents\LPCXpresso_8.2.0_647\workspace\Lib_EaBaseBoard\Debug\libLib_EaBaseBoard.a(oled.o)
 .rodata        0x000038f4      0x300 C:\Users\Wanderson\Documents\LPCXpresso_8.2.0_647\workspace\Lib_EaBaseBoard\Debug\libLib_EaBaseBoard.a(font5x7.o)
                0x000038f4                font5x7
 .rodata        0x00003bf4       0x15 C:\Users\Wanderson\Documents\LPCXpresso_8.2.0_647\workspace\Lib_MCU\Debug\libLib_MCU.a(lpc17xx_adc.o)
 *fill*         0x00003c09        0x3 ff
 .rodata        0x00003c0c       0x15 C:\Users\Wanderson\Documents\LPCXpresso_8.2.0_647\workspace\Lib_MCU\Debug\libLib_MCU.a(lpc17xx_i2c.o)
 *fill*         0x00003c21        0x3 ff
 .rodata        0x00003c24       0x15 C:\Users\Wanderson\Documents\LPCXpresso_8.2.0_647\workspace\Lib_MCU\Debug\libLib_MCU.a(lpc17xx_ssp.o)
 *fill*         0x00003c39        0x3 ff
 .rodata        0x00003c3c       0x17 C:\Users\Wanderson\Documents\LPCXpresso_8.2.0_647\workspace\Lib_MCU\Debug\libLib_MCU.a(lpc17xx_timer.o)
                0x00003c54                . = ALIGN (0x4)
 *fill*         0x00003c53        0x1 ff

.glue_7         0x00003c54        0x0
 .glue_7        0x00003c54        0x0 linker stubs

.glue_7t        0x00003c54        0x0
 .glue_7t       0x00003c54        0x0 linker stubs

.vfp11_veneer   0x00003c54        0x0
 .vfp11_veneer  0x00003c54        0x0 linker stubs

.v4_bx          0x00003c54        0x0
 .v4_bx         0x00003c54        0x0 linker stubs

.iplt           0x00003c54        0x0
 .iplt          0x00003c54        0x0 ./src/cr_startup_lpc17.o

.ARM.extab
 *(.ARM.extab* .gnu.linkonce.armextab.*)
                0x00003c54                __exidx_start = .

.ARM.exidx      0x00003c54        0x8
 *(.ARM.exidx* .gnu.linkonce.armexidx.*)
 .ARM.exidx     0x00003c54        0x8 c:/programas/nxp/lpcxpresso_8.2.0_647/lpcxpresso/tools/bin/../lib/gcc/arm-none-eabi/5.3.1/armv7-m\libgcc.a(_udivmoddi4.o)
                0x00003c5c                __exidx_end = .
                0x00003c5c                _etext = .

.rel.dyn        0x00003c5c        0x0
 .rel.iplt      0x00003c5c        0x0 ./src/cr_startup_lpc17.o

.data_RAM2      0x2007c000        0x0 load address 0x00003c5c
 FILL mask 0xff
                [!provide]                PROVIDE (__start_data_RAM2, .)
 *(.ramfunc.$RAM2)
 *(.ramfunc.$RamAHB32)
 *(.data.$RAM2*)
 *(.data.$RamAHB32*)
                0x2007c000                . = ALIGN (0x4)
                [!provide]                PROVIDE (__end_data_RAM2, .)

.uninit_RESERVED
                0x10000000        0x0
 *(.bss.$RESERVED*)
                0x10000000                . = ALIGN (0x4)
                0x10000000                _end_uninit_RESERVED = .

.data           0x10000000       0x10 load address 0x00003c5c
 FILL mask 0xff
                0x10000000                _data = .
 *(vtable)
 *(.ramfunc*)
 *(.data*)
 .data          0x10000000        0x4 ./src/main.o
 .data          0x10000004        0x4 C:\Users\Wanderson\Documents\LPCXpresso_8.2.0_647\workspace\Lib_CMSISv1p30_LPC17xx\Debug\libCMSISv1p30_LPC17xx.a(system_LPC17xx.o)
                0x10000004                SystemCoreClock
 .data          0x10000008        0x8 C:\Users\Wanderson\Documents\LPCXpresso_8.2.0_647\workspace\Lib_EaBaseBoard\Debug\libLib_EaBaseBoard.a(light.o)
                0x10000010                . = ALIGN (0x4)
                0x10000010                _edata = .

.igot.plt       0x10000010        0x0 load address 0x00003c6c
 .igot.plt      0x10000010        0x0 ./src/cr_startup_lpc17.o

.bss_RAM2       0x2007c000        0x0
                [!provide]                PROVIDE (__start_bss_RAM2, .)
 *(.bss.$RAM2*)
 *(.bss.$RamAHB32*)
                0x2007c000                . = ALIGN ((. != 0x0)?0x4:0x1)
                [!provide]                PROVIDE (__end_bss_RAM2, .)

.bss            0x10000010      0x350
                0x10000010                _bss = .
 *(.bss*)
 .bss           0x10000010        0xe ./src/main.o
 *fill*         0x1000001e        0x2 
 .bss           0x10000020      0x300 C:\Users\Wanderson\Documents\LPCXpresso_8.2.0_647\workspace\Lib_EaBaseBoard\Debug\libLib_EaBaseBoard.a(oled.o)
 .bss           0x10000320        0x4 C:\Users\Wanderson\Documents\LPCXpresso_8.2.0_647\workspace\Lib_EaBaseBoard\Debug\libLib_EaBaseBoard.a(temp.o)
 .bss           0x10000324       0x24 C:\Users\Wanderson\Documents\LPCXpresso_8.2.0_647\workspace\Lib_MCU\Debug\libLib_MCU.a(lpc17xx_i2c.o)
 .bss           0x10000348       0x18 C:\Users\Wanderson\Documents\LPCXpresso_8.2.0_647\workspace\Lib_MCU\Debug\libLib_MCU.a(lpc17xx_ssp.o)
 *(COMMON)
                0x10000360                . = ALIGN (0x4)
                0x10000360                _ebss = .
                [!provide]                PROVIDE (end, .)

.noinit_RAM2    0x2007c000        0x0
 *(.noinit.$RAM2*)
 *(.noinit.$RamAHB32*)
                0x2007c000                . = ALIGN (0x4)

.noinit         0x10000360        0x0
                0x10000360                _noinit = .
 *(.noinit*)
                0x10000360                . = ALIGN (0x4)
                0x10000360                _end_noinit = .
                [!provide]                PROVIDE (_pvHeapStart, DEFINED (__user_heap_base)?__user_heap_base:.)
                0x10008000                PROVIDE (_vStackTop, DEFINED (__user_stack_top)?__user_stack_top:(__top_RamLoc32 - 0x0))
                [!provide]                PROVIDE (__valid_user_code_checksum, (0x0 - ((((((_vStackTop + (ResetISR + 0x1)) + (NMI_Handler + 0x1)) + (HardFault_Handler + 0x1)) + (DEFINED (MemManage_Handler)?MemManage_Handler:0x0 + 0x1)) + (DEFINED (BusFault_Handler)?BusFault_Handler:0x0 + 0x1)) + (DEFINED (UsageFault_Handler)?UsageFault_Handler:0x0 + 0x1))))
OUTPUT(oled_periph.axf elf32-littlearm)

.debug_info     0x00000000     0x5d60
 .debug_info    0x00000000      0x1b6 ./src/cr_startup_lpc17.o
 .debug_info    0x000001b6      0xb40 ./src/main.o
 .debug_info    0x00000cf6      0x2e3 C:\Users\Wanderson\Documents\LPCXpresso_8.2.0_647\workspace\Lib_CMSISv1p30_LPC17xx\Debug\libCMSISv1p30_LPC17xx.a(system_LPC17xx.o)
 .debug_info    0x00000fd9      0x4ea C:\Users\Wanderson\Documents\LPCXpresso_8.2.0_647\workspace\Lib_EaBaseBoard\Debug\libLib_EaBaseBoard.a(acc.o)
 .debug_info    0x000014c3      0x6fb C:\Users\Wanderson\Documents\LPCXpresso_8.2.0_647\workspace\Lib_EaBaseBoard\Debug\libLib_EaBaseBoard.a(light.o)
 .debug_info    0x00001bbe      0x915 C:\Users\Wanderson\Documents\LPCXpresso_8.2.0_647\workspace\Lib_EaBaseBoard\Debug\libLib_EaBaseBoard.a(oled.o)
 .debug_info    0x000024d3      0x13e C:\Users\Wanderson\Documents\LPCXpresso_8.2.0_647\workspace\Lib_EaBaseBoard\Debug\libLib_EaBaseBoard.a(temp.o)
 .debug_info    0x00002611       0x61 C:\Users\Wanderson\Documents\LPCXpresso_8.2.0_647\workspace\Lib_EaBaseBoard\Debug\libLib_EaBaseBoard.a(font5x7.o)
 .debug_info    0x00002672      0x5da C:\Users\Wanderson\Documents\LPCXpresso_8.2.0_647\workspace\Lib_MCU\Debug\libLib_MCU.a(lpc17xx_adc.o)
 .debug_info    0x00002c4c      0x5a5 C:\Users\Wanderson\Documents\LPCXpresso_8.2.0_647\workspace\Lib_MCU\Debug\libLib_MCU.a(lpc17xx_clkpwr.o)
 .debug_info    0x000031f1      0xac9 C:\Users\Wanderson\Documents\LPCXpresso_8.2.0_647\workspace\Lib_MCU\Debug\libLib_MCU.a(lpc17xx_gpio.o)
 .debug_info    0x00003cba      0xc08 C:\Users\Wanderson\Documents\LPCXpresso_8.2.0_647\workspace\Lib_MCU\Debug\libLib_MCU.a(lpc17xx_i2c.o)
 .debug_info    0x000048c2      0x44e C:\Users\Wanderson\Documents\LPCXpresso_8.2.0_647\workspace\Lib_MCU\Debug\libLib_MCU.a(lpc17xx_pinsel.o)
 .debug_info    0x00004d10      0x7e1 C:\Users\Wanderson\Documents\LPCXpresso_8.2.0_647\workspace\Lib_MCU\Debug\libLib_MCU.a(lpc17xx_ssp.o)
 .debug_info    0x000054f1      0x86f C:\Users\Wanderson\Documents\LPCXpresso_8.2.0_647\workspace\Lib_MCU\Debug\libLib_MCU.a(lpc17xx_timer.o)

.debug_abbrev   0x00000000     0x1698
 .debug_abbrev  0x00000000       0xb9 ./src/cr_startup_lpc17.o
 .debug_abbrev  0x000000b9      0x261 ./src/main.o
 .debug_abbrev  0x0000031a       0xe6 C:\Users\Wanderson\Documents\LPCXpresso_8.2.0_647\workspace\Lib_CMSISv1p30_LPC17xx\Debug\libCMSISv1p30_LPC17xx.a(system_LPC17xx.o)
 .debug_abbrev  0x00000400      0x16b C:\Users\Wanderson\Documents\LPCXpresso_8.2.0_647\workspace\Lib_EaBaseBoard\Debug\libLib_EaBaseBoard.a(acc.o)
 .debug_abbrev  0x0000056b      0x1d2 C:\Users\Wanderson\Documents\LPCXpresso_8.2.0_647\workspace\Lib_EaBaseBoard\Debug\libLib_EaBaseBoard.a(light.o)
 .debug_abbrev  0x0000073d      0x201 C:\Users\Wanderson\Documents\LPCXpresso_8.2.0_647\workspace\Lib_EaBaseBoard\Debug\libLib_EaBaseBoard.a(oled.o)
 .debug_abbrev  0x0000093e       0xc7 C:\Users\Wanderson\Documents\LPCXpresso_8.2.0_647\workspace\Lib_EaBaseBoard\Debug\libLib_EaBaseBoard.a(temp.o)
 .debug_abbrev  0x00000a05       0x48 C:\Users\Wanderson\Documents\LPCXpresso_8.2.0_647\workspace\Lib_EaBaseBoard\Debug\libLib_EaBaseBoard.a(font5x7.o)
 .debug_abbrev  0x00000a4d      0x165 C:\Users\Wanderson\Documents\LPCXpresso_8.2.0_647\workspace\Lib_MCU\Debug\libLib_MCU.a(lpc17xx_adc.o)
 .debug_abbrev  0x00000bb2      0x1be C:\Users\Wanderson\Documents\LPCXpresso_8.2.0_647\workspace\Lib_MCU\Debug\libLib_MCU.a(lpc17xx_clkpwr.o)
 .debug_abbrev  0x00000d70      0x193 C:\Users\Wanderson\Documents\LPCXpresso_8.2.0_647\workspace\Lib_MCU\Debug\libLib_MCU.a(lpc17xx_gpio.o)
 .debug_abbrev  0x00000f03      0x28b C:\Users\Wanderson\Documents\LPCXpresso_8.2.0_647\workspace\Lib_MCU\Debug\libLib_MCU.a(lpc17xx_i2c.o)
 .debug_abbrev  0x0000118e      0x12b C:\Users\Wanderson\Documents\LPCXpresso_8.2.0_647\workspace\Lib_MCU\Debug\libLib_MCU.a(lpc17xx_pinsel.o)
 .debug_abbrev  0x000012b9      0x1fd C:\Users\Wanderson\Documents\LPCXpresso_8.2.0_647\workspace\Lib_MCU\Debug\libLib_MCU.a(lpc17xx_ssp.o)
 .debug_abbrev  0x000014b6      0x1e2 C:\Users\Wanderson\Documents\LPCXpresso_8.2.0_647\workspace\Lib_MCU\Debug\libLib_MCU.a(lpc17xx_timer.o)

.debug_aranges  0x00000000      0x6e0
 .debug_aranges
                0x00000000       0x70 ./src/cr_startup_lpc17.o
 .debug_aranges
                0x00000070       0x68 ./src/main.o
 .debug_aranges
                0x000000d8       0x28 C:\Users\Wanderson\Documents\LPCXpresso_8.2.0_647\workspace\Lib_CMSISv1p30_LPC17xx\Debug\libCMSISv1p30_LPC17xx.a(system_LPC17xx.o)
 .debug_aranges
                0x00000100       0x60 C:\Users\Wanderson\Documents\LPCXpresso_8.2.0_647\workspace\Lib_EaBaseBoard\Debug\libLib_EaBaseBoard.a(acc.o)
 .debug_aranges
                0x00000160       0x98 C:\Users\Wanderson\Documents\LPCXpresso_8.2.0_647\workspace\Lib_EaBaseBoard\Debug\libLib_EaBaseBoard.a(light.o)
 .debug_aranges
                0x000001f8       0x90 C:\Users\Wanderson\Documents\LPCXpresso_8.2.0_647\workspace\Lib_EaBaseBoard\Debug\libLib_EaBaseBoard.a(oled.o)
 .debug_aranges
                0x00000288       0x28 C:\Users\Wanderson\Documents\LPCXpresso_8.2.0_647\workspace\Lib_EaBaseBoard\Debug\libLib_EaBaseBoard.a(temp.o)
 .debug_aranges
                0x000002b0       0x18 C:\Users\Wanderson\Documents\LPCXpresso_8.2.0_647\workspace\Lib_EaBaseBoard\Debug\libLib_EaBaseBoard.a(font5x7.o)
 .debug_aranges
                0x000002c8       0x80 C:\Users\Wanderson\Documents\LPCXpresso_8.2.0_647\workspace\Lib_MCU\Debug\libLib_MCU.a(lpc17xx_adc.o)
 .debug_aranges
                0x00000348       0x60 C:\Users\Wanderson\Documents\LPCXpresso_8.2.0_647\workspace\Lib_MCU\Debug\libLib_MCU.a(lpc17xx_clkpwr.o)
 .debug_aranges
                0x000003a8       0xc8 C:\Users\Wanderson\Documents\LPCXpresso_8.2.0_647\workspace\Lib_MCU\Debug\libLib_MCU.a(lpc17xx_gpio.o)
 .debug_aranges
                0x00000470       0xd0 C:\Users\Wanderson\Documents\LPCXpresso_8.2.0_647\workspace\Lib_MCU\Debug\libLib_MCU.a(lpc17xx_i2c.o)
 .debug_aranges
                0x00000540       0x48 C:\Users\Wanderson\Documents\LPCXpresso_8.2.0_647\workspace\Lib_MCU\Debug\libLib_MCU.a(lpc17xx_pinsel.o)
 .debug_aranges
                0x00000588       0xb8 C:\Users\Wanderson\Documents\LPCXpresso_8.2.0_647\workspace\Lib_MCU\Debug\libLib_MCU.a(lpc17xx_ssp.o)
 .debug_aranges
                0x00000640       0xa0 C:\Users\Wanderson\Documents\LPCXpresso_8.2.0_647\workspace\Lib_MCU\Debug\libLib_MCU.a(lpc17xx_timer.o)

.debug_ranges   0x00000000      0x5e8
 .debug_ranges  0x00000000       0x60 ./src/cr_startup_lpc17.o
 .debug_ranges  0x00000060       0x58 ./src/main.o
 .debug_ranges  0x000000b8       0x18 C:\Users\Wanderson\Documents\LPCXpresso_8.2.0_647\workspace\Lib_CMSISv1p30_LPC17xx\Debug\libCMSISv1p30_LPC17xx.a(system_LPC17xx.o)
 .debug_ranges  0x000000d0       0x50 C:\Users\Wanderson\Documents\LPCXpresso_8.2.0_647\workspace\Lib_EaBaseBoard\Debug\libLib_EaBaseBoard.a(acc.o)
 .debug_ranges  0x00000120       0x88 C:\Users\Wanderson\Documents\LPCXpresso_8.2.0_647\workspace\Lib_EaBaseBoard\Debug\libLib_EaBaseBoard.a(light.o)
 .debug_ranges  0x000001a8       0x80 C:\Users\Wanderson\Documents\LPCXpresso_8.2.0_647\workspace\Lib_EaBaseBoard\Debug\libLib_EaBaseBoard.a(oled.o)
 .debug_ranges  0x00000228       0x18 C:\Users\Wanderson\Documents\LPCXpresso_8.2.0_647\workspace\Lib_EaBaseBoard\Debug\libLib_EaBaseBoard.a(temp.o)
 .debug_ranges  0x00000240       0x70 C:\Users\Wanderson\Documents\LPCXpresso_8.2.0_647\workspace\Lib_MCU\Debug\libLib_MCU.a(lpc17xx_adc.o)
 .debug_ranges  0x000002b0       0x50 C:\Users\Wanderson\Documents\LPCXpresso_8.2.0_647\workspace\Lib_MCU\Debug\libLib_MCU.a(lpc17xx_clkpwr.o)
 .debug_ranges  0x00000300       0xb8 C:\Users\Wanderson\Documents\LPCXpresso_8.2.0_647\workspace\Lib_MCU\Debug\libLib_MCU.a(lpc17xx_gpio.o)
 .debug_ranges  0x000003b8       0xc0 C:\Users\Wanderson\Documents\LPCXpresso_8.2.0_647\workspace\Lib_MCU\Debug\libLib_MCU.a(lpc17xx_i2c.o)
 .debug_ranges  0x00000478       0x38 C:\Users\Wanderson\Documents\LPCXpresso_8.2.0_647\workspace\Lib_MCU\Debug\libLib_MCU.a(lpc17xx_pinsel.o)
 .debug_ranges  0x000004b0       0xa8 C:\Users\Wanderson\Documents\LPCXpresso_8.2.0_647\workspace\Lib_MCU\Debug\libLib_MCU.a(lpc17xx_ssp.o)
 .debug_ranges  0x00000558       0x90 C:\Users\Wanderson\Documents\LPCXpresso_8.2.0_647\workspace\Lib_MCU\Debug\libLib_MCU.a(lpc17xx_timer.o)

.debug_macro    0x00000000     0x563b
 .debug_macro   0x00000000       0x79 ./src/cr_startup_lpc17.o
 .debug_macro   0x00000079      0x886 ./src/cr_startup_lpc17.o
 .debug_macro   0x000008ff       0x22 ./src/cr_startup_lpc17.o
 .debug_macro   0x00000921       0x87 ./src/cr_startup_lpc17.o
 .debug_macro   0x000009a8       0x44 ./src/cr_startup_lpc17.o
 .debug_macro   0x000009ec       0xfd ./src/cr_startup_lpc17.o
 .debug_macro   0x00000ae9       0x22 ./src/cr_startup_lpc17.o
 .debug_macro   0x00000b0b      0x1df ./src/cr_startup_lpc17.o
 .debug_macro   0x00000cea       0xf5 ./src/main.o
 .debug_macro   0x00000ddf       0x1c ./src/main.o
 .debug_macro   0x00000dfb       0x22 ./src/main.o
 .debug_macro   0x00000e1d      0x7b7 ./src/main.o
 .debug_macro   0x000015d4      0x2c7 ./src/main.o
 .debug_macro   0x0000189b       0x63 ./src/main.o
 .debug_macro   0x000018fe      0x143 ./src/main.o
 .debug_macro   0x00001a41      0x192 ./src/main.o
 .debug_macro   0x00001bd3       0x46 ./src/main.o
 .debug_macro   0x00001c19      0x2af ./src/main.o
 .debug_macro   0x00001ec8       0xf4 ./src/main.o
 .debug_macro   0x00001fbc       0xe9 ./src/main.o
 .debug_macro   0x000020a5       0x16 ./src/main.o
 .debug_macro   0x000020bb      0x113 C:\Users\Wanderson\Documents\LPCXpresso_8.2.0_647\workspace\Lib_CMSISv1p30_LPC17xx\Debug\libCMSISv1p30_LPC17xx.a(system_LPC17xx.o)
 .debug_macro   0x000021ce      0x880 C:\Users\Wanderson\Documents\LPCXpresso_8.2.0_647\workspace\Lib_CMSISv1p30_LPC17xx\Debug\libCMSISv1p30_LPC17xx.a(system_LPC17xx.o)
 .debug_macro   0x00002a4e       0x10 C:\Users\Wanderson\Documents\LPCXpresso_8.2.0_647\workspace\Lib_CMSISv1p30_LPC17xx\Debug\libCMSISv1p30_LPC17xx.a(system_LPC17xx.o)
 .debug_macro   0x00002a5e      0x12d C:\Users\Wanderson\Documents\LPCXpresso_8.2.0_647\workspace\Lib_CMSISv1p30_LPC17xx\Debug\libCMSISv1p30_LPC17xx.a(system_LPC17xx.o)
 .debug_macro   0x00002b8b      0x5b2 C:\Users\Wanderson\Documents\LPCXpresso_8.2.0_647\workspace\Lib_CMSISv1p30_LPC17xx\Debug\libCMSISv1p30_LPC17xx.a(system_LPC17xx.o)
 .debug_macro   0x0000313d      0x7d5 C:\Users\Wanderson\Documents\LPCXpresso_8.2.0_647\workspace\Lib_CMSISv1p30_LPC17xx\Debug\libCMSISv1p30_LPC17xx.a(system_LPC17xx.o)
 .debug_macro   0x00003912      0x162 C:\Users\Wanderson\Documents\LPCXpresso_8.2.0_647\workspace\Lib_EaBaseBoard\Debug\libLib_EaBaseBoard.a(acc.o)
 .debug_macro   0x00003a74      0x18c C:\Users\Wanderson\Documents\LPCXpresso_8.2.0_647\workspace\Lib_EaBaseBoard\Debug\libLib_EaBaseBoard.a(acc.o)
 .debug_macro   0x00003c00      0x126 C:\Users\Wanderson\Documents\LPCXpresso_8.2.0_647\workspace\Lib_EaBaseBoard\Debug\libLib_EaBaseBoard.a(light.o)
 .debug_macro   0x00003d26       0xdd C:\Users\Wanderson\Documents\LPCXpresso_8.2.0_647\workspace\Lib_EaBaseBoard\Debug\libLib_EaBaseBoard.a(oled.o)
 .debug_macro   0x00003e03       0x5d C:\Users\Wanderson\Documents\LPCXpresso_8.2.0_647\workspace\Lib_EaBaseBoard\Debug\libLib_EaBaseBoard.a(oled.o)
 .debug_macro   0x00003e60       0x40 C:\Users\Wanderson\Documents\LPCXpresso_8.2.0_647\workspace\Lib_EaBaseBoard\Debug\libLib_EaBaseBoard.a(oled.o)
 .debug_macro   0x00003ea0       0xae C:\Users\Wanderson\Documents\LPCXpresso_8.2.0_647\workspace\Lib_EaBaseBoard\Debug\libLib_EaBaseBoard.a(temp.o)
 .debug_macro   0x00003f4e       0x1a C:\Users\Wanderson\Documents\LPCXpresso_8.2.0_647\workspace\Lib_EaBaseBoard\Debug\libLib_EaBaseBoard.a(font5x7.o)
 .debug_macro   0x00003f68      0x696 C:\Users\Wanderson\Documents\LPCXpresso_8.2.0_647\workspace\Lib_EaBaseBoard\Debug\libLib_EaBaseBoard.a(font5x7.o)
 .debug_macro   0x000045fe       0x8c C:\Users\Wanderson\Documents\LPCXpresso_8.2.0_647\workspace\Lib_MCU\Debug\libLib_MCU.a(lpc17xx_adc.o)
 .debug_macro   0x0000468a       0xee C:\Users\Wanderson\Documents\LPCXpresso_8.2.0_647\workspace\Lib_MCU\Debug\libLib_MCU.a(lpc17xx_adc.o)
 .debug_macro   0x00004778      0x2fe C:\Users\Wanderson\Documents\LPCXpresso_8.2.0_647\workspace\Lib_MCU\Debug\libLib_MCU.a(lpc17xx_adc.o)
 .debug_macro   0x00004a76       0xcb C:\Users\Wanderson\Documents\LPCXpresso_8.2.0_647\workspace\Lib_MCU\Debug\libLib_MCU.a(lpc17xx_adc.o)
 .debug_macro   0x00004b41       0x7a C:\Users\Wanderson\Documents\LPCXpresso_8.2.0_647\workspace\Lib_MCU\Debug\libLib_MCU.a(lpc17xx_clkpwr.o)
 .debug_macro   0x00004bbb      0x2f8 C:\Users\Wanderson\Documents\LPCXpresso_8.2.0_647\workspace\Lib_MCU\Debug\libLib_MCU.a(lpc17xx_clkpwr.o)
 .debug_macro   0x00004eb3       0x83 C:\Users\Wanderson\Documents\LPCXpresso_8.2.0_647\workspace\Lib_MCU\Debug\libLib_MCU.a(lpc17xx_gpio.o)
 .debug_macro   0x00004f36       0x95 C:\Users\Wanderson\Documents\LPCXpresso_8.2.0_647\workspace\Lib_MCU\Debug\libLib_MCU.a(lpc17xx_i2c.o)
 .debug_macro   0x00004fcb      0x149 C:\Users\Wanderson\Documents\LPCXpresso_8.2.0_647\workspace\Lib_MCU\Debug\libLib_MCU.a(lpc17xx_i2c.o)
 .debug_macro   0x00005114       0x7a C:\Users\Wanderson\Documents\LPCXpresso_8.2.0_647\workspace\Lib_MCU\Debug\libLib_MCU.a(lpc17xx_pinsel.o)
 .debug_macro   0x0000518e       0x8c C:\Users\Wanderson\Documents\LPCXpresso_8.2.0_647\workspace\Lib_MCU\Debug\libLib_MCU.a(lpc17xx_ssp.o)
 .debug_macro   0x0000521a      0x2a9 C:\Users\Wanderson\Documents\LPCXpresso_8.2.0_647\workspace\Lib_MCU\Debug\libLib_MCU.a(lpc17xx_ssp.o)
 .debug_macro   0x000054c3       0x95 C:\Users\Wanderson\Documents\LPCXpresso_8.2.0_647\workspace\Lib_MCU\Debug\libLib_MCU.a(lpc17xx_timer.o)
 .debug_macro   0x00005558       0xe3 C:\Users\Wanderson\Documents\LPCXpresso_8.2.0_647\workspace\Lib_MCU\Debug\libLib_MCU.a(lpc17xx_timer.o)

.debug_line     0x00000000     0x3aeb
 .debug_line    0x00000000      0x354 ./src/cr_startup_lpc17.o
 .debug_line    0x00000354      0x525 ./src/main.o
 .debug_line    0x00000879      0x21b C:\Users\Wanderson\Documents\LPCXpresso_8.2.0_647\workspace\Lib_CMSISv1p30_LPC17xx\Debug\libCMSISv1p30_LPC17xx.a(system_LPC17xx.o)
 .debug_line    0x00000a94      0x323 C:\Users\Wanderson\Documents\LPCXpresso_8.2.0_647\workspace\Lib_EaBaseBoard\Debug\libLib_EaBaseBoard.a(acc.o)
 .debug_line    0x00000db7      0x3cf C:\Users\Wanderson\Documents\LPCXpresso_8.2.0_647\workspace\Lib_EaBaseBoard\Debug\libLib_EaBaseBoard.a(light.o)
 .debug_line    0x00001186      0x5a1 C:\Users\Wanderson\Documents\LPCXpresso_8.2.0_647\workspace\Lib_EaBaseBoard\Debug\libLib_EaBaseBoard.a(oled.o)
 .debug_line    0x00001727      0x29b C:\Users\Wanderson\Documents\LPCXpresso_8.2.0_647\workspace\Lib_EaBaseBoard\Debug\libLib_EaBaseBoard.a(temp.o)
 .debug_line    0x000019c2       0x91 C:\Users\Wanderson\Documents\LPCXpresso_8.2.0_647\workspace\Lib_EaBaseBoard\Debug\libLib_EaBaseBoard.a(font5x7.o)
 .debug_line    0x00001a53      0x419 C:\Users\Wanderson\Documents\LPCXpresso_8.2.0_647\workspace\Lib_MCU\Debug\libLib_MCU.a(lpc17xx_adc.o)
 .debug_line    0x00001e6c      0x2e6 C:\Users\Wanderson\Documents\LPCXpresso_8.2.0_647\workspace\Lib_MCU\Debug\libLib_MCU.a(lpc17xx_clkpwr.o)
 .debug_line    0x00002152      0x42b C:\Users\Wanderson\Documents\LPCXpresso_8.2.0_647\workspace\Lib_MCU\Debug\libLib_MCU.a(lpc17xx_gpio.o)
 .debug_line    0x0000257d      0x700 C:\Users\Wanderson\Documents\LPCXpresso_8.2.0_647\workspace\Lib_MCU\Debug\libLib_MCU.a(lpc17xx_i2c.o)
 .debug_line    0x00002c7d      0x285 C:\Users\Wanderson\Documents\LPCXpresso_8.2.0_647\workspace\Lib_MCU\Debug\libLib_MCU.a(lpc17xx_pinsel.o)
 .debug_line    0x00002f02      0x631 C:\Users\Wanderson\Documents\LPCXpresso_8.2.0_647\workspace\Lib_MCU\Debug\libLib_MCU.a(lpc17xx_ssp.o)
 .debug_line    0x00003533      0x5b8 C:\Users\Wanderson\Documents\LPCXpresso_8.2.0_647\workspace\Lib_MCU\Debug\libLib_MCU.a(lpc17xx_timer.o)

.debug_str      0x00000000    0x10562
 .debug_str     0x00000000     0x32ac ./src/cr_startup_lpc17.o
                               0x340d (size before relaxing)
 .debug_str     0x000032ac     0x76c9 ./src/main.o
                               0xa9e0 (size before relaxing)
 .debug_str     0x0000a975     0x1b28 C:\Users\Wanderson\Documents\LPCXpresso_8.2.0_647\workspace\Lib_CMSISv1p30_LPC17xx\Debug\libCMSISv1p30_LPC17xx.a(system_LPC17xx.o)
                               0x7ff9 (size before relaxing)
 .debug_str     0x0000c49d      0x511 C:\Users\Wanderson\Documents\LPCXpresso_8.2.0_647\workspace\Lib_EaBaseBoard\Debug\libLib_EaBaseBoard.a(acc.o)
                               0x8b51 (size before relaxing)
 .debug_str     0x0000c9ae      0x40e C:\Users\Wanderson\Documents\LPCXpresso_8.2.0_647\workspace\Lib_EaBaseBoard\Debug\libLib_EaBaseBoard.a(light.o)
                               0x8be9 (size before relaxing)
 .debug_str     0x0000cdbc      0x396 C:\Users\Wanderson\Documents\LPCXpresso_8.2.0_647\workspace\Lib_EaBaseBoard\Debug\libLib_EaBaseBoard.a(oled.o)
                               0x9c75 (size before relaxing)
 .debug_str     0x0000d152       0xee C:\Users\Wanderson\Documents\LPCXpresso_8.2.0_647\workspace\Lib_EaBaseBoard\Debug\libLib_EaBaseBoard.a(temp.o)
                               0x80b0 (size before relaxing)
 .debug_str     0x0000d240      0xe21 C:\Users\Wanderson\Documents\LPCXpresso_8.2.0_647\workspace\Lib_EaBaseBoard\Debug\libLib_EaBaseBoard.a(font5x7.o)
                               0x32d6 (size before relaxing)
 .debug_str     0x0000e061     0x15a7 C:\Users\Wanderson\Documents\LPCXpresso_8.2.0_647\workspace\Lib_MCU\Debug\libLib_MCU.a(lpc17xx_adc.o)
                               0x9bbb (size before relaxing)
 .debug_str     0x0000f608       0xcb C:\Users\Wanderson\Documents\LPCXpresso_8.2.0_647\workspace\Lib_MCU\Debug\libLib_MCU.a(lpc17xx_clkpwr.o)
                               0x91ed (size before relaxing)
 .debug_str     0x0000f6d3      0x33e C:\Users\Wanderson\Documents\LPCXpresso_8.2.0_647\workspace\Lib_MCU\Debug\libLib_MCU.a(lpc17xx_gpio.o)
                               0x844c (size before relaxing)
 .debug_str     0x0000fa11      0x305 C:\Users\Wanderson\Documents\LPCXpresso_8.2.0_647\workspace\Lib_MCU\Debug\libLib_MCU.a(lpc17xx_i2c.o)
                               0xa4cf (size before relaxing)
 .debug_str     0x0000fd16      0x214 C:\Users\Wanderson\Documents\LPCXpresso_8.2.0_647\workspace\Lib_MCU\Debug\libLib_MCU.a(lpc17xx_pinsel.o)
                               0x8490 (size before relaxing)
 .debug_str     0x0000ff2a      0x200 C:\Users\Wanderson\Documents\LPCXpresso_8.2.0_647\workspace\Lib_MCU\Debug\libLib_MCU.a(lpc17xx_ssp.o)
                               0xa43c (size before relaxing)
 .debug_str     0x0001012a      0x438 C:\Users\Wanderson\Documents\LPCXpresso_8.2.0_647\workspace\Lib_MCU\Debug\libLib_MCU.a(lpc17xx_timer.o)
                               0xa1c0 (size before relaxing)

.comment        0x00000000       0x6e
 .comment       0x00000000       0x6e ./src/cr_startup_lpc17.o
                                 0x6f (size before relaxing)
 .comment       0x0000006e       0x6f ./src/main.o
 .comment       0x0000006e       0x6f C:\Users\Wanderson\Documents\LPCXpresso_8.2.0_647\workspace\Lib_CMSISv1p30_LPC17xx\Debug\libCMSISv1p30_LPC17xx.a(system_LPC17xx.o)
 .comment       0x0000006e       0x6f C:\Users\Wanderson\Documents\LPCXpresso_8.2.0_647\workspace\Lib_EaBaseBoard\Debug\libLib_EaBaseBoard.a(acc.o)
 .comment       0x0000006e       0x6f C:\Users\Wanderson\Documents\LPCXpresso_8.2.0_647\workspace\Lib_EaBaseBoard\Debug\libLib_EaBaseBoard.a(light.o)
 .comment       0x0000006e       0x6f C:\Users\Wanderson\Documents\LPCXpresso_8.2.0_647\workspace\Lib_EaBaseBoard\Debug\libLib_EaBaseBoard.a(oled.o)
 .comment       0x0000006e       0x6f C:\Users\Wanderson\Documents\LPCXpresso_8.2.0_647\workspace\Lib_EaBaseBoard\Debug\libLib_EaBaseBoard.a(temp.o)
 .comment       0x0000006e       0x6f C:\Users\Wanderson\Documents\LPCXpresso_8.2.0_647\workspace\Lib_EaBaseBoard\Debug\libLib_EaBaseBoard.a(font5x7.o)
 .comment       0x0000006e       0x6f C:\Users\Wanderson\Documents\LPCXpresso_8.2.0_647\workspace\Lib_MCU\Debug\libLib_MCU.a(lpc17xx_adc.o)
 .comment       0x0000006e       0x6f C:\Users\Wanderson\Documents\LPCXpresso_8.2.0_647\workspace\Lib_MCU\Debug\libLib_MCU.a(lpc17xx_clkpwr.o)
 .comment       0x0000006e       0x6f C:\Users\Wanderson\Documents\LPCXpresso_8.2.0_647\workspace\Lib_MCU\Debug\libLib_MCU.a(lpc17xx_gpio.o)
 .comment       0x0000006e       0x6f C:\Users\Wanderson\Documents\LPCXpresso_8.2.0_647\workspace\Lib_MCU\Debug\libLib_MCU.a(lpc17xx_i2c.o)
 .comment       0x0000006e       0x6f C:\Users\Wanderson\Documents\LPCXpresso_8.2.0_647\workspace\Lib_MCU\Debug\libLib_MCU.a(lpc17xx_pinsel.o)
 .comment       0x0000006e       0x6f C:\Users\Wanderson\Documents\LPCXpresso_8.2.0_647\workspace\Lib_MCU\Debug\libLib_MCU.a(lpc17xx_ssp.o)
 .comment       0x0000006e       0x6f C:\Users\Wanderson\Documents\LPCXpresso_8.2.0_647\workspace\Lib_MCU\Debug\libLib_MCU.a(lpc17xx_timer.o)

.ARM.attributes
                0x00000000       0x33
 .ARM.attributes
                0x00000000       0x33 ./src/cr_startup_lpc17.o
 .ARM.attributes
                0x00000033       0x33 ./src/main.o
 .ARM.attributes
                0x00000066       0x33 C:\Users\Wanderson\Documents\LPCXpresso_8.2.0_647\workspace\Lib_CMSISv1p30_LPC17xx\Debug\libCMSISv1p30_LPC17xx.a(system_LPC17xx.o)
 .ARM.attributes
                0x00000099       0x33 C:\Users\Wanderson\Documents\LPCXpresso_8.2.0_647\workspace\Lib_EaBaseBoard\Debug\libLib_EaBaseBoard.a(acc.o)
 .ARM.attributes
                0x000000cc       0x33 C:\Users\Wanderson\Documents\LPCXpresso_8.2.0_647\workspace\Lib_EaBaseBoard\Debug\libLib_EaBaseBoard.a(light.o)
 .ARM.attributes
                0x000000ff       0x33 C:\Users\Wanderson\Documents\LPCXpresso_8.2.0_647\workspace\Lib_EaBaseBoard\Debug\libLib_EaBaseBoard.a(oled.o)
 .ARM.attributes
                0x00000132       0x33 C:\Users\Wanderson\Documents\LPCXpresso_8.2.0_647\workspace\Lib_EaBaseBoard\Debug\libLib_EaBaseBoard.a(temp.o)
 .ARM.attributes
                0x00000165       0x33 C:\Users\Wanderson\Documents\LPCXpresso_8.2.0_647\workspace\Lib_EaBaseBoard\Debug\libLib_EaBaseBoard.a(font5x7.o)
 .ARM.attributes
                0x00000198       0x33 C:\Users\Wanderson\Documents\LPCXpresso_8.2.0_647\workspace\Lib_MCU\Debug\libLib_MCU.a(lpc17xx_adc.o)
 .ARM.attributes
                0x000001cb       0x33 C:\Users\Wanderson\Documents\LPCXpresso_8.2.0_647\workspace\Lib_MCU\Debug\libLib_MCU.a(lpc17xx_clkpwr.o)
 .ARM.attributes
                0x000001fe       0x33 C:\Users\Wanderson\Documents\LPCXpresso_8.2.0_647\workspace\Lib_MCU\Debug\libLib_MCU.a(lpc17xx_gpio.o)
 .ARM.attributes
                0x00000231       0x33 C:\Users\Wanderson\Documents\LPCXpresso_8.2.0_647\workspace\Lib_MCU\Debug\libLib_MCU.a(lpc17xx_i2c.o)
 .ARM.attributes
                0x00000264       0x33 C:\Users\Wanderson\Documents\LPCXpresso_8.2.0_647\workspace\Lib_MCU\Debug\libLib_MCU.a(lpc17xx_pinsel.o)
 .ARM.attributes
                0x00000297       0x33 C:\Users\Wanderson\Documents\LPCXpresso_8.2.0_647\workspace\Lib_MCU\Debug\libLib_MCU.a(lpc17xx_ssp.o)
 .ARM.attributes
                0x000002ca       0x33 C:\Users\Wanderson\Documents\LPCXpresso_8.2.0_647\workspace\Lib_MCU\Debug\libLib_MCU.a(lpc17xx_timer.o)
 .ARM.attributes
                0x000002fd       0x1d c:/programas/nxp/lpcxpresso_8.2.0_647/lpcxpresso/tools/bin/../lib/gcc/arm-none-eabi/5.3.1/armv7-m\libgcc.a(_aeabi_uldivmod.o)
 .ARM.attributes
                0x0000031a       0x2d c:/programas/nxp/lpcxpresso_8.2.0_647/lpcxpresso/tools/bin/../lib/gcc/arm-none-eabi/5.3.1/armv7-m\libgcc.a(_udivmoddi4.o)
 .ARM.attributes
                0x00000347       0x1d c:/programas/nxp/lpcxpresso_8.2.0_647/lpcxpresso/tools/bin/../lib/gcc/arm-none-eabi/5.3.1/armv7-m\libgcc.a(_dvmd_tls.o)
 .ARM.attributes
                0x00000364       0x2d c:/programas/nxp/lpcxpresso_8.2.0_647/lpcxpresso/tools/bin/../lib/gcc/arm-none-eabi/5.3.1/../../../../arm-none-eabi/lib/armv7-m\libc.a(lib_a-memset.o)

.debug_frame    0x00000000     0x19e0
 .debug_frame   0x00000000      0x120 ./src/cr_startup_lpc17.o
 .debug_frame   0x00000120      0x170 ./src/main.o
 .debug_frame   0x00000290       0x64 C:\Users\Wanderson\Documents\LPCXpresso_8.2.0_647\workspace\Lib_CMSISv1p30_LPC17xx\Debug\libCMSISv1p30_LPC17xx.a(system_LPC17xx.o)
 .debug_frame   0x000002f4      0x14c C:\Users\Wanderson\Documents\LPCXpresso_8.2.0_647\workspace\Lib_EaBaseBoard\Debug\libLib_EaBaseBoard.a(acc.o)
 .debug_frame   0x00000440      0x24c C:\Users\Wanderson\Documents\LPCXpresso_8.2.0_647\workspace\Lib_EaBaseBoard\Debug\libLib_EaBaseBoard.a(light.o)
 .debug_frame   0x0000068c      0x244 C:\Users\Wanderson\Documents\LPCXpresso_8.2.0_647\workspace\Lib_EaBaseBoard\Debug\libLib_EaBaseBoard.a(oled.o)
 .debug_frame   0x000008d0       0x58 C:\Users\Wanderson\Documents\LPCXpresso_8.2.0_647\workspace\Lib_EaBaseBoard\Debug\libLib_EaBaseBoard.a(temp.o)
 .debug_frame   0x00000928      0x1e8 C:\Users\Wanderson\Documents\LPCXpresso_8.2.0_647\workspace\Lib_MCU\Debug\libLib_MCU.a(lpc17xx_adc.o)
 .debug_frame   0x00000b10      0x13c C:\Users\Wanderson\Documents\LPCXpresso_8.2.0_647\workspace\Lib_MCU\Debug\libLib_MCU.a(lpc17xx_clkpwr.o)
 .debug_frame   0x00000c4c      0x344 C:\Users\Wanderson\Documents\LPCXpresso_8.2.0_647\workspace\Lib_MCU\Debug\libLib_MCU.a(lpc17xx_gpio.o)
 .debug_frame   0x00000f90      0x35c C:\Users\Wanderson\Documents\LPCXpresso_8.2.0_647\workspace\Lib_MCU\Debug\libLib_MCU.a(lpc17xx_i2c.o)
 .debug_frame   0x000012ec       0xfc C:\Users\Wanderson\Documents\LPCXpresso_8.2.0_647\workspace\Lib_MCU\Debug\libLib_MCU.a(lpc17xx_pinsel.o)
 .debug_frame   0x000013e8      0x2e0 C:\Users\Wanderson\Documents\LPCXpresso_8.2.0_647\workspace\Lib_MCU\Debug\libLib_MCU.a(lpc17xx_ssp.o)
 .debug_frame   0x000016c8      0x280 C:\Users\Wanderson\Documents\LPCXpresso_8.2.0_647\workspace\Lib_MCU\Debug\libLib_MCU.a(lpc17xx_timer.o)
 .debug_frame   0x00001948       0x2c c:/programas/nxp/lpcxpresso_8.2.0_647/lpcxpresso/tools/bin/../lib/gcc/arm-none-eabi/5.3.1/armv7-m\libgcc.a(_aeabi_uldivmod.o)
 .debug_frame   0x00001974       0x38 c:/programas/nxp/lpcxpresso_8.2.0_647/lpcxpresso/tools/bin/../lib/gcc/arm-none-eabi/5.3.1/armv7-m\libgcc.a(_udivmoddi4.o)
 .debug_frame   0x000019ac       0x34 c:/programas/nxp/lpcxpresso_8.2.0_647/lpcxpresso/tools/bin/../lib/gcc/arm-none-eabi/5.3.1/../../../../arm-none-eabi/lib/armv7-m\libc.a(lib_a-memset.o)
