Archive member included to satisfy reference by file (symbol)

C:\Users\Wanderson\Documents\Inatel\JavaScript\aaaaaaaaa\Lib_CMSISv1p30_LPC17xx\Debug\libCMSISv1p30_LPC17xx.a(system_LPC17xx.o)
                              ./cr_startup_lpc17.o (SystemInit)
C:\Users\Wanderson\Documents\Inatel\JavaScript\aaaaaaaaa\Lib_EaBaseBoard\Debug\libLib_EaBaseBoard.a(light.o)
                              ./Sensor.o (light_init)
C:\Users\Wanderson\Documents\Inatel\JavaScript\aaaaaaaaa\Lib_EaBaseBoard\Debug\libLib_EaBaseBoard.a(oled.o)
                              ./Oled_inicializa.o (oled_init)
C:\Users\Wanderson\Documents\Inatel\JavaScript\aaaaaaaaa\Lib_EaBaseBoard\Debug\libLib_EaBaseBoard.a(font5x7.o)
                              C:\Users\Wanderson\Documents\Inatel\JavaScript\aaaaaaaaa\Lib_EaBaseBoard\Debug\libLib_EaBaseBoard.a(oled.o) (font5x7)
C:\Users\Wanderson\Documents\Inatel\JavaScript\aaaaaaaaa\Lib_MCU\Debug\libLib_MCU.a(lpc17xx_gpio.o)
                              C:\Users\Wanderson\Documents\Inatel\JavaScript\aaaaaaaaa\Lib_EaBaseBoard\Debug\libLib_EaBaseBoard.a(oled.o) (GPIO_SetDir)
C:\Users\Wanderson\Documents\Inatel\JavaScript\aaaaaaaaa\Lib_MCU\Debug\libLib_MCU.a(lpc17xx_i2c.o)
                              ./Sensor.o (I2C_Init)
C:\Users\Wanderson\Documents\Inatel\JavaScript\aaaaaaaaa\Lib_MCU\Debug\libLib_MCU.a(lpc17xx_pinsel.o)
                              ./Oled_inicializa.o (PINSEL_ConfigPin)
C:\Users\Wanderson\Documents\Inatel\JavaScript\aaaaaaaaa\Lib_MCU\Debug\libLib_MCU.a(lpc17xx_ssp.o)
                              ./Oled_inicializa.o (SSP_Init)
C:\Users\Wanderson\Documents\Inatel\JavaScript\aaaaaaaaa\Lib_MCU\Debug\libLib_MCU.a(lpc17xx_clkpwr.o)
                              C:\Users\Wanderson\Documents\Inatel\JavaScript\aaaaaaaaa\Lib_MCU\Debug\libLib_MCU.a(lpc17xx_i2c.o) (CLKPWR_SetPCLKDiv)
C:\Users\Wanderson\Documents\Inatel\JavaScript\aaaaaaaaa\FreeRTOS_Library\Debug\libFreeRTOS_Library.a(port.o)
                              ./cr_startup_lpc17.o (vPortSVCHandler)
C:\Users\Wanderson\Documents\Inatel\JavaScript\aaaaaaaaa\FreeRTOS_Library\Debug\libFreeRTOS_Library.a(basic_io.o)
                              ./main.o (vPrintString)
C:\Users\Wanderson\Documents\Inatel\JavaScript\aaaaaaaaa\FreeRTOS_Library\Debug\libFreeRTOS_Library.a(consoleprint.o)
                              C:\Users\Wanderson\Documents\Inatel\JavaScript\aaaaaaaaa\FreeRTOS_Library\Debug\libFreeRTOS_Library.a(basic_io.o) (consoleprint)
C:\Users\Wanderson\Documents\Inatel\JavaScript\aaaaaaaaa\FreeRTOS_Library\Debug\libFreeRTOS_Library.a(queue.o)
                              ./main.o (xQueueCreate)
C:\Users\Wanderson\Documents\Inatel\JavaScript\aaaaaaaaa\FreeRTOS_Library\Debug\libFreeRTOS_Library.a(tasks.o)
                              ./main.o (xTaskGenericCreate)
C:\Users\Wanderson\Documents\Inatel\JavaScript\aaaaaaaaa\FreeRTOS_Library\Debug\libFreeRTOS_Library.a(heap_2.o)
                              C:\Users\Wanderson\Documents\Inatel\JavaScript\aaaaaaaaa\FreeRTOS_Library\Debug\libFreeRTOS_Library.a(queue.o) (pvPortMalloc)
C:\Users\Wanderson\Documents\Inatel\JavaScript\aaaaaaaaa\FreeRTOS_Library\Debug\libFreeRTOS_Library.a(list.o)
                              C:\Users\Wanderson\Documents\Inatel\JavaScript\aaaaaaaaa\FreeRTOS_Library\Debug\libFreeRTOS_Library.a(queue.o) (vListInitialise)
c:/programas/nxp/lpcxpresso_8.2.0_647/lpcxpresso/tools/bin/../lib/gcc/arm-none-eabi/5.3.1/../../../../arm-none-eabi/lib/armv7-m\libcr_semihost.a(__sys_write.o)
                              C:\Users\Wanderson\Documents\Inatel\JavaScript\aaaaaaaaa\FreeRTOS_Library\Debug\libFreeRTOS_Library.a(consoleprint.o) (__write)
c:/programas/nxp/lpcxpresso_8.2.0_647/lpcxpresso/tools/bin/../lib/gcc/arm-none-eabi/5.3.1/../../../../arm-none-eabi/lib/armv7-m\libcr_semihost.a(_cr__main.o)
                              ./cr_startup_lpc17.o (__main)
c:/programas/nxp/lpcxpresso_8.2.0_647/lpcxpresso/tools/bin/../lib/gcc/arm-none-eabi/5.3.1/../../../../arm-none-eabi/lib/armv7-m\libcr_c.a(memcpy.o)
                              C:\Users\Wanderson\Documents\Inatel\JavaScript\aaaaaaaaa\FreeRTOS_Library\Debug\libFreeRTOS_Library.a(queue.o) (memcpy)
c:/programas/nxp/lpcxpresso_8.2.0_647/lpcxpresso/tools/bin/../lib/gcc/arm-none-eabi/5.3.1/../../../../arm-none-eabi/lib/armv7-m\libcr_c.a(memset.o)
                              C:\Users\Wanderson\Documents\Inatel\JavaScript\aaaaaaaaa\Lib_EaBaseBoard\Debug\libLib_EaBaseBoard.a(oled.o) (memset)
c:/programas/nxp/lpcxpresso_8.2.0_647/lpcxpresso/tools/bin/../lib/gcc/arm-none-eabi/5.3.1/../../../../arm-none-eabi/lib/armv7-m\libcr_c.a(fpprintf.o)
                              C:\Users\Wanderson\Documents\Inatel\JavaScript\aaaaaaaaa\FreeRTOS_Library\Debug\libFreeRTOS_Library.a(basic_io.o) (sprintf)
c:/programas/nxp/lpcxpresso_8.2.0_647/lpcxpresso/tools/bin/../lib/gcc/arm-none-eabi/5.3.1/../../../../arm-none-eabi/lib/armv7-m\libcr_c.a(initio.o)
[...]
Memory Configuration

Name             Origin             Length             Attributes
MFlash512        0x00000000         0x00080000         xr
RamLoc32         0x10000000         0x00008000         xrw
RamAHB32         0x2007c000         0x00008000         xrw
*default*        0x00000000         0xffffffff

Linker script and memory map

LOAD ./Oled_inicializa.o
LOAD ./Sensor.o
LOAD ./cr_startup_lpc17.o
LOAD ./main.o
LOAD C:\Users\Wanderson\Documents\Inatel\JavaScript\aaaaaaaaa\Lib_CMSISv1p30_LPC17xx\Debug\libCMSISv1p30_LPC17xx.a
LOAD C:\Users\Wanderson\Documents\Inatel\JavaScript\aaaaaaaaa\Lib_EaBaseBoard\Debug\libLib_EaBaseBoard.a
LOAD C:\Users\Wanderson\Documents\Inatel\JavaScript\aaaaaaaaa\Lib_MCU\Debug\libLib_MCU.a
LOAD C:\Users\Wanderson\Documents\Inatel\JavaScript\aaaaaaaaa\FreeRTOS_Library\Debug\libFreeRTOS_Library.a
START GROUP
LOAD c:/programas/nxp/lpcxpresso_8.2.0_647/lpcxpresso/tools/bin/../lib/gcc/arm-none-eabi/5.3.1/../../../../arm-none-eabi/lib/armv7-m\libcr_semihost.a
LOAD c:/programas/nxp/lpcxpresso_8.2.0_647/lpcxpresso/tools/bin/../lib/gcc/arm-none-eabi/5.3.1/../../../../arm-none-eabi/lib/armv7-m\libcr_c.a
LOAD c:/programas/nxp/lpcxpresso_8.2.0_647/lpcxpresso/tools/bin/../lib/gcc/arm-none-eabi/5.3.1/armv7-m\libcr_eabihelpers.a
END GROUP
                0x00000000                __base_MFlash512 = 0x0
                0x00000000                __base_Flash = 0x0
                0x00080000                __top_MFlash512 = 0x80000
                0x00080000                __top_Flash = 0x80000
                0x10000000                __base_RamLoc32 = 0x10000000
                0x10000000                __base_RAM = 0x10000000
                0x10008000                __top_RamLoc32 = 0x10008000
                0x10008000                __top_RAM = 0x10008000
                0x2007c000                __base_RamAHB32 = 0x2007c000
                0x2007c000                __base_RAM2 = 0x2007c000
                0x20084000                __top_RamAHB32 = 0x20084000
                0x20084000                __top_RAM2 = 0x20084000

.text           0x00000000     0x6660
 FILL mask 0xff
                0x00000000                __vectors_start__ = ABSOLUTE (.)
 *(.isr_vector)
 .isr_vector    0x00000000       0xcc ./cr_startup_lpc17.o
                0x00000000                g_pfnVectors
                0x000000cc                . = ALIGN (0x4)
                0x000000cc                __section_table_start = .
                0x000000cc                __data_section_table = .
                0x000000cc        0x4 LONG 0x6660 LOADADDR (.data)
                0x000000d0        0x4 LONG 0x10000000 ADDR (.data)
                0x000000d4        0x4 LONG 0x18 SIZEOF (.data)
                0x000000d8        0x4 LONG 0x6660 LOADADDR (.data_RAM2)
                0x000000dc        0x4 LONG 0x2007c000 ADDR (.data_RAM2)
                0x000000e0        0x4 LONG 0x0 SIZEOF (.data_RAM2)
                0x000000e4                __data_section_table_end = .
                0x000000e4                __bss_section_table = .
                0x000000e4        0x4 LONG 0x10000018 ADDR (.bss)
                0x000000e8        0x4 LONG 0x2de8 SIZEOF (.bss)
                0x000000ec        0x4 LONG 0x2007c000 ADDR (.bss_RAM2)
                0x000000f0        0x4 LONG 0x0 SIZEOF (.bss_RAM2)
                0x000000f4                __bss_section_table_end = .
                0x000000f4                __section_table_end = .
 *(.after_vectors*)
 *(.text*)
 .text.Oled_new
                0x000000f4       0x10 ./Oled_inicializa.o
                0x000000f4                Oled_new
 .text.intToString
                0x00000104       0xcc ./Oled_inicializa.o
 .text.imprimeOled
                0x000001d0       0x5c ./Oled_inicializa.o
                0x000001d0                imprimeOled
 .text.init_ssp
                0x0000022c       0x78 ./Oled_inicializa.o
 .text.NVIC_DisableIRQ
                0x000002a4       0x34 ./Sensor.o
 .text.Sensor_new
                0x000002d8       0x2c ./Sensor.o
                0x000002d8                Sensor_new
 .text.Sensor_leitura
                0x00000304       0x1c ./Sensor.o
                0x00000304                Sensor_leitura
 .text.Sensor_initI2c
                0x00000320       0x48 ./Sensor.o
 .text.TIMER0_IRQHandler
                0x00000368       0x18 ./Sensor.o
                0x00000368                TIMER0_IRQHandler
 .text.ResetISR
                0x00000380       0x58 ./cr_startup_lpc17.o
                0x00000380                ResetISR
 .text.NMI_Handler
                0x000003d8        0x8 ./cr_startup_lpc17.o
                0x000003d8                NMI_Handler
 .text.HardFault_Handler
                0x000003e0        0x8 ./cr_startup_lpc17.o
                0x000003e0                HardFault_Handler
 .text.MemManage_Handler
                0x000003e8        0x8 ./cr_startup_lpc17.o
                0x000003e8                MemManage_Handler
 .text.BusFault_Handler
                0x000003f0        0x8 ./cr_startup_lpc17.o
                0x000003f0                BusFault_Handler
 .text.UsageFault_Handler
                0x000003f8        0x8 ./cr_startup_lpc17.o
                0x000003f8                UsageFault_Handler
 .text.DebugMon_Handler
                0x00000400        0x8 ./cr_startup_lpc17.o
                0x00000400                DebugMon_Handler
 .text.IntDefaultHandler
                0x00000408        0x8 ./cr_startup_lpc17.o
                0x00000408                TIMER2_IRQHandler
                0x00000408                RIT_IRQHandler
                0x00000408                I2C0_IRQHandler
                0x00000408                USBActivity_IRQHandler
                0x00000408                PWM1_IRQHandler
                0x00000408                I2C1_IRQHandler
                0x00000408                EINT2_IRQHandler
                0x00000408                UART1_IRQHandler
                0x00000408                EINT3_IRQHandler
                0x00000408                CANActivity_IRQHandler
                0x00000408                TIMER3_IRQHandler
                0x00000408                UART0_IRQHandler
                0x00000408                IntDefaultHandler
                0x00000408                PLL0_IRQHandler
                0x00000408                CAN_IRQHandler
                0x00000408                PLL1_IRQHandler
                0x00000408                SSP0_IRQHandler
                0x00000408                I2S_IRQHandler
                0x00000408                I2C2_IRQHandler
                0x00000408                RTC_IRQHandler
                0x00000408                SPI_IRQHandler
                0x00000408                EINT1_IRQHandler
                0x00000408                TIMER1_IRQHandler
                0x00000408                UART2_IRQHandler
                0x00000408                ADC_IRQHandler
                0x00000408                SSP1_IRQHandler
                0x00000408                USB_IRQHandler
                0x00000408                BOD_IRQHandler
                0x00000408                WDT_IRQHandler
                0x00000408                QEI_IRQHandler
                0x00000408                EINT0_IRQHandler
                0x00000408                DMA_IRQHandler
                0x00000408                UART3_IRQHandler
                0x00000408                MCPWM_IRQHandler
                0x00000408                ENET_IRQHandler
 .text.main     0x00000410       0x78 ./main.o
                0x00000410                main
 .text.vMandaTarefa
                0x00000488       0x4c ./main.o
 .text.vRecebeTarefa
                0x000004d4       0x4c ./main.o
 .text.vApplicationMallocFailedHook
                0x00000520        0x8 ./main.o
                0x00000520                vApplicationMallocFailedHook
 .text.vApplicationStackOverflowHook
                0x00000528        0xc ./main.o
                0x00000528                vApplicationStackOverflowHook
 .text.vApplicationIdleHook
                0x00000534        0xc ./main.o
                0x00000534                vApplicationIdleHook
 .text.vApplicationTickHook
                0x00000540        0xc ./main.o
                0x00000540                vApplicationTickHook
 .text.check_failed
                0x0000054c        0xc ./main.o
                0x0000054c                check_failed
 .text.SystemInit
                0x00000558      0x140 C:\Users\Wanderson\Documents\Inatel\JavaScript\aaaaaaaaa\Lib_CMSISv1p30_LPC17xx\Debug\libCMSISv1p30_LPC17xx.a(system_LPC17xx.o)
                0x00000558                SystemInit
 .text.I2CRead  0x00000698       0x50 C:\Users\Wanderson\Documents\Inatel\JavaScript\aaaaaaaaa\Lib_EaBaseBoard\Debug\libLib_EaBaseBoard.a(light.o)
 .text.I2CWrite
                0x000006e8       0x50 C:\Users\Wanderson\Documents\Inatel\JavaScript\aaaaaaaaa\Lib_EaBaseBoard\Debug\libLib_EaBaseBoard.a(light.o)
 .text.readControlReg
                0x00000738       0x2c C:\Users\Wanderson\Documents\Inatel\JavaScript\aaaaaaaaa\Lib_EaBaseBoard\Debug\libLib_EaBaseBoard.a(light.o)
 .text.light_init
                0x00000764        0xc C:\Users\Wanderson\Documents\Inatel\JavaScript\aaaaaaaaa\Lib_EaBaseBoard\Debug\libLib_EaBaseBoard.a(light.o)
                0x00000764                light_init
 .text.light_enable
                0x00000770       0x3c C:\Users\Wanderson\Documents\Inatel\JavaScript\aaaaaaaaa\Lib_EaBaseBoard\Debug\libLib_EaBaseBoard.a(light.o)
                0x00000770                light_enable
 .text.light_read
                0x000007ac       0x74 C:\Users\Wanderson\Documents\Inatel\JavaScript\aaaaaaaaa\Lib_EaBaseBoard\Debug\libLib_EaBaseBoard.a(light.o)
                0x000007ac                light_read
 .text.light_setRange
                0x00000820       0x90 C:\Users\Wanderson\Documents\Inatel\JavaScript\aaaaaaaaa\Lib_EaBaseBoard\Debug\libLib_EaBaseBoard.a(light.o)
                0x00000820                light_setRange
 .text.writeCommand
                0x000008b0       0x48 C:\Users\Wanderson\Documents\Inatel\JavaScript\aaaaaaaaa\Lib_EaBaseBoard\Debug\libLib_EaBaseBoard.a(oled.o)
 .text.writeData
                0x000008f8       0x48 C:\Users\Wanderson\Documents\Inatel\JavaScript\aaaaaaaaa\Lib_EaBaseBoard\Debug\libLib_EaBaseBoard.a(oled.o)
 .text.writeDataLen
                0x00000940       0x78 C:\Users\Wanderson\Documents\Inatel\JavaScript\aaaaaaaaa\Lib_EaBaseBoard\Debug\libLib_EaBaseBoard.a(oled.o)
 .text.runInitSequence
                0x000009b8       0xd4 C:\Users\Wanderson\Documents\Inatel\JavaScript\aaaaaaaaa\Lib_EaBaseBoard\Debug\libLib_EaBaseBoard.a(oled.o)
 .text.hLine    0x00000a8c       0x58 C:\Users\Wanderson\Documents\Inatel\JavaScript\aaaaaaaaa\Lib_EaBaseBoard\Debug\libLib_EaBaseBoard.a(oled.o)
 .text.vLine    0x00000ae4       0x58 C:\Users\Wanderson\Documents\Inatel\JavaScript\aaaaaaaaa\Lib_EaBaseBoard\Debug\libLib_EaBaseBoard.a(oled.o)
 .text.oled_init
                0x00000b3c       0x74 C:\Users\Wanderson\Documents\Inatel\JavaScript\aaaaaaaaa\Lib_EaBaseBoard\Debug\libLib_EaBaseBoard.a(oled.o)
                0x00000b3c                oled_init
 .text.oled_putPixel
                0x00000bb0      0x150 C:\Users\Wanderson\Documents\Inatel\JavaScript\aaaaaaaaa\Lib_EaBaseBoard\Debug\libLib_EaBaseBoard.a(oled.o)
                0x00000bb0                oled_putPixel
 .text.oled_fillRect
                0x00000d00       0xa0 C:\Users\Wanderson\Documents\Inatel\JavaScript\aaaaaaaaa\Lib_EaBaseBoard\Debug\libLib_EaBaseBoard.a(oled.o)
                0x00000d00                oled_fillRect
 .text.oled_clearScreen
                0x00000da0       0x64 C:\Users\Wanderson\Documents\Inatel\JavaScript\aaaaaaaaa\Lib_EaBaseBoard\Debug\libLib_EaBaseBoard.a(oled.o)
                0x00000da0                oled_clearScreen
 .text.oled_putChar
                0x00000e04       0xd8 C:\Users\Wanderson\Documents\Inatel\JavaScript\aaaaaaaaa\Lib_EaBaseBoard\Debug\libLib_EaBaseBoard.a(oled.o)
                0x00000e04                oled_putChar
 .text.oled_putString
                0x00000edc       0x54 C:\Users\Wanderson\Documents\Inatel\JavaScript\aaaaaaaaa\Lib_EaBaseBoard\Debug\libLib_EaBaseBoard.a(oled.o)
                0x00000edc                oled_putString
 .text.GPIO_GetPointer
                0x00000f30       0x70 C:\Users\Wanderson\Documents\Inatel\JavaScript\aaaaaaaaa\Lib_MCU\Debug\libLib_MCU.a(lpc17xx_gpio.o)
 .text.GPIO_SetDir
                0x00000fa0       0x4c C:\Users\Wanderson\Documents\Inatel\JavaScript\aaaaaaaaa\Lib_MCU\Debug\libLib_MCU.a(lpc17xx_gpio.o)
                0x00000fa0                GPIO_SetDir
 .text.GPIO_SetValue
                0x00000fec       0x2c C:\Users\Wanderson\Documents\Inatel\JavaScript\aaaaaaaaa\Lib_MCU\Debug\libLib_MCU.a(lpc17xx_gpio.o)
                0x00000fec                GPIO_SetValue
 .text.GPIO_ClearValue
                0x00001018       0x2c C:\Users\Wanderson\Documents\Inatel\JavaScript\aaaaaaaaa\Lib_MCU\Debug\libLib_MCU.a(lpc17xx_gpio.o)
                0x00001018                GPIO_ClearValue
 .text.NVIC_EnableIRQ
                0x00001044       0x30 C:\Users\Wanderson\Documents\Inatel\JavaScript\aaaaaaaaa\Lib_MCU\Debug\libLib_MCU.a(lpc17xx_i2c.o)
 .text.NVIC_DisableIRQ
                0x00001074       0x34 C:\Users\Wanderson\Documents\Inatel\JavaScript\aaaaaaaaa\Lib_MCU\Debug\libLib_MCU.a(lpc17xx_i2c.o)
 .text.I2C_getNum
                0x000010a8       0x48 C:\Users\Wanderson\Documents\Inatel\JavaScript\aaaaaaaaa\Lib_MCU\Debug\libLib_MCU.a(lpc17xx_i2c.o)
 .text.I2C_Start
                0x000010f0       0x3c C:\Users\Wanderson\Documents\Inatel\JavaScript\aaaaaaaaa\Lib_MCU\Debug\libLib_MCU.a(lpc17xx_i2c.o)
 .text.I2C_Stop
                0x0000112c       0x30 C:\Users\Wanderson\Documents\Inatel\JavaScript\aaaaaaaaa\Lib_MCU\Debug\libLib_MCU.a(lpc17xx_i2c.o)
 .text.I2C_SendByte
                0x0000115c       0x4c C:\Users\Wanderson\Documents\Inatel\JavaScript\aaaaaaaaa\Lib_MCU\Debug\libLib_MCU.a(lpc17xx_i2c.o)
 .text.I2C_GetByte
                0x000011a8       0x54 C:\Users\Wanderson\Documents\Inatel\JavaScript\aaaaaaaaa\Lib_MCU\Debug\libLib_MCU.a(lpc17xx_i2c.o)
 .text.I2C_IntCmd
                0x000011fc       0x88 C:\Users\Wanderson\Documents\Inatel\JavaScript\aaaaaaaaa\Lib_MCU\Debug\libLib_MCU.a(lpc17xx_i2c.o)
                0x000011fc                I2C_IntCmd
 .text.I2C_MasterHandler
                0x00001284      0x3a0 C:\Users\Wanderson\Documents\Inatel\JavaScript\aaaaaaaaa\Lib_MCU\Debug\libLib_MCU.a(lpc17xx_i2c.o)
                0x00001284                I2C_MasterHandler
 .text.I2C_SetClock
                0x00001624       0xa4 C:\Users\Wanderson\Documents\Inatel\JavaScript\aaaaaaaaa\Lib_MCU\Debug\libLib_MCU.a(lpc17xx_i2c.o)
                0x00001624                I2C_SetClock
 .text.I2C_Init
                0x000016c8       0xa4 C:\Users\Wanderson\Documents\Inatel\JavaScript\aaaaaaaaa\Lib_MCU\Debug\libLib_MCU.a(lpc17xx_i2c.o)
                0x000016c8                I2C_Init
 .text.I2C_Cmd  0x0000176c       0x70 C:\Users\Wanderson\Documents\Inatel\JavaScript\aaaaaaaaa\Lib_MCU\Debug\libLib_MCU.a(lpc17xx_i2c.o)
                0x0000176c                I2C_Cmd
 .text.I2C_MasterTransferData
                0x000017dc      0x2f8 C:\Users\Wanderson\Documents\Inatel\JavaScript\aaaaaaaaa\Lib_MCU\Debug\libLib_MCU.a(lpc17xx_i2c.o)
                0x000017dc                I2C_MasterTransferData
 .text.PINSEL_SetPinFunc
                0x00001ad4       0x84 C:\Users\Wanderson\Documents\Inatel\JavaScript\aaaaaaaaa\Lib_MCU\Debug\libLib_MCU.a(lpc17xx_pinsel.o)
                0x00001ad4                PINSEL_SetPinFunc
 .text.PINSEL_SetResistorMode
                0x00001b58       0x84 C:\Users\Wanderson\Documents\Inatel\JavaScript\aaaaaaaaa\Lib_MCU\Debug\libLib_MCU.a(lpc17xx_pinsel.o)
                0x00001b58                PINSEL_SetResistorMode
 .text.PINSEL_SetOpenDrainMode
                0x00001bdc       0x6c C:\Users\Wanderson\Documents\Inatel\JavaScript\aaaaaaaaa\Lib_MCU\Debug\libLib_MCU.a(lpc17xx_pinsel.o)
                0x00001bdc                PINSEL_SetOpenDrainMode
 .text.PINSEL_ConfigPin
                0x00001c48       0x48 C:\Users\Wanderson\Documents\Inatel\JavaScript\aaaaaaaaa\Lib_MCU\Debug\libLib_MCU.a(lpc17xx_pinsel.o)
                0x00001c48                PINSEL_ConfigPin
 .text.SSP_getNum
                0x00001c90       0x38 C:\Users\Wanderson\Documents\Inatel\JavaScript\aaaaaaaaa\Lib_MCU\Debug\libLib_MCU.a(lpc17xx_ssp.o)
 .text.SSP_IntHandler
                0x00001cc8      0x2cc C:\Users\Wanderson\Documents\Inatel\JavaScript\aaaaaaaaa\Lib_MCU\Debug\libLib_MCU.a(lpc17xx_ssp.o)
                0x00001cc8                SSP_IntHandler
 .text.SSP_SetClock
                0x00001f94       0xc4 C:\Users\Wanderson\Documents\Inatel\JavaScript\aaaaaaaaa\Lib_MCU\Debug\libLib_MCU.a(lpc17xx_ssp.o)
                0x00001f94                SSP_SetClock
 .text.SSP_Init
                0x00002058       0xd8 C:\Users\Wanderson\Documents\Inatel\JavaScript\aaaaaaaaa\Lib_MCU\Debug\libLib_MCU.a(lpc17xx_ssp.o)
                0x00002058                SSP_Init
 .text.SSP_ConfigStructInit
                0x00002130       0x3c C:\Users\Wanderson\Documents\Inatel\JavaScript\aaaaaaaaa\Lib_MCU\Debug\libLib_MCU.a(lpc17xx_ssp.o)
                0x00002130                SSP_ConfigStructInit
 .text.SSP_Cmd  0x0000216c       0x70 C:\Users\Wanderson\Documents\Inatel\JavaScript\aaaaaaaaa\Lib_MCU\Debug\libLib_MCU.a(lpc17xx_ssp.o)
                0x0000216c                SSP_Cmd
 .text.SSP_SendData
                0x000021dc       0x40 C:\Users\Wanderson\Documents\Inatel\JavaScript\aaaaaaaaa\Lib_MCU\Debug\libLib_MCU.a(lpc17xx_ssp.o)
                0x000021dc                SSP_SendData
 .text.SSP_ReceiveData
                0x0000221c       0x3c C:\Users\Wanderson\Documents\Inatel\JavaScript\aaaaaaaaa\Lib_MCU\Debug\libLib_MCU.a(lpc17xx_ssp.o)
                0x0000221c                SSP_ReceiveData
 .text.SSP_ReadWrite
                0x00002258      0x3c0 C:\Users\Wanderson\Documents\Inatel\JavaScript\aaaaaaaaa\Lib_MCU\Debug\libLib_MCU.a(lpc17xx_ssp.o)
                0x00002258                SSP_ReadWrite
 .text.CLKPWR_SetPCLKDiv
                0x00002618       0x8c C:\Users\Wanderson\Documents\Inatel\JavaScript\aaaaaaaaa\Lib_MCU\Debug\libLib_MCU.a(lpc17xx_clkpwr.o)
                0x00002618                CLKPWR_SetPCLKDiv
 .text.CLKPWR_GetPCLKSEL
                0x000026a4       0x48 C:\Users\Wanderson\Documents\Inatel\JavaScript\aaaaaaaaa\Lib_MCU\Debug\libLib_MCU.a(lpc17xx_clkpwr.o)
                0x000026a4                CLKPWR_GetPCLKSEL
 .text.CLKPWR_GetPCLK
                0x000026ec       0x64 C:\Users\Wanderson\Documents\Inatel\JavaScript\aaaaaaaaa\Lib_MCU\Debug\libLib_MCU.a(lpc17xx_clkpwr.o)
                0x000026ec                CLKPWR_GetPCLK
 .text.CLKPWR_ConfigPPWR
                0x00002750       0x58 C:\Users\Wanderson\Documents\Inatel\JavaScript\aaaaaaaaa\Lib_MCU\Debug\libLib_MCU.a(lpc17xx_clkpwr.o)
                0x00002750                CLKPWR_ConfigPPWR
 .text          0x000027a8      0x130 C:\Users\Wanderson\Documents\Inatel\JavaScript\aaaaaaaaa\FreeRTOS_Library\Debug\libFreeRTOS_Library.a(port.o)
                0x000027a8                pxPortInitialiseStack
                0x000027c4                vPortSVCHandler
                0x000027e4                vPortStartFirstTask
                0x000027f4                xPortStartScheduler
                0x00002830                vPortEndScheduler
                0x00002834                vPortYieldFromISR
                0x00002844                vPortEnterCritical
                0x0000285c                vPortExitCritical
                0x00002874                xPortPendSVHandler
                0x000028b0                xPortSysTickHandler
 .text          0x000028d8       0x50 C:\Users\Wanderson\Documents\Inatel\JavaScript\aaaaaaaaa\FreeRTOS_Library\Debug\libFreeRTOS_Library.a(basic_io.o)
                0x000028d8                vPrintString
                0x000028fc                vPrintStringAndNumber
 .text          0x00002928       0x14 C:\Users\Wanderson\Documents\Inatel\JavaScript\aaaaaaaaa\FreeRTOS_Library\Debug\libFreeRTOS_Library.a(consoleprint.o)
                0x00002928                consoleprint
 .text          0x0000293c      0x4a0 C:\Users\Wanderson\Documents\Inatel\JavaScript\aaaaaaaaa\FreeRTOS_Library\Debug\libFreeRTOS_Library.a(queue.o)
                0x00002a38                xQueueCreate
                0x00002a9c                xQueueCreateCountingSemaphore
                0x00002ab0                xQueueGenericSend
                0x00002b8c                xQueueCreateMutex
                0x00002bd0                xQueueGenericSendFromISR
                0x00002c28                xQueueGenericReceive
                0x00002d38                xQueueReceiveFromISR
                0x00002d94                uxQueueMessagesWaiting
                0x00002da8                uxQueueMessagesWaitingFromISR
                0x00002dac                vQueueDelete
                0x00002dc0                xQueueIsQueueEmptyFromISR
                0x00002dcc                xQueueIsQueueFullFromISR
 .text          0x00002ddc      0xa8c C:\Users\Wanderson\Documents\Inatel\JavaScript\aaaaaaaaa\FreeRTOS_Library\Debug\libFreeRTOS_Library.a(tasks.o)
                0x00002ddc                xTaskGenericCreate
                0x00002f74                vTaskDelete
                0x00002fdc                uxTaskPriorityGet
                0x00002ff8                vTaskPrioritySet
                0x00003090                xTaskIsTaskSuspended
                0x000030b4                vTaskResume
                0x00003118                xTaskResumeFromISR
                0x00003188                vTaskStartScheduler
                0x000031d0                vTaskEndScheduler
                0x000031ec                vTaskSuspendAll
                0x00003200                xTaskGetTickCount
                0x00003218                xTaskGetTickCountFromISR
                0x00003224                uxTaskGetNumberOfTasks
                0x00003230                vTaskIncrementTick
                0x000032e4                xTaskResumeAll
                0x000033b8                vTaskDelayUntil
                0x00003438                vTaskDelay
                0x000034e4                vTaskSwitchContext
                0x000035a4                vTaskSuspend
                0x0000364c                vTaskPlaceOnEventList
                0x000036a4                xTaskRemoveFromEventList
                0x00003718                vTaskSetTimeOutState
                0x0000372c                xTaskCheckForTimeOut
                0x00003790                vTaskMissedYield
                0x000037a0                xTaskGetCurrentTaskHandle
                0x000037ac                vTaskPriorityInherit
                0x0000381c                vTaskPriorityDisinherit
 .text          0x00003868      0x124 C:\Users\Wanderson\Documents\Inatel\JavaScript\aaaaaaaaa\FreeRTOS_Library\Debug\libFreeRTOS_Library.a(heap_2.o)
                0x00003868                pvPortMalloc
                0x00003938                vPortFree
                0x0000397c                xPortGetFreeHeapSize
                0x00003988                vPortInitialiseBlocks
 .text          0x0000398c       0x9c C:\Users\Wanderson\Documents\Inatel\JavaScript\aaaaaaaaa\FreeRTOS_Library\Debug\libFreeRTOS_Library.a(list.o)
                0x0000398c                vListInitialise
                0x000039a4                vListInitialiseItem
                0x000039ac                vListInsertEnd
                0x000039c8                vListInsert
                0x00003a04                vListRemove
 .text.__sys_write
                0x00003a28        0xc c:/programas/nxp/lpcxpresso_8.2.0_647/lpcxpresso/tools/bin/../lib/gcc/arm-none-eabi/5.3.1/../../../../arm-none-eabi/lib/armv7-m\libcr_semihost.a(__sys_write.o)
                0x00003a28                __sys_write
                0x00003a28                __write
 .text.__main   0x00003a34       0x14 c:/programas/nxp/lpcxpresso_8.2.0_647/lpcxpresso/tools/bin/../lib/gcc/arm-none-eabi/5.3.1/../../../../arm-none-eabi/lib/armv7-m\libcr_semihost.a(_cr__main.o)
                0x00003a34                __CR_SEMIHOST
                0x00003a34                __main
 .text.memcpy   0x00003a48        0x4 c:/programas/nxp/lpcxpresso_8.2.0_647/lpcxpresso/tools/bin/../lib/gcc/arm-none-eabi/5.3.1/../../../../arm-none-eabi/lib/armv7-m\libcr_c.a(memcpy.o)
                0x00003a48                memcpy
 .text.memset   0x00003a4c        0x4 c:/programas/nxp/lpcxpresso_8.2.0_647/lpcxpresso/tools/bin/../lib/gcc/arm-none-eabi/5.3.1/../../../../arm-none-eabi/lib/armv7-m\libcr_c.a(memset.o)
                0x00003a4c                memset
 .text.fp_round
                0x00003a50       0x4c c:/programas/nxp/lpcxpresso_8.2.0_647/lpcxpresso/tools/bin/../lib/gcc/arm-none-eabi/5.3.1/../../../../arm-none-eabi/lib/armv7-m\libcr_c.a(fpprintf.o)
 .text.pr_dec.constprop.1
                0x00003a9c       0x26 c:/programas/nxp/lpcxpresso_8.2.0_647/lpcxpresso/tools/bin/../lib/gcc/arm-none-eabi/5.3.1/../../../../arm-none-eabi/lib/armv7-m\libcr_c.a(fpprintf.o)
 *fill*         0x00003ac2        0x2 ff
 .text.sprintf  0x00003ac4       0x6c c:/programas/nxp/lpcxpresso_8.2.0_647/lpcxpresso/tools/bin/../lib/gcc/arm-none-eabi/5.3.1/../../../../arm-none-eabi/lib/armv7-m\libcr_c.a(fpprintf.o)
                0x00003ac4                sprintf
 .text.fp_display
                0x00003b30      0x8ec c:/programas/nxp/lpcxpresso_8.2.0_647/lpcxpresso/tools/bin/../lib/gcc/arm-none-eabi/5.3.1/../../../../arm-none-eabi/lib/armv7-m\libcr_c.a(fpprintf.o)
 .text._initio  0x0000441c       0xa4 c:/programas/nxp/lpcxpresso_8.2.0_647/lpcxpresso/tools/bin/../lib/gcc/arm-none-eabi/5.3.1/../../../../arm-none-eabi/lib/armv7-m\libcr_c.a(initio.o)
                0x0000441c                _initio
 .text.memcmp   0x000044c0       0x42 c:/programas/nxp/lpcxpresso_8.2.0_647/lpcxpresso/tools/bin/../lib/gcc/arm-none-eabi/5.3.1/../../../../arm-none-eabi/lib/armv7-m\libcr_c.a(memcmp.o)
                0x000044c0                memcmp
 *fill*         0x00004502        0x2 ff
 .text.__vfprintf
                0x00004504      0xd28 c:/programas/nxp/lpcxpresso_8.2.0_647/lpcxpresso/tools/bin/../lib/gcc/arm-none-eabi/5.3.1/../../../../arm-none-eabi/lib/armv7-m\libcr_c.a(printf.o)
                0x00004504                __vfprintf
 .text.setvbuf  0x0000522c       0x40 c:/programas/nxp/lpcxpresso_8.2.0_647/lpcxpresso/tools/bin/../lib/gcc/arm-none-eabi/5.3.1/../../../../arm-none-eabi/lib/armv7-m\libcr_c.a(setvbuf.o)
                0x0000522c                setvbuf
 .text.strcpy   0x0000526c       0x42 c:/programas/nxp/lpcxpresso_8.2.0_647/lpcxpresso/tools/bin/../lib/gcc/arm-none-eabi/5.3.1/../../../../arm-none-eabi/lib/armv7-m\libcr_c.a(strcpy.o)
                0x0000526c                strcpy
 .text.strlen   0x000052ae       0x4a c:/programas/nxp/lpcxpresso_8.2.0_647/lpcxpresso/tools/bin/../lib/gcc/arm-none-eabi/5.3.1/../../../../arm-none-eabi/lib/armv7-m\libcr_c.a(strlen.o)
                0x000052ae                strlen
 .text.strncpy  0x000052f8       0x56 c:/programas/nxp/lpcxpresso_8.2.0_647/lpcxpresso/tools/bin/../lib/gcc/arm-none-eabi/5.3.1/../../../../arm-none-eabi/lib/armv7-m\libcr_c.a(strncpy.o)
                0x000052f8                strncpy
 .text._deferredlazyseek
                0x0000534e       0x44 c:/programas/nxp/lpcxpresso_8.2.0_647/lpcxpresso/tools/bin/../lib/gcc/arm-none-eabi/5.3.1/../../../../arm-none-eabi/lib/armv7-m\libcr_c.a(_deferredlazyseek.o)
                0x0000534e                _deferredlazyseek
 .text.__flsbuf
                0x00005392      0x140 c:/programas/nxp/lpcxpresso_8.2.0_647/lpcxpresso/tools/bin/../lib/gcc/arm-none-eabi/5.3.1/../../../../arm-none-eabi/lib/armv7-m\libcr_c.a(_deferredlazyseek.o)
                0x00005392                __flsbuf
 .text._fdopen  0x000054d2       0x6a c:/programas/nxp/lpcxpresso_8.2.0_647/lpcxpresso/tools/bin/../lib/gcc/arm-none-eabi/5.3.1/../../../../arm-none-eabi/lib/armv7-m\libcr_c.a(_fdopen.o)
                0x000054d2                _fdopen
 .text._fflush  0x0000553c       0x58 c:/programas/nxp/lpcxpresso_8.2.0_647/lpcxpresso/tools/bin/../lib/gcc/arm-none-eabi/5.3.1/../../../../arm-none-eabi/lib/armv7-m\libcr_c.a(_fflush.o)
                0x0000553c                _fflush
 .text._frexpl  0x00005594       0x5a c:/programas/nxp/lpcxpresso_8.2.0_647/lpcxpresso/tools/bin/../lib/gcc/arm-none-eabi/5.3.1/../../../../arm-none-eabi/lib/armv7-m\libcr_c.a(_frexpl.o)
                0x00005594                _frexpl
 *fill*         0x000055ee        0x2 ff
 .text._ldexpl  0x000055f0       0x4c c:/programas/nxp/lpcxpresso_8.2.0_647/lpcxpresso/tools/bin/../lib/gcc/arm-none-eabi/5.3.1/../../../../arm-none-eabi/lib/armv7-m\libcr_c.a(_ldexpl.o)
                0x000055f0                _ldexpl
 .text._Cwritebuf
                0x0000563c       0x68 c:/programas/nxp/lpcxpresso_8.2.0_647/lpcxpresso/tools/bin/../lib/gcc/arm-none-eabi/5.3.1/../../../../arm-none-eabi/lib/armv7-m\libcr_c.a(_writebuf.o)
                0x0000563c                _Cwritebuf
 .text.malloc   0x000056a4       0xc8 c:/programas/nxp/lpcxpresso_8.2.0_647/lpcxpresso/tools/bin/../lib/gcc/arm-none-eabi/5.3.1/../../../../arm-none-eabi/lib/armv7-m\libcr_c.a(alloc.o)
                0x000056a4                malloc
 .text.free     0x0000576c       0x30 c:/programas/nxp/lpcxpresso_8.2.0_647/lpcxpresso/tools/bin/../lib/gcc/arm-none-eabi/5.3.1/../../../../arm-none-eabi/lib/armv7-m\libcr_c.a(alloc.o)
                0x0000576c                free
 .text._Csys_alloc
                0x0000579c       0x20 c:/programas/nxp/lpcxpresso_8.2.0_647/lpcxpresso/tools/bin/../lib/gcc/arm-none-eabi/5.3.1/../../../../arm-none-eabi/lib/armv7-m\libcr_c.a(alloc.o)
                0x0000579c                _Csys_alloc
 .text.fclose   0x000057bc       0x6c c:/programas/nxp/lpcxpresso_8.2.0_647/lpcxpresso/tools/bin/../lib/gcc/arm-none-eabi/5.3.1/../../../../arm-none-eabi/lib/armv7-m\libcr_c.a(fclose.o)
                0x000057bc                fclose
 .text.fflush   0x00005828       0x30 c:/programas/nxp/lpcxpresso_8.2.0_647/lpcxpresso/tools/bin/../lib/gcc/arm-none-eabi/5.3.1/../../../../arm-none-eabi/lib/armv7-m\libcr_c.a(fflush.o)
                0x00005828                fflush
 .text.fseek    0x00005858      0x110 c:/programas/nxp/lpcxpresso_8.2.0_647/lpcxpresso/tools/bin/../lib/gcc/arm-none-eabi/5.3.1/../../../../arm-none-eabi/lib/armv7-m\libcr_c.a(fseek.o)
                0x00005858                fseek
 .text.ftell    0x00005968       0x4c c:/programas/nxp/lpcxpresso_8.2.0_647/lpcxpresso/tools/bin/../lib/gcc/arm-none-eabi/5.3.1/../../../../arm-none-eabi/lib/armv7-m\libcr_c.a(ftell.o)
                0x00005968                ftell
 .text.remove   0x000059b4       0x14 c:/programas/nxp/lpcxpresso_8.2.0_647/lpcxpresso/tools/bin/../lib/gcc/arm-none-eabi/5.3.1/../../../../arm-none-eabi/lib/armv7-m\libcr_c.a(remove.o)
                0x000059b4                remove
 .text._sbrk    0x000059c8       0x40 c:/programas/nxp/lpcxpresso_8.2.0_647/lpcxpresso/tools/bin/../lib/gcc/arm-none-eabi/5.3.1/../../../../arm-none-eabi/lib/armv7-m\libcr_c.a(_cr_sbrk.o)
                0x000059c8                _sbrk
 .text._do_fflush
                0x00005a08       0x44 c:/programas/nxp/lpcxpresso_8.2.0_647/lpcxpresso/tools/bin/../lib/gcc/arm-none-eabi/5.3.1/../../../../arm-none-eabi/lib/armv7-m\libcr_c.a(_do_fflush.o)
                0x00005a08                _do_fflush
 .text.__check_heap_overflow
                0x00005a4c       0x18 c:/programas/nxp/lpcxpresso_8.2.0_647/lpcxpresso/tools/bin/../lib/gcc/arm-none-eabi/5.3.1/../../../../arm-none-eabi/lib/armv7-m\libcr_c.a(_cr_check_heap.o)
                0x00005a4c                __check_heap_overflow
 .text.__aeabi_dmul
                0x00005a64      0x110 c:/programas/nxp/lpcxpresso_8.2.0_647/lpcxpresso/tools/bin/../lib/gcc/arm-none-eabi/5.3.1/armv7-m\libcr_eabihelpers.a(double.o)
                0x00005a64                __aeabi_dmul
 .text.__aeabi_ddiv
                0x00005b74      0x138 c:/programas/nxp/lpcxpresso_8.2.0_647/lpcxpresso/tools/bin/../lib/gcc/arm-none-eabi/5.3.1/armv7-m\libcr_eabihelpers.a(double.o)
                0x00005b74                __aeabi_ddiv
 .text.__aeabi_dsub
                0x00005cac      0x1a0 c:/programas/nxp/lpcxpresso_8.2.0_647/lpcxpresso/tools/bin/../lib/gcc/arm-none-eabi/5.3.1/armv7-m\libcr_eabihelpers.a(double.o)
                0x00005cac                __aeabi_dsub
 .text.__aeabi_dadd
                0x00005e4c      0x10c c:/programas/nxp/lpcxpresso_8.2.0_647/lpcxpresso/tools/bin/../lib/gcc/arm-none-eabi/5.3.1/armv7-m\libcr_eabihelpers.a(double.o)
                0x00005e4c                __aeabi_dadd
 .text.__aeabi_d2iz
                0x00005f58       0x40 c:/programas/nxp/lpcxpresso_8.2.0_647/lpcxpresso/tools/bin/../lib/gcc/arm-none-eabi/5.3.1/armv7-m\libcr_eabihelpers.a(double.o)
                0x00005f58                __aeabi_d2iz
 .text.__bhs_ui2d
                0x00005f98       0x46 c:/programas/nxp/lpcxpresso_8.2.0_647/lpcxpresso/tools/bin/../lib/gcc/arm-none-eabi/5.3.1/armv7-m\libcr_eabihelpers.a(double.o)
                0x00005f98                __bhs_ui2d
 .text.__aeabi_i2d
                0x00005fde       0x10 c:/programas/nxp/lpcxpresso_8.2.0_647/lpcxpresso/tools/bin/../lib/gcc/arm-none-eabi/5.3.1/armv7-m\libcr_eabihelpers.a(double.o)
                0x00005fde                __aeabi_i2d
 .text.__aeabi_dcmpeq
                0x00005fee       0x2c c:/programas/nxp/lpcxpresso_8.2.0_647/lpcxpresso/tools/bin/../lib/gcc/arm-none-eabi/5.3.1/armv7-m\libcr_eabihelpers.a(double.o)
                0x00005fee                __aeabi_dcmpeq
 .text.__aeabi_dcmplt
                0x0000601a       0x54 c:/programas/nxp/lpcxpresso_8.2.0_647/lpcxpresso/tools/bin/../lib/gcc/arm-none-eabi/5.3.1/armv7-m\libcr_eabihelpers.a(double.o)
                0x0000601a                __aeabi_dcmplt
 .text.__aeabi_dcmple
                0x0000606e       0x54 c:/programas/nxp/lpcxpresso_8.2.0_647/lpcxpresso/tools/bin/../lib/gcc/arm-none-eabi/5.3.1/armv7-m\libcr_eabihelpers.a(double.o)
                0x0000606e                __aeabi_dcmple
 .text.__aeabi_dcmpge
                0x000060c2       0x54 c:/programas/nxp/lpcxpresso_8.2.0_647/lpcxpresso/tools/bin/../lib/gcc/arm-none-eabi/5.3.1/armv7-m\libcr_eabihelpers.a(double.o)
                0x000060c2                __aeabi_dcmpge
 .text.__aeabi_memcpy
                0x00006116       0x34 c:/programas/nxp/lpcxpresso_8.2.0_647/lpcxpresso/tools/bin/../lib/gcc/arm-none-eabi/5.3.1/armv7-m\libcr_eabihelpers.a(memcpy.o)
                0x00006116                __aeabi_memcpy
                0x00006120                __aeabi_memcpy8
                0x00006120                __aeabi_memcpy4
 .text.__aeabi_memset_lowlevel
                0x0000614a       0x32 c:/programas/nxp/lpcxpresso_8.2.0_647/lpcxpresso/tools/bin/../lib/gcc/arm-none-eabi/5.3.1/armv7-m\libcr_eabihelpers.a(memcpy.o)
                0x0000614a                __aeabi_lowlevel_memset
 .text.__sys_appexit
                0x0000617c        0xc c:/programas/nxp/lpcxpresso_8.2.0_647/lpcxpresso/tools/bin/../lib/gcc/arm-none-eabi/5.3.1/../../../../arm-none-eabi/lib/armv7-m\libcr_semihost.a(__sys_appexit.o)
                0x0000617c                __sys_appexit
                0x0000617c                __exit
 .text.__sys_close
                0x00006188        0xc c:/programas/nxp/lpcxpresso_8.2.0_647/lpcxpresso/tools/bin/../lib/gcc/arm-none-eabi/5.3.1/../../../../arm-none-eabi/lib/armv7-m\libcr_semihost.a(__sys_close.o)
                0x00006188                __sys_close
 .text.__sys_flen
                0x00006194        0xc c:/programas/nxp/lpcxpresso_8.2.0_647/lpcxpresso/tools/bin/../lib/gcc/arm-none-eabi/5.3.1/../../../../arm-none-eabi/lib/armv7-m\libcr_semihost.a(__sys_flen.o)
                0x00006194                __sys_flen
 .text.__sys_istty
                0x000061a0        0xc c:/programas/nxp/lpcxpresso_8.2.0_647/lpcxpresso/tools/bin/../lib/gcc/arm-none-eabi/5.3.1/../../../../arm-none-eabi/lib/armv7-m\libcr_semihost.a(__sys_istty.o)
                0x000061a0                __sys_istty
 .text.__sys_remove
                0x000061ac        0xc c:/programas/nxp/lpcxpresso_8.2.0_647/lpcxpresso/tools/bin/../lib/gcc/arm-none-eabi/5.3.1/../../../../arm-none-eabi/lib/armv7-m\libcr_semihost.a(__sys_remove.o)
                0x000061ac                __sys_remove
 .text.__sys_seek
                0x000061b8        0xc c:/programas/nxp/lpcxpresso_8.2.0_647/lpcxpresso/tools/bin/../lib/gcc/arm-none-eabi/5.3.1/../../../../arm-none-eabi/lib/armv7-m\libcr_semihost.a(__sys_seek.o)
                0x000061b8                __sys_seek
 .text.__sys_tmpnam
                0x000061c4        0xc c:/programas/nxp/lpcxpresso_8.2.0_647/lpcxpresso/tools/bin/../lib/gcc/arm-none-eabi/5.3.1/../../../../arm-none-eabi/lib/armv7-m\libcr_semihost.a(__sys_tmpnam.o)
                0x000061c4                __sys_tmpnam
 *(.rodata .rodata.* .constdata .constdata.*)
 .rodata        0x000061d0       0x2d ./Oled_inicializa.o
 *fill*         0x000061fd        0x3 ff
 .rodata        0x00006200       0x74 ./main.o
 .rodata        0x00006274        0x8 C:\Users\Wanderson\Documents\Inatel\JavaScript\aaaaaaaaa\Lib_EaBaseBoard\Debug\libLib_EaBaseBoard.a(oled.o)
 .rodata        0x0000627c      0x300 C:\Users\Wanderson\Documents\Inatel\JavaScript\aaaaaaaaa\Lib_EaBaseBoard\Debug\libLib_EaBaseBoard.a(font5x7.o)
                0x0000627c                font5x7
 .rodata        0x0000657c       0x15 C:\Users\Wanderson\Documents\Inatel\JavaScript\aaaaaaaaa\Lib_MCU\Debug\libLib_MCU.a(lpc17xx_i2c.o)
 *fill*         0x00006591        0x3 ff
 .rodata        0x00006594       0x15 C:\Users\Wanderson\Documents\Inatel\JavaScript\aaaaaaaaa\Lib_MCU\Debug\libLib_MCU.a(lpc17xx_ssp.o)
 *fill*         0x000065a9        0x3 ff
 .rodata.str1.4
                0x000065ac        0x8 C:\Users\Wanderson\Documents\Inatel\JavaScript\aaaaaaaaa\FreeRTOS_Library\Debug\libFreeRTOS_Library.a(basic_io.o)
 .rodata        0x000065b4       0x14 C:\Users\Wanderson\Documents\Inatel\JavaScript\aaaaaaaaa\FreeRTOS_Library\Debug\libFreeRTOS_Library.a(tasks.o)
 .rodata.str1.4
                0x000065c8        0x8 C:\Users\Wanderson\Documents\Inatel\JavaScript\aaaaaaaaa\FreeRTOS_Library\Debug\libFreeRTOS_Library.a(tasks.o)
                                  0x5 (size before relaxing)
 .rodata.str1.1
                0x000065d0       0x34 c:/programas/nxp/lpcxpresso_8.2.0_647/lpcxpresso/tools/bin/../lib/gcc/arm-none-eabi/5.3.1/../../../../arm-none-eabi/lib/armv7-m\libcr_c.a(fpprintf.o)
                                 0x35 (size before relaxing)
 .rodata.str1.1
                0x00006604        0x4 c:/programas/nxp/lpcxpresso_8.2.0_647/lpcxpresso/tools/bin/../lib/gcc/arm-none-eabi/5.3.1/../../../../arm-none-eabi/lib/armv7-m\libcr_c.a(initio.o)
 .rodata.str1.1
                0x00006608       0x31 c:/programas/nxp/lpcxpresso_8.2.0_647/lpcxpresso/tools/bin/../lib/gcc/arm-none-eabi/5.3.1/../../../../arm-none-eabi/lib/armv7-m\libcr_c.a(printf.o)
                                 0x38 (size before relaxing)
 .rodata.str1.1
                0x00006639       0x18 c:/programas/nxp/lpcxpresso_8.2.0_647/lpcxpresso/tools/bin/../lib/gcc/arm-none-eabi/5.3.1/../../../../arm-none-eabi/lib/armv7-m\libcr_c.a(alloc.o)
 *fill*         0x00006651        0x7 ff
 .rodata.__huge_vall
                0x00006658        0x8 c:/programas/nxp/lpcxpresso_8.2.0_647/lpcxpresso/tools/bin/../lib/gcc/arm-none-eabi/5.3.1/../../../../arm-none-eabi/lib/armv7-m\libcr_c.a(_hugeval.o)
                0x00006658                __huge_vall
                0x00006660                . = ALIGN (0x4)

.glue_7         0x00006660        0x0
 .glue_7        0x00006660        0x0 linker stubs

.glue_7t        0x00006660        0x0
 .glue_7t       0x00006660        0x0 linker stubs

.vfp11_veneer   0x00006660        0x0
 .vfp11_veneer  0x00006660        0x0 linker stubs

.v4_bx          0x00006660        0x0
 .v4_bx         0x00006660        0x0 linker stubs

.iplt           0x00006660        0x0
 .iplt          0x00006660        0x0 ./Oled_inicializa.o

.rel.dyn        0x00006660        0x0
 .rel.iplt      0x00006660        0x0 ./Oled_inicializa.o

.ARM.extab
 *(.ARM.extab* .gnu.linkonce.armextab.*)
                0x00006660                __exidx_start = .

.ARM.exidx
 *(.ARM.exidx* .gnu.linkonce.armexidx.*)
                0x00006660                __exidx_end = .
                0x00006660                _etext = .

.data_RAM2      0x2007c000        0x0 load address 0x00006660
 FILL mask 0xff
                [!provide]                PROVIDE (__start_data_RAM2, .)
 *(.ramfunc.$RAM2)
 *(.ramfunc.$RamAHB32)
 *(.data.$RAM2*)
 *(.data.$RamAHB32*)
                0x2007c000                . = ALIGN (0x4)
                [!provide]                PROVIDE (__end_data_RAM2, .)

.uninit_RESERVED
                0x10000000        0x0
 *(.bss.$RESERVED*)
                0x10000000                . = ALIGN (0x4)
                0x10000000                _end_uninit_RESERVED = .

.data           0x10000000       0x18 load address 0x00006660
 FILL mask 0xff
                0x10000000                _data = .
 *(vtable)
 *(.ramfunc*)
 *(.data*)
 .data          0x10000000        0x4 ./Oled_inicializa.o
 .data          0x10000004        0x4 C:\Users\Wanderson\Documents\Inatel\JavaScript\aaaaaaaaa\Lib_CMSISv1p30_LPC17xx\Debug\libCMSISv1p30_LPC17xx.a(system_LPC17xx.o)
                0x10000004                SystemCoreClock
 .data          0x10000008        0x8 C:\Users\Wanderson\Documents\Inatel\JavaScript\aaaaaaaaa\Lib_EaBaseBoard\Debug\libLib_EaBaseBoard.a(light.o)
 .data          0x10000010        0x4 C:\Users\Wanderson\Documents\Inatel\JavaScript\aaaaaaaaa\FreeRTOS_Library\Debug\libFreeRTOS_Library.a(port.o)
 .data          0x10000014        0x4 C:\Users\Wanderson\Documents\Inatel\JavaScript\aaaaaaaaa\FreeRTOS_Library\Debug\libFreeRTOS_Library.a(heap_2.o)
                0x10000018                . = ALIGN (0x4)
                0x10000018                _edata = .

.igot.plt       0x10000018        0x0 load address 0x00006678
 .igot.plt      0x10000018        0x0 ./Oled_inicializa.o

.bss_RAM2       0x2007c000        0x0
                [!provide]                PROVIDE (__start_bss_RAM2, .)
 *(.bss.$RAM2*)
 *(.bss.$RamAHB32*)
                0x2007c000                . = ALIGN ((. != 0x0)?0x4:0x1)
                [!provide]                PROVIDE (__end_bss_RAM2, .)

.bss            0x10000018     0x2de8
                0x10000018                _bss = .
 *(.bss*)
 .bss           0x10000018      0x300 C:\Users\Wanderson\Documents\Inatel\JavaScript\aaaaaaaaa\Lib_EaBaseBoard\Debug\libLib_EaBaseBoard.a(oled.o)
 .bss           0x10000318       0x24 C:\Users\Wanderson\Documents\Inatel\JavaScript\aaaaaaaaa\Lib_MCU\Debug\libLib_MCU.a(lpc17xx_i2c.o)
 .bss           0x1000033c       0x18 C:\Users\Wanderson\Documents\Inatel\JavaScript\aaaaaaaaa\Lib_MCU\Debug\libLib_MCU.a(lpc17xx_ssp.o)
 .bss           0x10000354       0x32 C:\Users\Wanderson\Documents\Inatel\JavaScript\aaaaaaaaa\FreeRTOS_Library\Debug\libFreeRTOS_Library.a(basic_io.o)
 *fill*         0x10000386        0x2 
 .bss           0x10000388      0x100 C:\Users\Wanderson\Documents\Inatel\JavaScript\aaaaaaaaa\FreeRTOS_Library\Debug\libFreeRTOS_Library.a(tasks.o)
                0x1000038c                pxCurrentTCB
 .bss           0x10000488     0x2818 C:\Users\Wanderson\Documents\Inatel\JavaScript\aaaaaaaaa\FreeRTOS_Library\Debug\libFreeRTOS_Library.a(heap_2.o)
 .bss._extra    0x10002ca0        0x4 c:/programas/nxp/lpcxpresso_8.2.0_647/lpcxpresso/tools/bin/../lib/gcc/arm-none-eabi/5.3.1/../../../../arm-none-eabi/lib/armv7-m\libcr_c.a(initio.o)
                0x10002ca0                _extra
 .bss.__Ciob    0x10002ca4      0x140 c:/programas/nxp/lpcxpresso_8.2.0_647/lpcxpresso/tools/bin/../lib/gcc/arm-none-eabi/5.3.1/../../../../arm-none-eabi/lib/armv7-m\libcr_c.a(stdio.o)
                0x10002ca4                __Ciob
 .bss.errno     0x10002de4        0x4 c:/programas/nxp/lpcxpresso_8.2.0_647/lpcxpresso/tools/bin/../lib/gcc/arm-none-eabi/5.3.1/../../../../arm-none-eabi/lib/armv7-m\libcr_c.a(errno.o)
                0x10002de4                errno
 .bss.__heaps   0x10002de8        0x4 c:/programas/nxp/lpcxpresso_8.2.0_647/lpcxpresso/tools/bin/../lib/gcc/arm-none-eabi/5.3.1/../../../../arm-none-eabi/lib/armv7-m\libcr_c.a(__init_alloc.o)
                0x10002de8                __heaps
 .bss.__end_of_heap
                0x10002dec        0x4 c:/programas/nxp/lpcxpresso_8.2.0_647/lpcxpresso/tools/bin/../lib/gcc/arm-none-eabi/5.3.1/../../../../arm-none-eabi/lib/armv7-m\libcr_c.a(__init_alloc.o)
                0x10002dec                __end_of_heap
 *(COMMON)
 COMMON         0x10002df0        0xa ./Oled_inicializa.o
                0x10002df0                ClassHandle
 *fill*         0x10002dfa        0x2 
 COMMON         0x10002dfc        0x4 ./main.o
                0x10002dfc                xQueue
                0x10002e00                . = ALIGN (0x4)
                0x10002e00                _ebss = .
                [!provide]                PROVIDE (end, .)

.noinit_RAM2    0x2007c000        0x0
 *(.noinit.$RAM2*)
 *(.noinit.$RamAHB32*)
                0x2007c000                . = ALIGN (0x4)

.noinit         0x10002e00        0x0
                0x10002e00                _noinit = .
 *(.noinit*)
                0x10002e00                . = ALIGN (0x4)
                0x10002e00                _end_noinit = .
                0x10002e00                PROVIDE (_pvHeapStart, DEFINED (__user_heap_base)?__user_heap_base:.)
                0x10008000                PROVIDE (_vStackTop, DEFINED (__user_stack_top)?__user_stack_top:(__top_RamLoc32 - 0x0))
                [!provide]                PROVIDE (__valid_user_code_checksum, (0x0 - ((((((_vStackTop + (ResetISR + 0x1)) + (NMI_Handler + 0x1)) + (HardFault_Handler + 0x1)) + (DEFINED (MemManage_Handler)?MemManage_Handler:0x0 + 0x1)) + (DEFINED (BusFault_Handler)?BusFault_Handler:0x0 + 0x1)) + (DEFINED (UsageFault_Handler)?UsageFault_Handler:0x0 + 0x1))))
OUTPUT(Example10.axf elf32-littlearm)

.debug_info     0x00000000     0x766f
 .debug_info    0x00000000      0x371 ./Oled_inicializa.o
 .debug_info    0x00000371      0x53a ./Sensor.o
 .debug_info    0x000008ab      0x1b6 ./cr_startup_lpc17.o
 .debug_info    0x00000a61      0x2f8 ./main.o
 .debug_info    0x00000d59      0x2e3 C:\Users\Wanderson\Documents\Inatel\JavaScript\aaaaaaaaa\Lib_CMSISv1p30_LPC17xx\Debug\libCMSISv1p30_LPC17xx.a(system_LPC17xx.o)
 .debug_info    0x0000103c      0x6fb C:\Users\Wanderson\Documents\Inatel\JavaScript\aaaaaaaaa\Lib_EaBaseBoard\Debug\libLib_EaBaseBoard.a(light.o)
 .debug_info    0x00001737      0x915 C:\Users\Wanderson\Documents\Inatel\JavaScript\aaaaaaaaa\Lib_EaBaseBoard\Debug\libLib_EaBaseBoard.a(oled.o)
 .debug_info    0x0000204c       0x61 C:\Users\Wanderson\Documents\Inatel\JavaScript\aaaaaaaaa\Lib_EaBaseBoard\Debug\libLib_EaBaseBoard.a(font5x7.o)
 .debug_info    0x000020ad      0xac9 C:\Users\Wanderson\Documents\Inatel\JavaScript\aaaaaaaaa\Lib_MCU\Debug\libLib_MCU.a(lpc17xx_gpio.o)
 .debug_info    0x00002b76      0xc08 C:\Users\Wanderson\Documents\Inatel\JavaScript\aaaaaaaaa\Lib_MCU\Debug\libLib_MCU.a(lpc17xx_i2c.o)
 .debug_info    0x0000377e      0x44e C:\Users\Wanderson\Documents\Inatel\JavaScript\aaaaaaaaa\Lib_MCU\Debug\libLib_MCU.a(lpc17xx_pinsel.o)
 .debug_info    0x00003bcc      0x7e1 C:\Users\Wanderson\Documents\Inatel\JavaScript\aaaaaaaaa\Lib_MCU\Debug\libLib_MCU.a(lpc17xx_ssp.o)
 .debug_info    0x000043ad      0x5a5 C:\Users\Wanderson\Documents\Inatel\JavaScript\aaaaaaaaa\Lib_MCU\Debug\libLib_MCU.a(lpc17xx_clkpwr.o)
 .debug_info    0x00004952      0x212 C:\Users\Wanderson\Documents\Inatel\JavaScript\aaaaaaaaa\FreeRTOS_Library\Debug\libFreeRTOS_Library.a(port.o)
 .debug_info    0x00004b64      0x1e7 C:\Users\Wanderson\Documents\Inatel\JavaScript\aaaaaaaaa\FreeRTOS_Library\Debug\libFreeRTOS_Library.a(basic_io.o)
 .debug_info    0x00004d4b       0xe5 C:\Users\Wanderson\Documents\Inatel\JavaScript\aaaaaaaaa\FreeRTOS_Library\Debug\libFreeRTOS_Library.a(consoleprint.o)
 .debug_info    0x00004e30      0xcf3 C:\Users\Wanderson\Documents\Inatel\JavaScript\aaaaaaaaa\FreeRTOS_Library\Debug\libFreeRTOS_Library.a(queue.o)
 .debug_info    0x00005b23     0x157a C:\Users\Wanderson\Documents\Inatel\JavaScript\aaaaaaaaa\FreeRTOS_Library\Debug\libFreeRTOS_Library.a(tasks.o)
 .debug_info    0x0000709d      0x33b C:\Users\Wanderson\Documents\Inatel\JavaScript\aaaaaaaaa\FreeRTOS_Library\Debug\libFreeRTOS_Library.a(heap_2.o)
 .debug_info    0x000073d8      0x297 C:\Users\Wanderson\Documents\Inatel\JavaScript\aaaaaaaaa\FreeRTOS_Library\Debug\libFreeRTOS_Library.a(list.o)

.debug_abbrev   0x00000000     0x1e0a
 .debug_abbrev  0x00000000      0x1ad ./Oled_inicializa.o
 .debug_abbrev  0x000001ad      0x1b6 ./Sensor.o
 .debug_abbrev  0x00000363       0xb9 ./cr_startup_lpc17.o
 .debug_abbrev  0x0000041c      0x1ac ./main.o
 .debug_abbrev  0x000005c8       0xe6 C:\Users\Wanderson\Documents\Inatel\JavaScript\aaaaaaaaa\Lib_CMSISv1p30_LPC17xx\Debug\libCMSISv1p30_LPC17xx.a(system_LPC17xx.o)
 .debug_abbrev  0x000006ae      0x1d2 C:\Users\Wanderson\Documents\Inatel\JavaScript\aaaaaaaaa\Lib_EaBaseBoard\Debug\libLib_EaBaseBoard.a(light.o)
 .debug_abbrev  0x00000880      0x201 C:\Users\Wanderson\Documents\Inatel\JavaScript\aaaaaaaaa\Lib_EaBaseBoard\Debug\libLib_EaBaseBoard.a(oled.o)
 .debug_abbrev  0x00000a81       0x48 C:\Users\Wanderson\Documents\Inatel\JavaScript\aaaaaaaaa\Lib_EaBaseBoard\Debug\libLib_EaBaseBoard.a(font5x7.o)
 .debug_abbrev  0x00000ac9      0x193 C:\Users\Wanderson\Documents\Inatel\JavaScript\aaaaaaaaa\Lib_MCU\Debug\libLib_MCU.a(lpc17xx_gpio.o)
 .debug_abbrev  0x00000c5c      0x28b C:\Users\Wanderson\Documents\Inatel\JavaScript\aaaaaaaaa\Lib_MCU\Debug\libLib_MCU.a(lpc17xx_i2c.o)
 .debug_abbrev  0x00000ee7      0x12b C:\Users\Wanderson\Documents\Inatel\JavaScript\aaaaaaaaa\Lib_MCU\Debug\libLib_MCU.a(lpc17xx_pinsel.o)
 .debug_abbrev  0x00001012      0x1fd C:\Users\Wanderson\Documents\Inatel\JavaScript\aaaaaaaaa\Lib_MCU\Debug\libLib_MCU.a(lpc17xx_ssp.o)
 .debug_abbrev  0x0000120f      0x1be C:\Users\Wanderson\Documents\Inatel\JavaScript\aaaaaaaaa\Lib_MCU\Debug\libLib_MCU.a(lpc17xx_clkpwr.o)
 .debug_abbrev  0x000013cd      0x14e C:\Users\Wanderson\Documents\Inatel\JavaScript\aaaaaaaaa\FreeRTOS_Library\Debug\libFreeRTOS_Library.a(port.o)
 .debug_abbrev  0x0000151b       0xf8 C:\Users\Wanderson\Documents\Inatel\JavaScript\aaaaaaaaa\FreeRTOS_Library\Debug\libFreeRTOS_Library.a(basic_io.o)
 .debug_abbrev  0x00001613       0xb4 C:\Users\Wanderson\Documents\Inatel\JavaScript\aaaaaaaaa\FreeRTOS_Library\Debug\libFreeRTOS_Library.a(consoleprint.o)
 .debug_abbrev  0x000016c7      0x207 C:\Users\Wanderson\Documents\Inatel\JavaScript\aaaaaaaaa\FreeRTOS_Library\Debug\libFreeRTOS_Library.a(queue.o)
 .debug_abbrev  0x000018ce      0x2a6 C:\Users\Wanderson\Documents\Inatel\JavaScript\aaaaaaaaa\FreeRTOS_Library\Debug\libFreeRTOS_Library.a(tasks.o)
 .debug_abbrev  0x00001b74      0x1cf C:\Users\Wanderson\Documents\Inatel\JavaScript\aaaaaaaaa\FreeRTOS_Library\Debug\libFreeRTOS_Library.a(heap_2.o)
 .debug_abbrev  0x00001d43       0xc7 C:\Users\Wanderson\Documents\Inatel\JavaScript\aaaaaaaaa\FreeRTOS_Library\Debug\libFreeRTOS_Library.a(list.o)

.debug_aranges  0x00000000      0x690
 .debug_aranges
                0x00000000       0x38 ./Oled_inicializa.o
 .debug_aranges
                0x00000038       0x40 ./Sensor.o
 .debug_aranges
                0x00000078       0x70 ./cr_startup_lpc17.o
 .debug_aranges
                0x000000e8       0x68 ./main.o
 .debug_aranges
                0x00000150       0x28 C:\Users\Wanderson\Documents\Inatel\JavaScript\aaaaaaaaa\Lib_CMSISv1p30_LPC17xx\Debug\libCMSISv1p30_LPC17xx.a(system_LPC17xx.o)
 .debug_aranges
                0x00000178       0x98 C:\Users\Wanderson\Documents\Inatel\JavaScript\aaaaaaaaa\Lib_EaBaseBoard\Debug\libLib_EaBaseBoard.a(light.o)
 .debug_aranges
                0x00000210       0x90 C:\Users\Wanderson\Documents\Inatel\JavaScript\aaaaaaaaa\Lib_EaBaseBoard\Debug\libLib_EaBaseBoard.a(oled.o)
 .debug_aranges
                0x000002a0       0x18 C:\Users\Wanderson\Documents\Inatel\JavaScript\aaaaaaaaa\Lib_EaBaseBoard\Debug\libLib_EaBaseBoard.a(font5x7.o)
 .debug_aranges
                0x000002b8       0xc8 C:\Users\Wanderson\Documents\Inatel\JavaScript\aaaaaaaaa\Lib_MCU\Debug\libLib_MCU.a(lpc17xx_gpio.o)
 .debug_aranges
                0x00000380       0xd0 C:\Users\Wanderson\Documents\Inatel\JavaScript\aaaaaaaaa\Lib_MCU\Debug\libLib_MCU.a(lpc17xx_i2c.o)
 .debug_aranges
                0x00000450       0x48 C:\Users\Wanderson\Documents\Inatel\JavaScript\aaaaaaaaa\Lib_MCU\Debug\libLib_MCU.a(lpc17xx_pinsel.o)
 .debug_aranges
                0x00000498       0xb8 C:\Users\Wanderson\Documents\Inatel\JavaScript\aaaaaaaaa\Lib_MCU\Debug\libLib_MCU.a(lpc17xx_ssp.o)
 .debug_aranges
                0x00000550       0x60 C:\Users\Wanderson\Documents\Inatel\JavaScript\aaaaaaaaa\Lib_MCU\Debug\libLib_MCU.a(lpc17xx_clkpwr.o)
 .debug_aranges
                0x000005b0       0x20 C:\Users\Wanderson\Documents\Inatel\JavaScript\aaaaaaaaa\FreeRTOS_Library\Debug\libFreeRTOS_Library.a(port.o)
 .debug_aranges
                0x000005d0       0x20 C:\Users\Wanderson\Documents\Inatel\JavaScript\aaaaaaaaa\FreeRTOS_Library\Debug\libFreeRTOS_Library.a(basic_io.o)
 .debug_aranges
                0x000005f0       0x20 C:\Users\Wanderson\Documents\Inatel\JavaScript\aaaaaaaaa\FreeRTOS_Library\Debug\libFreeRTOS_Library.a(consoleprint.o)
 .debug_aranges
                0x00000610       0x20 C:\Users\Wanderson\Documents\Inatel\JavaScript\aaaaaaaaa\FreeRTOS_Library\Debug\libFreeRTOS_Library.a(queue.o)
 .debug_aranges
                0x00000630       0x20 C:\Users\Wanderson\Documents\Inatel\JavaScript\aaaaaaaaa\FreeRTOS_Library\Debug\libFreeRTOS_Library.a(tasks.o)
 .debug_aranges
                0x00000650       0x20 C:\Users\Wanderson\Documents\Inatel\JavaScript\aaaaaaaaa\FreeRTOS_Library\Debug\libFreeRTOS_Library.a(heap_2.o)
 .debug_aranges
                0x00000670       0x20 C:\Users\Wanderson\Documents\Inatel\JavaScript\aaaaaaaaa\FreeRTOS_Library\Debug\libFreeRTOS_Library.a(list.o)

.debug_ranges   0x00000000      0x530
 .debug_ranges  0x00000000       0x28 ./Oled_inicializa.o
 .debug_ranges  0x00000028       0x30 ./Sensor.o
 .debug_ranges  0x00000058       0x60 ./cr_startup_lpc17.o
 .debug_ranges  0x000000b8       0x58 ./main.o
 .debug_ranges  0x00000110       0x18 C:\Users\Wanderson\Documents\Inatel\JavaScript\aaaaaaaaa\Lib_CMSISv1p30_LPC17xx\Debug\libCMSISv1p30_LPC17xx.a(system_LPC17xx.o)
 .debug_ranges  0x00000128       0x88 C:\Users\Wanderson\Documents\Inatel\JavaScript\aaaaaaaaa\Lib_EaBaseBoard\Debug\libLib_EaBaseBoard.a(light.o)
 .debug_ranges  0x000001b0       0x80 C:\Users\Wanderson\Documents\Inatel\JavaScript\aaaaaaaaa\Lib_EaBaseBoard\Debug\libLib_EaBaseBoard.a(oled.o)
 .debug_ranges  0x00000230       0xb8 C:\Users\Wanderson\Documents\Inatel\JavaScript\aaaaaaaaa\Lib_MCU\Debug\libLib_MCU.a(lpc17xx_gpio.o)
 .debug_ranges  0x000002e8       0xc0 C:\Users\Wanderson\Documents\Inatel\JavaScript\aaaaaaaaa\Lib_MCU\Debug\libLib_MCU.a(lpc17xx_i2c.o)
 .debug_ranges  0x000003a8       0x38 C:\Users\Wanderson\Documents\Inatel\JavaScript\aaaaaaaaa\Lib_MCU\Debug\libLib_MCU.a(lpc17xx_pinsel.o)
 .debug_ranges  0x000003e0       0xa8 C:\Users\Wanderson\Documents\Inatel\JavaScript\aaaaaaaaa\Lib_MCU\Debug\libLib_MCU.a(lpc17xx_ssp.o)
 .debug_ranges  0x00000488       0x50 C:\Users\Wanderson\Documents\Inatel\JavaScript\aaaaaaaaa\Lib_MCU\Debug\libLib_MCU.a(lpc17xx_clkpwr.o)
 .debug_ranges  0x000004d8       0x10 C:\Users\Wanderson\Documents\Inatel\JavaScript\aaaaaaaaa\FreeRTOS_Library\Debug\libFreeRTOS_Library.a(port.o)
 .debug_ranges  0x000004e8       0x48 C:\Users\Wanderson\Documents\Inatel\JavaScript\aaaaaaaaa\FreeRTOS_Library\Debug\libFreeRTOS_Library.a(tasks.o)

.debug_macro    0x00000000     0x6b83
 .debug_macro   0x00000000       0xca ./Oled_inicializa.o
 .debug_macro   0x000000ca      0x880 ./Oled_inicializa.o
 .debug_macro   0x0000094a       0x16 ./Oled_inicializa.o
 .debug_macro   0x00000960       0x22 ./Oled_inicializa.o
 .debug_macro   0x00000982       0x87 ./Oled_inicializa.o
 .debug_macro   0x00000a09       0x44 ./Oled_inicializa.o
 .debug_macro   0x00000a4d       0xfd ./Oled_inicializa.o
 .debug_macro   0x00000b4a       0x22 ./Oled_inicializa.o
 .debug_macro   0x00000b6c      0x1df ./Oled_inicializa.o
 .debug_macro   0x00000d4b       0x1c ./Oled_inicializa.o
 .debug_macro   0x00000d67      0x7d5 ./Oled_inicializa.o
 .debug_macro   0x0000153c      0x2c7 ./Oled_inicializa.o
 .debug_macro   0x00001803       0x63 ./Oled_inicializa.o
 .debug_macro   0x00001866      0x143 ./Oled_inicializa.o
 .debug_macro   0x000019a9       0x46 ./Oled_inicializa.o
 .debug_macro   0x000019ef      0x2af ./Oled_inicializa.o
 .debug_macro   0x00001c9e       0xe9 ./Oled_inicializa.o
 .debug_macro   0x00001d87       0xc7 ./Sensor.o
 .debug_macro   0x00001e4e       0x22 ./Sensor.o
 .debug_macro   0x00001e70      0x7b7 ./Sensor.o
 .debug_macro   0x00002627      0x192 ./Sensor.o
 .debug_macro   0x000027b9       0x79 ./cr_startup_lpc17.o
 .debug_macro   0x00002832      0x111 ./main.o
 .debug_macro   0x00002943      0x174 ./main.o
 .debug_macro   0x00002ab7       0x46 ./main.o
 .debug_macro   0x00002afd       0xca ./main.o
 .debug_macro   0x00002bc7       0xa3 ./main.o
 .debug_macro   0x00002c6a       0x12 ./main.o
 .debug_macro   0x00002c7c       0x1e ./main.o
 .debug_macro   0x00002c9a      0x162 ./main.o
 .debug_macro   0x00002dfc       0x42 ./main.o
 .debug_macro   0x00002e3e       0x56 ./main.o
 .debug_macro   0x00002e94       0x6a ./main.o
 .debug_macro   0x00002efe      0x113 C:\Users\Wanderson\Documents\Inatel\JavaScript\aaaaaaaaa\Lib_CMSISv1p30_LPC17xx\Debug\libCMSISv1p30_LPC17xx.a(system_LPC17xx.o)
 .debug_macro   0x00003011      0x880 C:\Users\Wanderson\Documents\Inatel\JavaScript\aaaaaaaaa\Lib_CMSISv1p30_LPC17xx\Debug\libCMSISv1p30_LPC17xx.a(system_LPC17xx.o)
 .debug_macro   0x00003891       0x10 C:\Users\Wanderson\Documents\Inatel\JavaScript\aaaaaaaaa\Lib_CMSISv1p30_LPC17xx\Debug\libCMSISv1p30_LPC17xx.a(system_LPC17xx.o)
 .debug_macro   0x000038a1      0x12d C:\Users\Wanderson\Documents\Inatel\JavaScript\aaaaaaaaa\Lib_CMSISv1p30_LPC17xx\Debug\libCMSISv1p30_LPC17xx.a(system_LPC17xx.o)
 .debug_macro   0x000039ce      0x5b2 C:\Users\Wanderson\Documents\Inatel\JavaScript\aaaaaaaaa\Lib_CMSISv1p30_LPC17xx\Debug\libCMSISv1p30_LPC17xx.a(system_LPC17xx.o)
 .debug_macro   0x00003f80      0x126 C:\Users\Wanderson\Documents\Inatel\JavaScript\aaaaaaaaa\Lib_EaBaseBoard\Debug\libLib_EaBaseBoard.a(light.o)
 .debug_macro   0x000040a6      0x18c C:\Users\Wanderson\Documents\Inatel\JavaScript\aaaaaaaaa\Lib_EaBaseBoard\Debug\libLib_EaBaseBoard.a(light.o)
 .debug_macro   0x00004232       0xdd C:\Users\Wanderson\Documents\Inatel\JavaScript\aaaaaaaaa\Lib_EaBaseBoard\Debug\libLib_EaBaseBoard.a(oled.o)
 .debug_macro   0x0000430f       0x5d C:\Users\Wanderson\Documents\Inatel\JavaScript\aaaaaaaaa\Lib_EaBaseBoard\Debug\libLib_EaBaseBoard.a(oled.o)
 .debug_macro   0x0000436c       0x40 C:\Users\Wanderson\Documents\Inatel\JavaScript\aaaaaaaaa\Lib_EaBaseBoard\Debug\libLib_EaBaseBoard.a(oled.o)
 .debug_macro   0x000043ac       0x1a C:\Users\Wanderson\Documents\Inatel\JavaScript\aaaaaaaaa\Lib_EaBaseBoard\Debug\libLib_EaBaseBoard.a(font5x7.o)
 .debug_macro   0x000043c6      0x696 C:\Users\Wanderson\Documents\Inatel\JavaScript\aaaaaaaaa\Lib_EaBaseBoard\Debug\libLib_EaBaseBoard.a(font5x7.o)
 .debug_macro   0x00004a5c       0x83 C:\Users\Wanderson\Documents\Inatel\JavaScript\aaaaaaaaa\Lib_MCU\Debug\libLib_MCU.a(lpc17xx_gpio.o)
 .debug_macro   0x00004adf       0xcb C:\Users\Wanderson\Documents\Inatel\JavaScript\aaaaaaaaa\Lib_MCU\Debug\libLib_MCU.a(lpc17xx_gpio.o)
 .debug_macro   0x00004baa       0x95 C:\Users\Wanderson\Documents\Inatel\JavaScript\aaaaaaaaa\Lib_MCU\Debug\libLib_MCU.a(lpc17xx_i2c.o)
 .debug_macro   0x00004c3f      0x2fe C:\Users\Wanderson\Documents\Inatel\JavaScript\aaaaaaaaa\Lib_MCU\Debug\libLib_MCU.a(lpc17xx_i2c.o)
 .debug_macro   0x00004f3d      0x149 C:\Users\Wanderson\Documents\Inatel\JavaScript\aaaaaaaaa\Lib_MCU\Debug\libLib_MCU.a(lpc17xx_i2c.o)
 .debug_macro   0x00005086       0x7a C:\Users\Wanderson\Documents\Inatel\JavaScript\aaaaaaaaa\Lib_MCU\Debug\libLib_MCU.a(lpc17xx_pinsel.o)
 .debug_macro   0x00005100       0x8c C:\Users\Wanderson\Documents\Inatel\JavaScript\aaaaaaaaa\Lib_MCU\Debug\libLib_MCU.a(lpc17xx_ssp.o)
 .debug_macro   0x0000518c      0x2a9 C:\Users\Wanderson\Documents\Inatel\JavaScript\aaaaaaaaa\Lib_MCU\Debug\libLib_MCU.a(lpc17xx_ssp.o)
 .debug_macro   0x00005435       0x7a C:\Users\Wanderson\Documents\Inatel\JavaScript\aaaaaaaaa\Lib_MCU\Debug\libLib_MCU.a(lpc17xx_clkpwr.o)
 .debug_macro   0x000054af      0x2f8 C:\Users\Wanderson\Documents\Inatel\JavaScript\aaaaaaaaa\Lib_MCU\Debug\libLib_MCU.a(lpc17xx_clkpwr.o)
 .debug_macro   0x000057a7      0x119 C:\Users\Wanderson\Documents\Inatel\JavaScript\aaaaaaaaa\FreeRTOS_Library\Debug\libFreeRTOS_Library.a(port.o)
 .debug_macro   0x000058c0      0x874 C:\Users\Wanderson\Documents\Inatel\JavaScript\aaaaaaaaa\FreeRTOS_Library\Debug\libFreeRTOS_Library.a(port.o)
 .debug_macro   0x00006134       0x16 C:\Users\Wanderson\Documents\Inatel\JavaScript\aaaaaaaaa\FreeRTOS_Library\Debug\libFreeRTOS_Library.a(port.o)
 .debug_macro   0x0000614a       0x1c C:\Users\Wanderson\Documents\Inatel\JavaScript\aaaaaaaaa\FreeRTOS_Library\Debug\libFreeRTOS_Library.a(port.o)
 .debug_macro   0x00006166      0x2c7 C:\Users\Wanderson\Documents\Inatel\JavaScript\aaaaaaaaa\FreeRTOS_Library\Debug\libFreeRTOS_Library.a(port.o)
 .debug_macro   0x0000642d       0xfa C:\Users\Wanderson\Documents\Inatel\JavaScript\aaaaaaaaa\FreeRTOS_Library\Debug\libFreeRTOS_Library.a(basic_io.o)
 .debug_macro   0x00006527       0xa0 C:\Users\Wanderson\Documents\Inatel\JavaScript\aaaaaaaaa\FreeRTOS_Library\Debug\libFreeRTOS_Library.a(basic_io.o)
 .debug_macro   0x000065c7       0x10 C:\Users\Wanderson\Documents\Inatel\JavaScript\aaaaaaaaa\FreeRTOS_Library\Debug\libFreeRTOS_Library.a(basic_io.o)
 .debug_macro   0x000065d7       0x5a C:\Users\Wanderson\Documents\Inatel\JavaScript\aaaaaaaaa\FreeRTOS_Library\Debug\libFreeRTOS_Library.a(consoleprint.o)
 .debug_macro   0x00006631      0x15d C:\Users\Wanderson\Documents\Inatel\JavaScript\aaaaaaaaa\FreeRTOS_Library\Debug\libFreeRTOS_Library.a(queue.o)
 .debug_macro   0x0000678e       0x28 C:\Users\Wanderson\Documents\Inatel\JavaScript\aaaaaaaaa\FreeRTOS_Library\Debug\libFreeRTOS_Library.a(queue.o)
 .debug_macro   0x000067b6       0x49 C:\Users\Wanderson\Documents\Inatel\JavaScript\aaaaaaaaa\FreeRTOS_Library\Debug\libFreeRTOS_Library.a(queue.o)
 .debug_macro   0x000067ff      0x166 C:\Users\Wanderson\Documents\Inatel\JavaScript\aaaaaaaaa\FreeRTOS_Library\Debug\libFreeRTOS_Library.a(tasks.o)
 .debug_macro   0x00006965       0x22 C:\Users\Wanderson\Documents\Inatel\JavaScript\aaaaaaaaa\FreeRTOS_Library\Debug\libFreeRTOS_Library.a(tasks.o)
 .debug_macro   0x00006987       0x16 C:\Users\Wanderson\Documents\Inatel\JavaScript\aaaaaaaaa\FreeRTOS_Library\Debug\libFreeRTOS_Library.a(tasks.o)
 .debug_macro   0x0000699d      0x10a C:\Users\Wanderson\Documents\Inatel\JavaScript\aaaaaaaaa\FreeRTOS_Library\Debug\libFreeRTOS_Library.a(heap_2.o)
 .debug_macro   0x00006aa7       0xdc C:\Users\Wanderson\Documents\Inatel\JavaScript\aaaaaaaaa\FreeRTOS_Library\Debug\libFreeRTOS_Library.a(list.o)

.debug_line     0x00000000     0x48ec
 .debug_line    0x00000000      0x41d ./Oled_inicializa.o
 .debug_line    0x0000041d      0x3c5 ./Sensor.o
 .debug_line    0x000007e2      0x34f ./cr_startup_lpc17.o
 .debug_line    0x00000b31      0x494 ./main.o
 .debug_line    0x00000fc5      0x217 C:\Users\Wanderson\Documents\Inatel\JavaScript\aaaaaaaaa\Lib_CMSISv1p30_LPC17xx\Debug\libCMSISv1p30_LPC17xx.a(system_LPC17xx.o)
 .debug_line    0x000011dc      0x3c3 C:\Users\Wanderson\Documents\Inatel\JavaScript\aaaaaaaaa\Lib_EaBaseBoard\Debug\libLib_EaBaseBoard.a(light.o)
 .debug_line    0x0000159f      0x595 C:\Users\Wanderson\Documents\Inatel\JavaScript\aaaaaaaaa\Lib_EaBaseBoard\Debug\libLib_EaBaseBoard.a(oled.o)
 .debug_line    0x00001b34       0x8d C:\Users\Wanderson\Documents\Inatel\JavaScript\aaaaaaaaa\Lib_EaBaseBoard\Debug\libLib_EaBaseBoard.a(font5x7.o)
 .debug_line    0x00001bc1      0x423 C:\Users\Wanderson\Documents\Inatel\JavaScript\aaaaaaaaa\Lib_MCU\Debug\libLib_MCU.a(lpc17xx_gpio.o)
 .debug_line    0x00001fe4      0x6f8 C:\Users\Wanderson\Documents\Inatel\JavaScript\aaaaaaaaa\Lib_MCU\Debug\libLib_MCU.a(lpc17xx_i2c.o)
 .debug_line    0x000026dc      0x27d C:\Users\Wanderson\Documents\Inatel\JavaScript\aaaaaaaaa\Lib_MCU\Debug\libLib_MCU.a(lpc17xx_pinsel.o)
 .debug_line    0x00002959      0x629 C:\Users\Wanderson\Documents\Inatel\JavaScript\aaaaaaaaa\Lib_MCU\Debug\libLib_MCU.a(lpc17xx_ssp.o)
 .debug_line    0x00002f82      0x2de C:\Users\Wanderson\Documents\Inatel\JavaScript\aaaaaaaaa\Lib_MCU\Debug\libLib_MCU.a(lpc17xx_clkpwr.o)
 .debug_line    0x00003260      0x2ea C:\Users\Wanderson\Documents\Inatel\JavaScript\aaaaaaaaa\FreeRTOS_Library\Debug\libFreeRTOS_Library.a(port.o)
 .debug_line    0x0000354a      0x2f0 C:\Users\Wanderson\Documents\Inatel\JavaScript\aaaaaaaaa\FreeRTOS_Library\Debug\libFreeRTOS_Library.a(basic_io.o)
 .debug_line    0x0000383a      0x13d C:\Users\Wanderson\Documents\Inatel\JavaScript\aaaaaaaaa\FreeRTOS_Library\Debug\libFreeRTOS_Library.a(consoleprint.o)
 .debug_line    0x00003977      0x3ed C:\Users\Wanderson\Documents\Inatel\JavaScript\aaaaaaaaa\FreeRTOS_Library\Debug\libFreeRTOS_Library.a(queue.o)
 .debug_line    0x00003d64      0x590 C:\Users\Wanderson\Documents\Inatel\JavaScript\aaaaaaaaa\FreeRTOS_Library\Debug\libFreeRTOS_Library.a(tasks.o)
 .debug_line    0x000042f4      0x319 C:\Users\Wanderson\Documents\Inatel\JavaScript\aaaaaaaaa\FreeRTOS_Library\Debug\libFreeRTOS_Library.a(heap_2.o)
 .debug_line    0x0000460d      0x2df C:\Users\Wanderson\Documents\Inatel\JavaScript\aaaaaaaaa\FreeRTOS_Library\Debug\libFreeRTOS_Library.a(list.o)

.debug_str      0x00000000    0x13be1
 .debug_str     0x00000000     0x9312 ./Oled_inicializa.o
                               0x948e (size before relaxing)
 .debug_str     0x00009312      0xc36 ./Sensor.o
                               0x87a2 (size before relaxing)
 .debug_str     0x00009f48      0x136 ./cr_startup_lpc17.o
                               0x33fe (size before relaxing)
 .debug_str     0x0000a07e     0x2259 ./main.o
                               0x95d1 (size before relaxing)
 .debug_str     0x0000c2d7     0x1bd8 C:\Users\Wanderson\Documents\Inatel\JavaScript\aaaaaaaaa\Lib_CMSISv1p30_LPC17xx\Debug\libCMSISv1p30_LPC17xx.a(system_LPC17xx.o)
                               0x7ff5 (size before relaxing)
 .debug_str     0x0000deaf      0x557 C:\Users\Wanderson\Documents\Inatel\JavaScript\aaaaaaaaa\Lib_EaBaseBoard\Debug\libLib_EaBaseBoard.a(light.o)
                               0x8be5 (size before relaxing)
 .debug_str     0x0000e406      0x385 C:\Users\Wanderson\Documents\Inatel\JavaScript\aaaaaaaaa\Lib_EaBaseBoard\Debug\libLib_EaBaseBoard.a(oled.o)
                               0x9c71 (size before relaxing)
 .debug_str     0x0000e78b      0xe21 C:\Users\Wanderson\Documents\Inatel\JavaScript\aaaaaaaaa\Lib_EaBaseBoard\Debug\libLib_EaBaseBoard.a(font5x7.o)
                               0x32d2 (size before relaxing)
 .debug_str     0x0000f5ac      0x4e0 C:\Users\Wanderson\Documents\Inatel\JavaScript\aaaaaaaaa\Lib_MCU\Debug\libLib_MCU.a(lpc17xx_gpio.o)
                               0x8448 (size before relaxing)
 .debug_str     0x0000fa8c     0x1516 C:\Users\Wanderson\Documents\Inatel\JavaScript\aaaaaaaaa\Lib_MCU\Debug\libLib_MCU.a(lpc17xx_i2c.o)
                               0xa4cb (size before relaxing)
 .debug_str     0x00010fa2      0x214 C:\Users\Wanderson\Documents\Inatel\JavaScript\aaaaaaaaa\Lib_MCU\Debug\libLib_MCU.a(lpc17xx_pinsel.o)
                               0x848c (size before relaxing)
 .debug_str     0x000111b6      0x211 C:\Users\Wanderson\Documents\Inatel\JavaScript\aaaaaaaaa\Lib_MCU\Debug\libLib_MCU.a(lpc17xx_ssp.o)
                               0xa438 (size before relaxing)
 .debug_str     0x000113c7      0x119 C:\Users\Wanderson\Documents\Inatel\JavaScript\aaaaaaaaa\Lib_MCU\Debug\libLib_MCU.a(lpc17xx_clkpwr.o)
                               0x91e9 (size before relaxing)
 .debug_str     0x000114e0      0x4de C:\Users\Wanderson\Documents\Inatel\JavaScript\aaaaaaaaa\FreeRTOS_Library\Debug\libFreeRTOS_Library.a(port.o)
                               0x9800 (size before relaxing)
 .debug_str     0x000119be      0x2c2 C:\Users\Wanderson\Documents\Inatel\JavaScript\aaaaaaaaa\FreeRTOS_Library\Debug\libFreeRTOS_Library.a(basic_io.o)
                               0x974c (size before relaxing)
 .debug_str     0x00011c80       0x4b C:\Users\Wanderson\Documents\Inatel\JavaScript\aaaaaaaaa\FreeRTOS_Library\Debug\libFreeRTOS_Library.a(consoleprint.o)
                               0x2ca4 (size before relaxing)
 .debug_str     0x00011ccb      0xce2 C:\Users\Wanderson\Documents\Inatel\JavaScript\aaaaaaaaa\FreeRTOS_Library\Debug\libFreeRTOS_Library.a(queue.o)
                               0xa251 (size before relaxing)
 .debug_str     0x000129ad      0xdab C:\Users\Wanderson\Documents\Inatel\JavaScript\aaaaaaaaa\FreeRTOS_Library\Debug\libFreeRTOS_Library.a(tasks.o)
                               0xa800 (size before relaxing)
 .debug_str     0x00013758      0x442 C:\Users\Wanderson\Documents\Inatel\JavaScript\aaaaaaaaa\FreeRTOS_Library\Debug\libFreeRTOS_Library.a(heap_2.o)
                               0x99ae (size before relaxing)
 .debug_str     0x00013b9a       0x47 C:\Users\Wanderson\Documents\Inatel\JavaScript\aaaaaaaaa\FreeRTOS_Library\Debug\libFreeRTOS_Library.a(list.o)
                               0x92dc (size before relaxing)

.comment        0x00000000       0xdc
 .comment       0x00000000       0x6e ./Oled_inicializa.o
                                 0x6f (size before relaxing)
 .comment       0x0000006e       0x6f ./Sensor.o
 .comment       0x0000006e       0x6f ./cr_startup_lpc17.o
 .comment       0x0000006e       0x6f ./main.o
 .comment       0x0000006e       0x6f C:\Users\Wanderson\Documents\Inatel\JavaScript\aaaaaaaaa\Lib_CMSISv1p30_LPC17xx\Debug\libCMSISv1p30_LPC17xx.a(system_LPC17xx.o)
 .comment       0x0000006e       0x6f C:\Users\Wanderson\Documents\Inatel\JavaScript\aaaaaaaaa\Lib_EaBaseBoard\Debug\libLib_EaBaseBoard.a(light.o)
 .comment       0x0000006e       0x6f C:\Users\Wanderson\Documents\Inatel\JavaScript\aaaaaaaaa\Lib_EaBaseBoard\Debug\libLib_EaBaseBoard.a(oled.o)
 .comment       0x0000006e       0x6f C:\Users\Wanderson\Documents\Inatel\JavaScript\aaaaaaaaa\Lib_EaBaseBoard\Debug\libLib_EaBaseBoard.a(font5x7.o)
 .comment       0x0000006e       0x6f C:\Users\Wanderson\Documents\Inatel\JavaScript\aaaaaaaaa\Lib_MCU\Debug\libLib_MCU.a(lpc17xx_gpio.o)
 .comment       0x0000006e       0x6f C:\Users\Wanderson\Documents\Inatel\JavaScript\aaaaaaaaa\Lib_MCU\Debug\libLib_MCU.a(lpc17xx_i2c.o)
 .comment       0x0000006e       0x6f C:\Users\Wanderson\Documents\Inatel\JavaScript\aaaaaaaaa\Lib_MCU\Debug\libLib_MCU.a(lpc17xx_pinsel.o)
 .comment       0x0000006e       0x6f C:\Users\Wanderson\Documents\Inatel\JavaScript\aaaaaaaaa\Lib_MCU\Debug\libLib_MCU.a(lpc17xx_ssp.o)
 .comment       0x0000006e       0x6f C:\Users\Wanderson\Documents\Inatel\JavaScript\aaaaaaaaa\Lib_MCU\Debug\libLib_MCU.a(lpc17xx_clkpwr.o)
 .comment       0x0000006e       0x6f C:\Users\Wanderson\Documents\Inatel\JavaScript\aaaaaaaaa\FreeRTOS_Library\Debug\libFreeRTOS_Library.a(port.o)
 .comment       0x0000006e       0x6f C:\Users\Wanderson\Documents\Inatel\JavaScript\aaaaaaaaa\FreeRTOS_Library\Debug\libFreeRTOS_Library.a(basic_io.o)
 .comment       0x0000006e       0x6f C:\Users\Wanderson\Documents\Inatel\JavaScript\aaaaaaaaa\FreeRTOS_Library\Debug\libFreeRTOS_Library.a(consoleprint.o)
 .comment       0x0000006e       0x6f C:\Users\Wanderson\Documents\Inatel\JavaScript\aaaaaaaaa\FreeRTOS_Library\Debug\libFreeRTOS_Library.a(queue.o)
 .comment       0x0000006e       0x6f C:\Users\Wanderson\Documents\Inatel\JavaScript\aaaaaaaaa\FreeRTOS_Library\Debug\libFreeRTOS_Library.a(tasks.o)
 .comment       0x0000006e       0x6f C:\Users\Wanderson\Documents\Inatel\JavaScript\aaaaaaaaa\FreeRTOS_Library\Debug\libFreeRTOS_Library.a(heap_2.o)
 .comment       0x0000006e       0x6f C:\Users\Wanderson\Documents\Inatel\JavaScript\aaaaaaaaa\FreeRTOS_Library\Debug\libFreeRTOS_Library.a(list.o)
 .comment       0x0000006e       0x6e c:/programas/nxp/lpcxpresso_8.2.0_647/lpcxpresso/tools/bin/../lib/gcc/arm-none-eabi/5.3.1/../../../../arm-none-eabi/lib/armv7-m\libcr_semihost.a(_cr__main.o)
                                 0x6f (size before relaxing)
 .comment       0x000000dc       0x6f c:/programas/nxp/lpcxpresso_8.2.0_647/lpcxpresso/tools/bin/../lib/gcc/arm-none-eabi/5.3.1/../../../../arm-none-eabi/lib/armv7-m\libcr_c.a(memcpy.o)
 .comment       0x000000dc       0x6f c:/programas/nxp/lpcxpresso_8.2.0_647/lpcxpresso/tools/bin/../lib/gcc/arm-none-eabi/5.3.1/../../../../arm-none-eabi/lib/armv7-m\libcr_c.a(memset.o)
 .comment       0x000000dc       0x6f c:/programas/nxp/lpcxpresso_8.2.0_647/lpcxpresso/tools/bin/../lib/gcc/arm-none-eabi/5.3.1/../../../../arm-none-eabi/lib/armv7-m\libcr_c.a(fpprintf.o)
 .comment       0x000000dc       0x6f c:/programas/nxp/lpcxpresso_8.2.0_647/lpcxpresso/tools/bin/../lib/gcc/arm-none-eabi/5.3.1/../../../../arm-none-eabi/lib/armv7-m\libcr_c.a(initio.o)
 .comment       0x000000dc       0x6f c:/programas/nxp/lpcxpresso_8.2.0_647/lpcxpresso/tools/bin/../lib/gcc/arm-none-eabi/5.3.1/../../../../arm-none-eabi/lib/armv7-m\libcr_c.a(memcmp.o)
 .comment       0x000000dc       0x6f c:/programas/nxp/lpcxpresso_8.2.0_647/lpcxpresso/tools/bin/../lib/gcc/arm-none-eabi/5.3.1/../../../../arm-none-eabi/lib/armv7-m\libcr_c.a(printf.o)
 .comment       0x000000dc       0x6f c:/programas/nxp/lpcxpresso_8.2.0_647/lpcxpresso/tools/bin/../lib/gcc/arm-none-eabi/5.3.1/../../../../arm-none-eabi/lib/armv7-m\libcr_c.a(setvbuf.o)
 .comment       0x000000dc       0x6f c:/programas/nxp/lpcxpresso_8.2.0_647/lpcxpresso/tools/bin/../lib/gcc/arm-none-eabi/5.3.1/../../../../arm-none-eabi/lib/armv7-m\libcr_c.a(stdio.o)
 .comment       0x000000dc       0x6f c:/programas/nxp/lpcxpresso_8.2.0_647/lpcxpresso/tools/bin/../lib/gcc/arm-none-eabi/5.3.1/../../../../arm-none-eabi/lib/armv7-m\libcr_c.a(strcpy.o)
 .comment       0x000000dc       0x6f c:/programas/nxp/lpcxpresso_8.2.0_647/lpcxpresso/tools/bin/../lib/gcc/arm-none-eabi/5.3.1/../../../../arm-none-eabi/lib/armv7-m\libcr_c.a(strlen.o)
 .comment       0x000000dc       0x6f c:/programas/nxp/lpcxpresso_8.2.0_647/lpcxpresso/tools/bin/../lib/gcc/arm-none-eabi/5.3.1/../../../../arm-none-eabi/lib/armv7-m\libcr_c.a(strncpy.o)
 .comment       0x000000dc       0x6f c:/programas/nxp/lpcxpresso_8.2.0_647/lpcxpresso/tools/bin/../lib/gcc/arm-none-eabi/5.3.1/../../../../arm-none-eabi/lib/armv7-m\libcr_c.a(_deferredlazyseek.o)
 .comment       0x000000dc       0x6f c:/programas/nxp/lpcxpresso_8.2.0_647/lpcxpresso/tools/bin/../lib/gcc/arm-none-eabi/5.3.1/../../../../arm-none-eabi/lib/armv7-m\libcr_c.a(_fdopen.o)
 .comment       0x000000dc       0x6f c:/programas/nxp/lpcxpresso_8.2.0_647/lpcxpresso/tools/bin/../lib/gcc/arm-none-eabi/5.3.1/../../../../arm-none-eabi/lib/armv7-m\libcr_c.a(_fflush.o)
 .comment       0x000000dc       0x6f c:/programas/nxp/lpcxpresso_8.2.0_647/lpcxpresso/tools/bin/../lib/gcc/arm-none-eabi/5.3.1/../../../../arm-none-eabi/lib/armv7-m\libcr_c.a(_frexpl.o)
 .comment       0x000000dc       0x6f c:/programas/nxp/lpcxpresso_8.2.0_647/lpcxpresso/tools/bin/../lib/gcc/arm-none-eabi/5.3.1/../../../../arm-none-eabi/lib/armv7-m\libcr_c.a(_ldexpl.o)
 .comment       0x000000dc       0x6f c:/programas/nxp/lpcxpresso_8.2.0_647/lpcxpresso/tools/bin/../lib/gcc/arm-none-eabi/5.3.1/../../../../arm-none-eabi/lib/armv7-m\libcr_c.a(_writebuf.o)
 .comment       0x000000dc       0x6f c:/programas/nxp/lpcxpresso_8.2.0_647/lpcxpresso/tools/bin/../lib/gcc/arm-none-eabi/5.3.1/../../../../arm-none-eabi/lib/armv7-m\libcr_c.a(alloc.o)
 .comment       0x000000dc       0x6f c:/programas/nxp/lpcxpresso_8.2.0_647/lpcxpresso/tools/bin/../lib/gcc/arm-none-eabi/5.3.1/../../../../arm-none-eabi/lib/armv7-m\libcr_c.a(errno.o)
 .comment       0x000000dc       0x6f c:/programas/nxp/lpcxpresso_8.2.0_647/lpcxpresso/tools/bin/../lib/gcc/arm-none-eabi/5.3.1/../../../../arm-none-eabi/lib/armv7-m\libcr_c.a(fclose.o)
 .comment       0x000000dc       0x6f c:/programas/nxp/lpcxpresso_8.2.0_647/lpcxpresso/tools/bin/../lib/gcc/arm-none-eabi/5.3.1/../../../../arm-none-eabi/lib/armv7-m\libcr_c.a(fflush.o)
 .comment       0x000000dc       0x6f c:/programas/nxp/lpcxpresso_8.2.0_647/lpcxpresso/tools/bin/../lib/gcc/arm-none-eabi/5.3.1/../../../../arm-none-eabi/lib/armv7-m\libcr_c.a(fseek.o)
 .comment       0x000000dc       0x6f c:/programas/nxp/lpcxpresso_8.2.0_647/lpcxpresso/tools/bin/../lib/gcc/arm-none-eabi/5.3.1/../../../../arm-none-eabi/lib/armv7-m\libcr_c.a(ftell.o)
 .comment       0x000000dc       0x6f c:/programas/nxp/lpcxpresso_8.2.0_647/lpcxpresso/tools/bin/../lib/gcc/arm-none-eabi/5.3.1/../../../../arm-none-eabi/lib/armv7-m\libcr_c.a(remove.o)
 .comment       0x000000dc       0x6f c:/programas/nxp/lpcxpresso_8.2.0_647/lpcxpresso/tools/bin/../lib/gcc/arm-none-eabi/5.3.1/../../../../arm-none-eabi/lib/armv7-m\libcr_c.a(__init_alloc.o)
 .comment       0x000000dc       0x6f c:/programas/nxp/lpcxpresso_8.2.0_647/lpcxpresso/tools/bin/../lib/gcc/arm-none-eabi/5.3.1/../../../../arm-none-eabi/lib/armv7-m\libcr_c.a(_cr_sbrk.o)
 .comment       0x000000dc       0x6f c:/programas/nxp/lpcxpresso_8.2.0_647/lpcxpresso/tools/bin/../lib/gcc/arm-none-eabi/5.3.1/../../../../arm-none-eabi/lib/armv7-m\libcr_c.a(_do_fflush.o)
 .comment       0x000000dc       0x6f c:/programas/nxp/lpcxpresso_8.2.0_647/lpcxpresso/tools/bin/../lib/gcc/arm-none-eabi/5.3.1/../../../../arm-none-eabi/lib/armv7-m\libcr_c.a(_hugeval.o)
 .comment       0x000000dc       0x6f c:/programas/nxp/lpcxpresso_8.2.0_647/lpcxpresso/tools/bin/../lib/gcc/arm-none-eabi/5.3.1/../../../../arm-none-eabi/lib/armv7-m\libcr_c.a(_cr_check_heap.o)
 .comment       0x000000dc       0x6f c:/programas/nxp/lpcxpresso_8.2.0_647/lpcxpresso/tools/bin/../lib/gcc/arm-none-eabi/5.3.1/armv7-m\libcr_eabihelpers.a(double.o)

.ARM.attributes
                0x00000000       0x31
 .ARM.attributes
                0x00000000       0x33 ./Oled_inicializa.o
 .ARM.attributes
                0x00000033       0x33 ./Sensor.o
 .ARM.attributes
                0x00000066       0x33 ./cr_startup_lpc17.o
 .ARM.attributes
                0x00000099       0x33 ./main.o
 .ARM.attributes
                0x000000cc       0x33 C:\Users\Wanderson\Documents\Inatel\JavaScript\aaaaaaaaa\Lib_CMSISv1p30_LPC17xx\Debug\libCMSISv1p30_LPC17xx.a(system_LPC17xx.o)
 .ARM.attributes
                0x000000ff       0x33 C:\Users\Wanderson\Documents\Inatel\JavaScript\aaaaaaaaa\Lib_EaBaseBoard\Debug\libLib_EaBaseBoard.a(light.o)
 .ARM.attributes
                0x00000132       0x33 C:\Users\Wanderson\Documents\Inatel\JavaScript\aaaaaaaaa\Lib_EaBaseBoard\Debug\libLib_EaBaseBoard.a(oled.o)
 .ARM.attributes
                0x00000165       0x33 C:\Users\Wanderson\Documents\Inatel\JavaScript\aaaaaaaaa\Lib_EaBaseBoard\Debug\libLib_EaBaseBoard.a(font5x7.o)
 .ARM.attributes
                0x00000198       0x33 C:\Users\Wanderson\Documents\Inatel\JavaScript\aaaaaaaaa\Lib_MCU\Debug\libLib_MCU.a(lpc17xx_gpio.o)
 .ARM.attributes
                0x000001cb       0x33 C:\Users\Wanderson\Documents\Inatel\JavaScript\aaaaaaaaa\Lib_MCU\Debug\libLib_MCU.a(lpc17xx_i2c.o)
 .ARM.attributes
                0x000001fe       0x33 C:\Users\Wanderson\Documents\Inatel\JavaScript\aaaaaaaaa\Lib_MCU\Debug\libLib_MCU.a(lpc17xx_pinsel.o)
 .ARM.attributes
                0x00000231       0x33 C:\Users\Wanderson\Documents\Inatel\JavaScript\aaaaaaaaa\Lib_MCU\Debug\libLib_MCU.a(lpc17xx_ssp.o)
 .ARM.attributes
                0x00000264       0x33 C:\Users\Wanderson\Documents\Inatel\JavaScript\aaaaaaaaa\Lib_MCU\Debug\libLib_MCU.a(lpc17xx_clkpwr.o)
 .ARM.attributes
                0x00000297       0x33 C:\Users\Wanderson\Documents\Inatel\JavaScript\aaaaaaaaa\FreeRTOS_Library\Debug\libFreeRTOS_Library.a(port.o)
 .ARM.attributes
                0x000002ca       0x33 C:\Users\Wanderson\Documents\Inatel\JavaScript\aaaaaaaaa\FreeRTOS_Library\Debug\libFreeRTOS_Library.a(basic_io.o)
 .ARM.attributes
                0x000002fd       0x33 C:\Users\Wanderson\Documents\Inatel\JavaScript\aaaaaaaaa\FreeRTOS_Library\Debug\libFreeRTOS_Library.a(consoleprint.o)
 .ARM.attributes
                0x00000330       0x33 C:\Users\Wanderson\Documents\Inatel\JavaScript\aaaaaaaaa\FreeRTOS_Library\Debug\libFreeRTOS_Library.a(queue.o)
 .ARM.attributes
                0x00000363       0x33 C:\Users\Wanderson\Documents\Inatel\JavaScript\aaaaaaaaa\FreeRTOS_Library\Debug\libFreeRTOS_Library.a(tasks.o)
 .ARM.attributes
                0x00000396       0x33 C:\Users\Wanderson\Documents\Inatel\JavaScript\aaaaaaaaa\FreeRTOS_Library\Debug\libFreeRTOS_Library.a(heap_2.o)
 .ARM.attributes
                0x000003c9       0x33 C:\Users\Wanderson\Documents\Inatel\JavaScript\aaaaaaaaa\FreeRTOS_Library\Debug\libFreeRTOS_Library.a(list.o)
 .ARM.attributes
                0x000003fc       0x21 c:/programas/nxp/lpcxpresso_8.2.0_647/lpcxpresso/tools/bin/../lib/gcc/arm-none-eabi/5.3.1/../../../../arm-none-eabi/lib/armv7-m\libcr_semihost.a(__sys_write.o)
 .ARM.attributes
                0x0000041d       0x33 c:/programas/nxp/lpcxpresso_8.2.0_647/lpcxpresso/tools/bin/../lib/gcc/arm-none-eabi/5.3.1/../../../../arm-none-eabi/lib/armv7-m\libcr_semihost.a(_cr__main.o)
 .ARM.attributes
                0x00000450       0x33 c:/programas/nxp/lpcxpresso_8.2.0_647/lpcxpresso/tools/bin/../lib/gcc/arm-none-eabi/5.3.1/../../../../arm-none-eabi/lib/armv7-m\libcr_c.a(memcpy.o)
 .ARM.attributes
                0x00000483       0x33 c:/programas/nxp/lpcxpresso_8.2.0_647/lpcxpresso/tools/bin/../lib/gcc/arm-none-eabi/5.3.1/../../../../arm-none-eabi/lib/armv7-m\libcr_c.a(memset.o)
 .ARM.attributes
                0x000004b6       0x33 c:/programas/nxp/lpcxpresso_8.2.0_647/lpcxpresso/tools/bin/../lib/gcc/arm-none-eabi/5.3.1/../../../../arm-none-eabi/lib/armv7-m\libcr_c.a(fpprintf.o)
 .ARM.attributes
                0x000004e9       0x33 c:/programas/nxp/lpcxpresso_8.2.0_647/lpcxpresso/tools/bin/../lib/gcc/arm-none-eabi/5.3.1/../../../../arm-none-eabi/lib/armv7-m\libcr_c.a(initio.o)
 .ARM.attributes
                0x0000051c       0x33 c:/programas/nxp/lpcxpresso_8.2.0_647/lpcxpresso/tools/bin/../lib/gcc/arm-none-eabi/5.3.1/../../../../arm-none-eabi/lib/armv7-m\libcr_c.a(memcmp.o)
 .ARM.attributes
                0x0000054f       0x33 c:/programas/nxp/lpcxpresso_8.2.0_647/lpcxpresso/tools/bin/../lib/gcc/arm-none-eabi/5.3.1/../../../../arm-none-eabi/lib/armv7-m\libcr_c.a(printf.o)
 .ARM.attributes
                0x00000582       0x33 c:/programas/nxp/lpcxpresso_8.2.0_647/lpcxpresso/tools/bin/../lib/gcc/arm-none-eabi/5.3.1/../../../../arm-none-eabi/lib/armv7-m\libcr_c.a(setvbuf.o)
 .ARM.attributes
                0x000005b5       0x33 c:/programas/nxp/lpcxpresso_8.2.0_647/lpcxpresso/tools/bin/../lib/gcc/arm-none-eabi/5.3.1/../../../../arm-none-eabi/lib/armv7-m\libcr_c.a(stdio.o)
 .ARM.attributes
                0x000005e8       0x33 c:/programas/nxp/lpcxpresso_8.2.0_647/lpcxpresso/tools/bin/../lib/gcc/arm-none-eabi/5.3.1/../../../../arm-none-eabi/lib/armv7-m\libcr_c.a(strcpy.o)
 .ARM.attributes
                0x0000061b       0x33 c:/programas/nxp/lpcxpresso_8.2.0_647/lpcxpresso/tools/bin/../lib/gcc/arm-none-eabi/5.3.1/../../../../arm-none-eabi/lib/armv7-m\libcr_c.a(strlen.o)
 .ARM.attributes
                0x0000064e       0x33 c:/programas/nxp/lpcxpresso_8.2.0_647/lpcxpresso/tools/bin/../lib/gcc/arm-none-eabi/5.3.1/../../../../arm-none-eabi/lib/armv7-m\libcr_c.a(strncpy.o)
 .ARM.attributes
                0x00000681       0x33 c:/programas/nxp/lpcxpresso_8.2.0_647/lpcxpresso/tools/bin/../lib/gcc/arm-none-eabi/5.3.1/../../../../arm-none-eabi/lib/armv7-m\libcr_c.a(_deferredlazyseek.o)
 .ARM.attributes
                0x000006b4       0x33 c:/programas/nxp/lpcxpresso_8.2.0_647/lpcxpresso/tools/bin/../lib/gcc/arm-none-eabi/5.3.1/../../../../arm-none-eabi/lib/armv7-m\libcr_c.a(_fdopen.o)
 .ARM.attributes
                0x000006e7       0x33 c:/programas/nxp/lpcxpresso_8.2.0_647/lpcxpresso/tools/bin/../lib/gcc/arm-none-eabi/5.3.1/../../../../arm-none-eabi/lib/armv7-m\libcr_c.a(_fflush.o)
 .ARM.attributes
                0x0000071a       0x33 c:/programas/nxp/lpcxpresso_8.2.0_647/lpcxpresso/tools/bin/../lib/gcc/arm-none-eabi/5.3.1/../../../../arm-none-eabi/lib/armv7-m\libcr_c.a(_frexpl.o)
 .ARM.attributes
                0x0000074d       0x33 c:/programas/nxp/lpcxpresso_8.2.0_647/lpcxpresso/tools/bin/../lib/gcc/arm-none-eabi/5.3.1/../../../../arm-none-eabi/lib/armv7-m\libcr_c.a(_ldexpl.o)
 .ARM.attributes
                0x00000780       0x33 c:/programas/nxp/lpcxpresso_8.2.0_647/lpcxpresso/tools/bin/../lib/gcc/arm-none-eabi/5.3.1/../../../../arm-none-eabi/lib/armv7-m\libcr_c.a(_writebuf.o)
 .ARM.attributes
                0x000007b3       0x33 c:/programas/nxp/lpcxpresso_8.2.0_647/lpcxpresso/tools/bin/../lib/gcc/arm-none-eabi/5.3.1/../../../../arm-none-eabi/lib/armv7-m\libcr_c.a(alloc.o)
 .ARM.attributes
                0x000007e6       0x33 c:/programas/nxp/lpcxpresso_8.2.0_647/lpcxpresso/tools/bin/../lib/gcc/arm-none-eabi/5.3.1/../../../../arm-none-eabi/lib/armv7-m\libcr_c.a(errno.o)
 .ARM.attributes
                0x00000819       0x33 c:/programas/nxp/lpcxpresso_8.2.0_647/lpcxpresso/tools/bin/../lib/gcc/arm-none-eabi/5.3.1/../../../../arm-none-eabi/lib/armv7-m\libcr_c.a(fclose.o)
 .ARM.attributes
                0x0000084c       0x33 c:/programas/nxp/lpcxpresso_8.2.0_647/lpcxpresso/tools/bin/../lib/gcc/arm-none-eabi/5.3.1/../../../../arm-none-eabi/lib/armv7-m\libcr_c.a(fflush.o)
 .ARM.attributes
                0x0000087f       0x33 c:/programas/nxp/lpcxpresso_8.2.0_647/lpcxpresso/tools/bin/../lib/gcc/arm-none-eabi/5.3.1/../../../../arm-none-eabi/lib/armv7-m\libcr_c.a(fseek.o)
 .ARM.attributes
                0x000008b2       0x33 c:/programas/nxp/lpcxpresso_8.2.0_647/lpcxpresso/tools/bin/../lib/gcc/arm-none-eabi/5.3.1/../../../../arm-none-eabi/lib/armv7-m\libcr_c.a(ftell.o)
 .ARM.attributes
                0x000008e5       0x33 c:/programas/nxp/lpcxpresso_8.2.0_647/lpcxpresso/tools/bin/../lib/gcc/arm-none-eabi/5.3.1/../../../../arm-none-eabi/lib/armv7-m\libcr_c.a(remove.o)
 .ARM.attributes
                0x00000918       0x33 c:/programas/nxp/lpcxpresso_8.2.0_647/lpcxpresso/tools/bin/../lib/gcc/arm-none-eabi/5.3.1/../../../../arm-none-eabi/lib/armv7-m\libcr_c.a(__init_alloc.o)
 .ARM.attributes
                0x0000094b       0x33 c:/programas/nxp/lpcxpresso_8.2.0_647/lpcxpresso/tools/bin/../lib/gcc/arm-none-eabi/5.3.1/../../../../arm-none-eabi/lib/armv7-m\libcr_c.a(_cr_sbrk.o)
 .ARM.attributes
                0x0000097e       0x33 c:/programas/nxp/lpcxpresso_8.2.0_647/lpcxpresso/tools/bin/../lib/gcc/arm-none-eabi/5.3.1/../../../../arm-none-eabi/lib/armv7-m\libcr_c.a(_do_fflush.o)
 .ARM.attributes
                0x000009b1       0x33 c:/programas/nxp/lpcxpresso_8.2.0_647/lpcxpresso/tools/bin/../lib/gcc/arm-none-eabi/5.3.1/../../../../arm-none-eabi/lib/armv7-m\libcr_c.a(_hugeval.o)
 .ARM.attributes
                0x000009e4       0x33 c:/programas/nxp/lpcxpresso_8.2.0_647/lpcxpresso/tools/bin/../lib/gcc/arm-none-eabi/5.3.1/../../../../arm-none-eabi/lib/armv7-m\libcr_c.a(_cr_check_heap.o)
 .ARM.attributes
                0x00000a17       0x33 c:/programas/nxp/lpcxpresso_8.2.0_647/lpcxpresso/tools/bin/../lib/gcc/arm-none-eabi/5.3.1/armv7-m\libcr_eabihelpers.a(double.o)
 .ARM.attributes
                0x00000a4a       0x21 c:/programas/nxp/lpcxpresso_8.2.0_647/lpcxpresso/tools/bin/../lib/gcc/arm-none-eabi/5.3.1/armv7-m\libcr_eabihelpers.a(memcpy.o)
 .ARM.attributes
                0x00000a6b       0x21 c:/programas/nxp/lpcxpresso_8.2.0_647/lpcxpresso/tools/bin/../lib/gcc/arm-none-eabi/5.3.1/../../../../arm-none-eabi/lib/armv7-m\libcr_semihost.a(__sys_appexit.o)
 .ARM.attributes
                0x00000a8c       0x21 c:/programas/nxp/lpcxpresso_8.2.0_647/lpcxpresso/tools/bin/../lib/gcc/arm-none-eabi/5.3.1/../../../../arm-none-eabi/lib/armv7-m\libcr_semihost.a(__sys_close.o)
 .ARM.attributes
                0x00000aad       0x21 c:/programas/nxp/lpcxpresso_8.2.0_647/lpcxpresso/tools/bin/../lib/gcc/arm-none-eabi/5.3.1/../../../../arm-none-eabi/lib/armv7-m\libcr_semihost.a(__sys_flen.o)
 .ARM.attributes
                0x00000ace       0x21 c:/programas/nxp/lpcxpresso_8.2.0_647/lpcxpresso/tools/bin/../lib/gcc/arm-none-eabi/5.3.1/../../../../arm-none-eabi/lib/armv7-m\libcr_semihost.a(__sys_istty.o)
 .ARM.attributes
                0x00000aef       0x21 c:/programas/nxp/lpcxpresso_8.2.0_647/lpcxpresso/tools/bin/../lib/gcc/arm-none-eabi/5.3.1/../../../../arm-none-eabi/lib/armv7-m\libcr_semihost.a(__sys_remove.o)
 .ARM.attributes
                0x00000b10       0x21 c:/programas/nxp/lpcxpresso_8.2.0_647/lpcxpresso/tools/bin/../lib/gcc/arm-none-eabi/5.3.1/../../../../arm-none-eabi/lib/armv7-m\libcr_semihost.a(__sys_seek.o)
 .ARM.attributes
                0x00000b31       0x21 c:/programas/nxp/lpcxpresso_8.2.0_647/lpcxpresso/tools/bin/../lib/gcc/arm-none-eabi/5.3.1/../../../../arm-none-eabi/lib/armv7-m\libcr_semihost.a(__sys_tmpnam.o)

.debug_frame    0x00000000     0x1b04
 .debug_frame   0x00000000       0xa0 ./Oled_inicializa.o
 .debug_frame   0x000000a0       0xb0 ./Sensor.o
 .debug_frame   0x00000150      0x120 ./cr_startup_lpc17.o
 .debug_frame   0x00000270      0x140 ./main.o
 .debug_frame   0x000003b0       0x64 C:\Users\Wanderson\Documents\Inatel\JavaScript\aaaaaaaaa\Lib_CMSISv1p30_LPC17xx\Debug\libCMSISv1p30_LPC17xx.a(system_LPC17xx.o)
 .debug_frame   0x00000414      0x24c C:\Users\Wanderson\Documents\Inatel\JavaScript\aaaaaaaaa\Lib_EaBaseBoard\Debug\libLib_EaBaseBoard.a(light.o)
 .debug_frame   0x00000660      0x244 C:\Users\Wanderson\Documents\Inatel\JavaScript\aaaaaaaaa\Lib_EaBaseBoard\Debug\libLib_EaBaseBoard.a(oled.o)
 .debug_frame   0x000008a4      0x344 C:\Users\Wanderson\Documents\Inatel\JavaScript\aaaaaaaaa\Lib_MCU\Debug\libLib_MCU.a(lpc17xx_gpio.o)
 .debug_frame   0x00000be8      0x35c C:\Users\Wanderson\Documents\Inatel\JavaScript\aaaaaaaaa\Lib_MCU\Debug\libLib_MCU.a(lpc17xx_i2c.o)
 .debug_frame   0x00000f44       0xfc C:\Users\Wanderson\Documents\Inatel\JavaScript\aaaaaaaaa\Lib_MCU\Debug\libLib_MCU.a(lpc17xx_pinsel.o)
 .debug_frame   0x00001040      0x2e0 C:\Users\Wanderson\Documents\Inatel\JavaScript\aaaaaaaaa\Lib_MCU\Debug\libLib_MCU.a(lpc17xx_ssp.o)
 .debug_frame   0x00001320      0x13c C:\Users\Wanderson\Documents\Inatel\JavaScript\aaaaaaaaa\Lib_MCU\Debug\libLib_MCU.a(lpc17xx_clkpwr.o)
 .debug_frame   0x0000145c       0xc0 C:\Users\Wanderson\Documents\Inatel\JavaScript\aaaaaaaaa\FreeRTOS_Library\Debug\libFreeRTOS_Library.a(port.o)
 .debug_frame   0x0000151c       0x48 C:\Users\Wanderson\Documents\Inatel\JavaScript\aaaaaaaaa\FreeRTOS_Library\Debug\libFreeRTOS_Library.a(basic_io.o)
 .debug_frame   0x00001564       0x28 C:\Users\Wanderson\Documents\Inatel\JavaScript\aaaaaaaaa\FreeRTOS_Library\Debug\libFreeRTOS_Library.a(consoleprint.o)
 .debug_frame   0x0000158c      0x1bc C:\Users\Wanderson\Documents\Inatel\JavaScript\aaaaaaaaa\FreeRTOS_Library\Debug\libFreeRTOS_Library.a(queue.o)
 .debug_frame   0x00001748      0x2e0 C:\Users\Wanderson\Documents\Inatel\JavaScript\aaaaaaaaa\FreeRTOS_Library\Debug\libFreeRTOS_Library.a(tasks.o)
 .debug_frame   0x00001a28       0x70 C:\Users\Wanderson\Documents\Inatel\JavaScript\aaaaaaaaa\FreeRTOS_Library\Debug\libFreeRTOS_Library.a(heap_2.o)
 .debug_frame   0x00001a98       0x6c C:\Users\Wanderson\Documents\Inatel\JavaScript\aaaaaaaaa\FreeRTOS_Library\Debug\libFreeRTOS_Library.a(list.o)

.debug_loc      0x00000000     0x1707
 .debug_loc     0x00000000       0x5f C:\Users\Wanderson\Documents\Inatel\JavaScript\aaaaaaaaa\FreeRTOS_Library\Debug\libFreeRTOS_Library.a(port.o)
 .debug_loc     0x0000005f       0x84 C:\Users\Wanderson\Documents\Inatel\JavaScript\aaaaaaaaa\FreeRTOS_Library\Debug\libFreeRTOS_Library.a(basic_io.o)
 .debug_loc     0x000000e3       0x3c C:\Users\Wanderson\Documents\Inatel\JavaScript\aaaaaaaaa\FreeRTOS_Library\Debug\libFreeRTOS_Library.a(consoleprint.o)
 .debug_loc     0x0000011f      0x796 C:\Users\Wanderson\Documents\Inatel\JavaScript\aaaaaaaaa\FreeRTOS_Library\Debug\libFreeRTOS_Library.a(queue.o)
 .debug_loc     0x000008b5      0xbab C:\Users\Wanderson\Documents\Inatel\JavaScript\aaaaaaaaa\FreeRTOS_Library\Debug\libFreeRTOS_Library.a(tasks.o)
 .debug_loc     0x00001460      0x263 C:\Users\Wanderson\Documents\Inatel\JavaScript\aaaaaaaaa\FreeRTOS_Library\Debug\libFreeRTOS_Library.a(heap_2.o)
 .debug_loc     0x000016c3       0x44 C:\Users\Wanderson\Documents\Inatel\JavaScript\aaaaaaaaa\FreeRTOS_Library\Debug\libFreeRTOS_Library.a(list.o)