20:50:07 **** Incremental Build of configuration Debug for project Lib_CMSISv1p30_LPC17xx ****
make -r all 
make: Nothing to be done for `all'.
20:50:09 **** Incremental Build of configuration Debug for project Lib_MCU ****
make -r all 
make: Nothing to be done for `all'.
20:50:12 **** Incremental Build of configuration Debug for project Lib_EaBaseBoard ****
make -r all 
make: Nothing to be done for `all'.
20:50:15 **** Incremental Build of configuration Debug for project EPC3 ****
make -r all 
Building file: ../src/main.c
Invoking: MCU C Compiler
arm-none-eabi-gcc -DDEBUG -D__USE_CMSIS=CMSISv1p30_LPC17xx -D__CODE_RED -D__NEWLIB__ -I"C:\Users\Wanderson\Documents\GitHub\projetosProjetistas\Lib_CMSISv1p30_LPC17xx\inc" -I"C:\Users\Wanderson\Documents\GitHub\projetosProjetistas\Lib_EaBaseBoard\inc" -I"C:\Users\Wanderson\Documents\GitHub\projetosProjetistas\Lib_MCU\inc" -O0 -g3 -Wall -c -fmessage-length=0 -fno-builtin -ffunction-sections -mcpu=cortex-m3 -mthumb -D__NEWLIB__ -MMD -MP -MF"src/main.d" -MT"src/main.o" -MT"src/main.d" -o "src/main.o" "../src/main.c"
../src/main.c:86:17: warning: 'getTicks' defined but not used [-Wunused-function]
 static uint32_t getTicks(void)
                 ^
../src/main.c:91:13: warning: 'init_ssp' defined but not used [-Wunused-function]
 static void init_ssp(void)
             ^
Finished building: ../src/main.c
 
Building target: EPC3.axf
Invoking: MCU Linker
arm-none-eabi-gcc -nostdlib -L"C:\Users\Wanderson\Documents\GitHub\projetosProjetistas\Lib_CMSISv1p30_LPC17xx\Debug" -L"C:\Users\Wanderson\Documents\GitHub\projetosProjetistas\Lib_EaBaseBoard\Debug" -L"C:\Users\Wanderson\Documents\GitHub\projetosProjetistas\Lib_MCU\Debug" -Xlinker --gc-sections -Xlinker -Map=EPC3.map -mcpu=cortex-m3 -mthumb -T "EPC3_Debug.ld" -o "EPC3.axf"  ./src/Sensor.o ./src/cr_startup_lpc17.o ./src/main.o   -lCMSISv1p30_LPC17xx -lLib_EaBaseBoard -lLib_MCU
Finished building target: EPC3.axf
 
make --no-print-directory post-build
Performing post-build steps
arm-none-eabi-size EPC3.axf; # arm-none-eabi-objdump -h -S EPC3.axf >EPC3.lss
   text	   data	    bss	    dec	    hex	filename
  12888	     16	    852	  13756	   35bc	EPC3.axf
 
20:50:32 **** Incremental Build of configuration Debug for project Lib_CMSISv1p30_LPC17xx ****
make -r all 
make: Nothing to be done for `all'.
20:50:35 **** Incremental Build of configuration Debug for project Lib_MCU ****
make -r all 
make: Nothing to be done for `all'.
20:50:37 **** Incremental Build of configuration Debug for project Lib_EaBaseBoard ****
make -r all 
make: Nothing to be done for `all'.
20:50:40 **** Incremental Build of configuration Debug for project EPC3 ****
make -r all 
make: Nothing to be done for `all'.
20:50:44 **** Incremental Build of configuration Debug for project EPC3 ****
make -r all 
make: Nothing to be done for `all'.
